[ 2026-05-25 22:06:58,348 ] root - INFO - \U0001f680 Starting Crypto ML Pipeline...
[ 2026-05-25 22:06:58,349 ] root - INFO - Pipeline started
[ 2026-05-25 22:06:58,349 ] root - INFO - Starting data ingestion
[ 2026-05-25 22:06:58,349 ] root - INFO - Entered initiate_data_ingestion method of Data_Ingestion class
[ 2026-05-25 22:06:58,349 ] root - INFO - Reading data from CSV file
[ 2026-05-25 22:06:58,594 ] root - INFO - Saving data into feature store path: C:\Users\DELL\OneDrive\Desktop\crypto_ml_pr\artifact\05_25_2026_22_06_58\data_ingestion\feature_store\covtype.csv
[ 2026-05-25 22:06:59,587 ] root - INFO - Shape of dataframe: (72946, 10)
[ 2026-05-25 22:06:59,588 ] root - INFO - Exported data into feature store
[ 2026-05-25 22:06:59,588 ] root - INFO - Entered split_data_as_train_test method of Data_Ingestion class
[ 2026-05-25 22:06:59,627 ] root - INFO - Performed train test split on the dataframe
[ 2026-05-25 22:06:59,627 ] root - INFO - Exited split_data_as_train_test method of Data_Ingestion class
[ 2026-05-25 22:06:59,629 ] root - INFO - Exporting train and test file path.
[ 2026-05-25 22:07:00,960 ] root - INFO - Exported train and test file path.
[ 2026-05-25 22:07:00,962 ] root - INFO - Performed train test split on the dataset
[ 2026-05-25 22:07:00,962 ] root - INFO - Exited initiate_data_ingestion method of Data_Ingestion class
[ 2026-05-25 22:07:00,962 ] root - INFO - Data ingestion artifact: DataIngestionArtifact(trained_file_path='C:\\Users\\DELL\\OneDrive\\Desktop\\crypto_ml_pr\\artifact\\05_25_2026_22_06_58\\data_ingestion\\ingested\\train.csv', test_file_path='C:\\Users\\DELL\\OneDrive\\Desktop\\crypto_ml_pr\\artifact\\05_25_2026_22_06_58\\data_ingestion\\ingested\\test.csv')
[ 2026-05-25 22:07:00,966 ] root - INFO - Entered initiate_data_validation method of Data_Validation class
[ 2026-05-25 22:07:00,967 ] root - INFO - Starting data validation
[ 2026-05-25 22:07:01,393 ] root - INFO - Is required column present: [False]
[ 2026-05-25 22:07:01,393 ] root - INFO - Is required column present: [False]
[ 2026-05-25 22:07:01,393 ] root - INFO - All required columns present in testing dataframe: False
[ 2026-05-25 22:07:01,393 ] root - INFO - Missing numerical column: []
[ 2026-05-25 22:07:01,393 ] root - INFO - Missing numerical column: []
[ 2026-05-25 22:07:01,393 ] root - INFO - Validation_error: Columns are missing in training dataframe.Columns are missing in test dataframe.
[ 2026-05-25 22:07:01,394 ] root - INFO - Data validation artifact: DataValidationArtifact(validation_status=False, valid_train_file_path='C:\\Users\\DELL\\OneDrive\\Desktop\\crypto_ml_pr\\artifact\\05_25_2026_22_06_58\\data_ingestion\\ingested\\train.csv', valid_test_file_path='C:\\Users\\DELL\\OneDrive\\Desktop\\crypto_ml_pr\\artifact\\05_25_2026_22_06_58\\data_ingestion\\ingested\\test.csv', invalid_train_file_path='C:\\Users\\DELL\\OneDrive\\Desktop\\crypto_ml_pr\\artifact\\05_25_2026_22_06_58\\data_validation\\invalid\\train.csv', invalid_test_file_path='C:\\Users\\DELL\\OneDrive\\Desktop\\crypto_ml_pr\\artifact\\05_25_2026_22_06_58\\data_validation\\invalid\\test.csv', drift_report_file_path='C:\\Users\\DELL\\OneDrive\\Desktop\\crypto_ml_pr\\artifact\\05_25_2026_22_06_58\\data_validation\\drift_report\\report.yaml')
[ 2026-05-25 22:07:01,396 ] root - INFO - Starting data transformation
[ 2026-05-25 22:07:01,638 ] root - INFO - Cleaning dataframe (dropping unwanted columns)
[ 2026-05-25 22:07:01,641 ] root - INFO - Cleaning dataframe (dropping unwanted columns)
[ 2026-05-25 22:07:01,645 ] root - INFO - Loading schema file
[ 2026-05-25 22:07:01,648 ] root - INFO - Numerical features: ['open', 'high', 'low', 'volume', 'marketCap']
[ 2026-05-25 22:07:01,648 ] root - INFO - Categorical features: []
[ 2026-05-25 22:07:01,718 ] root - INFO - Entered the save_object method of MainUtils class
[ 2026-05-25 22:07:01,725 ] root - INFO - Exited the save_object method of MainUtils class
[ 2026-05-25 22:07:01,730 ] root - INFO - Data transformation completed successfully
[ 2026-05-25 22:07:01,732 ] root - INFO - Loading training and testing data
[ 2026-05-25 22:07:01,796 ] root - INFO - Entered the load_object method of MainUtils class
[ 2026-05-25 22:07:01,867 ] root - INFO - Exited the load_object method of MainUtils class
[ 2026-05-25 22:07:01,867 ] root - INFO - Entered the save_object method of MainUtils class
[ 2026-05-25 22:07:01,871 ] root - INFO - Exited the save_object method of MainUtils class
[ 2026-05-25 22:07:01,871 ] root - INFO - Loading test data
[ 2026-05-25 22:07:01,872 ] root - INFO - Loading trained model
[ 2026-05-25 22:07:01,872 ] root - INFO - Entered the load_object method of MainUtils class
[ 2026-05-25 22:07:01,897 ] root - INFO - Exited the load_object method of MainUtils class
[ 2026-05-25 22:07:01,899 ] root - INFO - R2 Score: 0.9990759685245472
[ 2026-05-25 22:07:01,899 ] root - INFO - Entered initiate_model_pusher method of ModelTrainer class
[ 2026-05-25 22:07:01,899 ] root - INFO - Uploading artifacts folder to s3 bucket
[ 2026-05-25 22:07:01,901 ] root - INFO - Uploaded artifacts folder to s3 bucket
[ 2026-05-25 22:07:01,902 ] root - INFO - Model pusher artifact: [ModelPusherArtifact(bucket_name='tushar-crypto-ml-project-2026', s3_model_path='model-registry\\model.pkl')]
[ 2026-05-25 22:07:01,902 ] root - INFO - Exited initiate_model_pusher method of ModelTrainer class
[ 2026-05-25 22:07:01,902 ] root - INFO - Pipeline completed successfully
[ 2026-05-25 22:07:01,902 ] root - INFO - \u2705 Pipeline Completed Successfully
