[ 2026-05-25 21:58:03,353 ] root - INFO - \U0001f680 Starting Crypto ML Pipeline...
[ 2026-05-25 21:58:03,354 ] root - INFO - Pipeline started
[ 2026-05-25 21:58:03,355 ] root - INFO - Starting data ingestion
[ 2026-05-25 21:58:03,355 ] root - INFO - Entered initiate_data_ingestion method of Data_Ingestion class
[ 2026-05-25 21:58:03,355 ] root - INFO - Reading data from CSV file
[ 2026-05-25 21:58:03,762 ] root - INFO - Saving data into feature store path: C:\Users\DELL\OneDrive\Desktop\crypto_ml_pr\artifact\05_25_2026_21_58_03\data_ingestion\feature_store\covtype.csv
[ 2026-05-25 21:58:04,909 ] root - INFO - Shape of dataframe: (72946, 10)
[ 2026-05-25 21:58:04,910 ] root - INFO - Exported data into feature store
[ 2026-05-25 21:58:04,910 ] root - INFO - Entered split_data_as_train_test method of Data_Ingestion class
[ 2026-05-25 21:58:04,930 ] root - INFO - Performed train test split on the dataframe
[ 2026-05-25 21:58:04,930 ] root - INFO - Exited split_data_as_train_test method of Data_Ingestion class
[ 2026-05-25 21:58:04,930 ] root - INFO - Exporting train and test file path.
[ 2026-05-25 21:58:05,846 ] root - INFO - Exported train and test file path.
[ 2026-05-25 21:58:05,847 ] root - INFO - Performed train test split on the dataset
[ 2026-05-25 21:58:05,848 ] root - INFO - Exited initiate_data_ingestion method of Data_Ingestion class
[ 2026-05-25 21:58:05,848 ] root - INFO - Data ingestion artifact: DataIngestionArtifact(trained_file_path='C:\\Users\\DELL\\OneDrive\\Desktop\\crypto_ml_pr\\artifact\\05_25_2026_21_58_03\\data_ingestion\\ingested\\train.csv', test_file_path='C:\\Users\\DELL\\OneDrive\\Desktop\\crypto_ml_pr\\artifact\\05_25_2026_21_58_03\\data_ingestion\\ingested\\test.csv')
[ 2026-05-25 21:58:05,854 ] root - INFO - Entered initiate_data_validation method of Data_Validation class
[ 2026-05-25 21:58:05,854 ] root - INFO - Starting data validation
[ 2026-05-25 21:58:06,165 ] root - INFO - Is required column present: [False]
[ 2026-05-25 21:58:06,166 ] root - INFO - Is required column present: [False]
[ 2026-05-25 21:58:06,166 ] root - INFO - All required columns present in testing dataframe: False
[ 2026-05-25 21:58:06,166 ] root - INFO - Missing numerical column: []
[ 2026-05-25 21:58:06,166 ] root - INFO - Missing numerical column: []
[ 2026-05-25 21:58:06,166 ] root - INFO - Validation_error: Columns are missing in training dataframe.Columns are missing in test dataframe.
[ 2026-05-25 21:58:06,166 ] root - INFO - Data validation artifact: DataValidationArtifact(validation_status=False, valid_train_file_path='C:\\Users\\DELL\\OneDrive\\Desktop\\crypto_ml_pr\\artifact\\05_25_2026_21_58_03\\data_ingestion\\ingested\\train.csv', valid_test_file_path='C:\\Users\\DELL\\OneDrive\\Desktop\\crypto_ml_pr\\artifact\\05_25_2026_21_58_03\\data_ingestion\\ingested\\test.csv', invalid_train_file_path='C:\\Users\\DELL\\OneDrive\\Desktop\\crypto_ml_pr\\artifact\\05_25_2026_21_58_03\\data_validation\\invalid\\train.csv', invalid_test_file_path='C:\\Users\\DELL\\OneDrive\\Desktop\\crypto_ml_pr\\artifact\\05_25_2026_21_58_03\\data_validation\\invalid\\test.csv', drift_report_file_path='C:\\Users\\DELL\\OneDrive\\Desktop\\crypto_ml_pr\\artifact\\05_25_2026_21_58_03\\data_validation\\drift_report\\report.yaml')
[ 2026-05-25 21:58:06,168 ] root - INFO - Starting data transformation
[ 2026-05-25 21:58:06,422 ] root - INFO - Cleaning dataframe (dropping unwanted columns)
[ 2026-05-25 21:58:06,425 ] root - INFO - Cleaning dataframe (dropping unwanted columns)
[ 2026-05-25 21:58:06,433 ] root - INFO - Loading schema file
[ 2026-05-25 21:58:06,437 ] root - INFO - Numerical features: ['open', 'high', 'low', 'volume', 'marketCap']
[ 2026-05-25 21:58:06,437 ] root - INFO - Categorical features: []
[ 2026-05-25 21:58:06,513 ] root - INFO - Entered the save_object method of MainUtils class
[ 2026-05-25 21:58:06,520 ] root - INFO - Exited the save_object method of MainUtils class
[ 2026-05-25 21:58:06,525 ] root - INFO - Data transformation completed successfully
[ 2026-05-25 21:58:06,527 ] root - INFO - Loading training and testing data
[ 2026-05-25 21:58:06,590 ] root - INFO - Entered the load_object method of MainUtils class
[ 2026-05-25 21:58:06,657 ] root - INFO - Exited the load_object method of MainUtils class
[ 2026-05-25 21:58:06,657 ] root - INFO - Entered the save_object method of MainUtils class
[ 2026-05-25 21:58:06,664 ] root - INFO - Exited the save_object method of MainUtils class
[ 2026-05-25 21:58:06,664 ] root - INFO - Loading test data
[ 2026-05-25 21:58:06,665 ] root - INFO - Loading trained model
[ 2026-05-25 21:58:06,666 ] root - INFO - Entered the load_object method of MainUtils class
[ 2026-05-25 21:58:06,691 ] root - INFO - Exited the load_object method of MainUtils class
[ 2026-05-25 21:58:06,692 ] root - INFO - R2 Score: 0.9993525526113483
[ 2026-05-25 21:58:06,692 ] root - INFO - Entered initiate_model_pusher method of ModelTrainer class
[ 2026-05-25 21:58:06,692 ] root - INFO - Uploading artifacts folder to s3 bucket
