[ 2026-05-25 13:55:53,994 ] root - INFO - Entered the run_pipeline method of TrainPipeline class
[ 2026-05-25 13:55:53,996 ] root - INFO - Entered the start_data_ingestion method of TrainPipeline class
[ 2026-05-25 13:55:53,996 ] root - INFO - Entered the start_data_ingestion method of TrainPipeline class
[ 2026-05-25 13:55:53,996 ] root - INFO - Getting the data from mongodb
[ 2026-05-25 13:55:53,996 ] root - INFO - Entered initiate_data_ingestion method of Data_Ingestion class
[ 2026-05-25 13:55:53,997 ] root - INFO - Reading data from CSV file
[ 2026-05-25 13:55:54,985 ] root - INFO - Saving data into feature store path: C:\Users\DELL\OneDrive\Desktop\crypto_ml_pr\artifact\05_25_2026_13_55_53\data_ingestion\feature_store\covtype.csv
[ 2026-05-25 13:55:58,723 ] root - INFO - Shape of dataframe: (72946, 10)
[ 2026-05-25 13:55:58,723 ] root - INFO - Exported data into feature store
[ 2026-05-25 13:55:58,724 ] root - INFO - Entered split_data_as_train_test method of Data_Ingestion class
[ 2026-05-25 13:55:58,765 ] root - INFO - Performed train test split on the dataframe
[ 2026-05-25 13:55:58,765 ] root - INFO - Exited split_data_as_train_test method of Data_Ingestion class
[ 2026-05-25 13:55:58,767 ] root - INFO - Exporting train and test file path.
[ 2026-05-25 13:56:02,542 ] root - INFO - Exported train and test file path.
[ 2026-05-25 13:56:02,544 ] root - INFO - Performed train test split on the dataset
[ 2026-05-25 13:56:02,544 ] root - INFO - Exited initiate_data_ingestion method of Data_Ingestion class
[ 2026-05-25 13:56:02,545 ] root - INFO - Data ingestion artifact: DataIngestionArtifact(trained_file_path='C:\\Users\\DELL\\OneDrive\\Desktop\\crypto_ml_pr\\artifact\\05_25_2026_13_55_53\\data_ingestion\\ingested\\train.csv', test_file_path='C:\\Users\\DELL\\OneDrive\\Desktop\\crypto_ml_pr\\artifact\\05_25_2026_13_55_53\\data_ingestion\\ingested\\test.csv')
[ 2026-05-25 13:56:02,548 ] root - INFO - Got the train_set and test_set from mongodb
[ 2026-05-25 13:56:02,548 ] root - INFO - Exited the start_data_ingestion method of TrainPipeline class
[ 2026-05-25 13:56:02,549 ] root - INFO - Entered the start_data_validation method of TrainPipeline class
[ 2026-05-25 13:56:02,578 ] root - INFO - Entered initiate_data_validation method of Data_Validation class
[ 2026-05-25 13:56:02,579 ] root - INFO - Starting data validation
[ 2026-05-25 13:56:03,706 ] root - INFO - Is required column present: [False]
[ 2026-05-25 13:56:03,706 ] root - INFO - Is required column present: [False]
[ 2026-05-25 13:56:03,706 ] root - INFO - All required columns present in testing dataframe: False
[ 2026-05-25 13:56:03,707 ] root - INFO - Missing numerical column: []
[ 2026-05-25 13:56:03,707 ] root - INFO - Missing numerical column: []
[ 2026-05-25 13:56:03,707 ] root - INFO - Validation_error: Columns are missing in training dataframe.Columns are missing in test dataframe.
[ 2026-05-25 13:56:03,709 ] root - INFO - Data validation artifact: DataValidationArtifact(validation_status=False, valid_train_file_path='C:\\Users\\DELL\\OneDrive\\Desktop\\crypto_ml_pr\\artifact\\05_25_2026_13_55_53\\data_ingestion\\ingested\\train.csv', valid_test_file_path='C:\\Users\\DELL\\OneDrive\\Desktop\\crypto_ml_pr\\artifact\\05_25_2026_13_55_53\\data_ingestion\\ingested\\test.csv', invalid_train_file_path='C:\\Users\\DELL\\OneDrive\\Desktop\\crypto_ml_pr\\artifact\\05_25_2026_13_55_53\\data_validation\\invalid\\train.csv', invalid_test_file_path='C:\\Users\\DELL\\OneDrive\\Desktop\\crypto_ml_pr\\artifact\\05_25_2026_13_55_53\\data_validation\\invalid\\test.csv', drift_report_file_path='C:\\Users\\DELL\\OneDrive\\Desktop\\crypto_ml_pr\\artifact\\05_25_2026_13_55_53\\data_validation\\drift_report\\report.yaml')
[ 2026-05-25 13:56:03,711 ] root - INFO - Performed the data validation operation
[ 2026-05-25 13:56:03,712 ] root - INFO - Exited the start_data_validation method of TrainPipeline class
[ 2026-05-25 13:56:03,712 ] root - INFO - Entered initiate_data_transformation method of Data_Transformation class
[ 2026-05-25 13:56:03,713 ] root - INFO - Starting data transformation
[ 2026-05-25 13:56:03,713 ] root - INFO - Entered get_data_transformer_object method of DataTransformation class
[ 2026-05-25 13:56:03,713 ] root - INFO - Got numerical, categorical, transformation columns from schema config
[ 2026-05-25 13:56:03,717 ] root - INFO - Created preprocessor object from ColumnTransformer
[ 2026-05-25 13:56:03,717 ] root - INFO - Exited get_data_transformer_object method of DataTransformation class
[ 2026-05-25 13:56:03,726 ] root - INFO - Created preprocessor object from ColumnTransformer
[ 2026-05-25 13:56:03,726 ] root - INFO - Exited get_data_transformer_object method of DataTransformation class
[ 2026-05-25 13:56:03,726 ] root - INFO - Got the preprocessor object
[ 2026-05-25 13:56:04,483 ] root - INFO - Got train features and test features of Training dataset
[ 2026-05-25 13:56:04,485 ] root - INFO - Got train features and test features of Testing dataset
[ 2026-05-25 13:56:04,486 ] root - INFO - Applying preprocessing object on training dataframe and testing dataframe
[ 2026-05-25 13:56:04,711 ] root - INFO - Used the preprocessor object to fit transform the train features
[ 2026-05-25 13:56:04,725 ] root - INFO - Used the preprocessor object to transform the test features
[ 2026-05-25 13:56:04,729 ] root - INFO - Entered the save_object method of MainUtils class
[ 2026-05-25 13:56:04,764 ] root - INFO - Exited the save_object method of MainUtils class
[ 2026-05-25 13:56:04,783 ] root - INFO - Saved the preprocessor object
[ 2026-05-25 13:56:04,784 ] root - INFO - Exited initiate_data_transformation method of Data_Transformation class
[ 2026-05-25 13:56:04,790 ] root - INFO - Starting model training
[ 2026-05-25 13:56:04,906 ] root - INFO - x_train shape: (58356, 5)
[ 2026-05-25 13:56:04,906 ] root - INFO - x_test shape: (14590, 5)
[ 2026-05-25 13:56:04,908 ] root - INFO - Training model...
[ 2026-05-25 13:56:05,143 ] root - INFO - Model training completed
[ 2026-05-25 13:56:05,164 ] root - INFO - R2 Score: 0.9993863228387979
[ 2026-05-25 13:56:05,165 ] root - INFO - Entered the load_object method of MainUtils class
[ 2026-05-25 13:56:05,300 ] root - INFO - Exited the load_object method of MainUtils class
[ 2026-05-25 13:56:05,300 ] root - INFO - Entered the save_object method of MainUtils class
[ 2026-05-25 13:56:05,321 ] root - INFO - Exited the save_object method of MainUtils class
[ 2026-05-25 13:56:05,322 ] root - INFO - Model saved successfully
[ 2026-05-25 13:56:05,510 ] root - INFO - Entered the load_object method of MainUtils class
[ 2026-05-25 13:56:05,591 ] root - INFO - Exited the load_object method of MainUtils class
[ 2026-05-25 13:56:05,606 ] root - INFO - Entered predict method of SensorTruckModel class
[ 2026-05-25 13:56:05,609 ] root - INFO - Using the trained model to get predictions
[ 2026-05-25 13:56:05,693 ] root - INFO - Used the trained model to get predictions
