[ 2026-05-25 14:10:14,152 ] root - INFO - Pipeline started
[ 2026-05-25 14:10:14,153 ] root - INFO - Starting data ingestion
[ 2026-05-25 14:10:14,153 ] root - INFO - Entered initiate_data_ingestion method of Data_Ingestion class
[ 2026-05-25 14:10:14,153 ] root - INFO - Reading data from CSV file
[ 2026-05-25 14:10:14,550 ] root - INFO - Saving data into feature store path: C:\Users\DELL\OneDrive\Desktop\crypto_ml_pr\artifact\05_25_2026_14_10_14\data_ingestion\feature_store\covtype.csv
[ 2026-05-25 14:10:16,096 ] root - INFO - Shape of dataframe: (72946, 10)
[ 2026-05-25 14:10:16,096 ] root - INFO - Exported data into feature store
[ 2026-05-25 14:10:16,097 ] root - INFO - Entered split_data_as_train_test method of Data_Ingestion class
[ 2026-05-25 14:10:16,126 ] root - INFO - Performed train test split on the dataframe
[ 2026-05-25 14:10:16,126 ] root - INFO - Exited split_data_as_train_test method of Data_Ingestion class
[ 2026-05-25 14:10:16,132 ] root - INFO - Exporting train and test file path.
[ 2026-05-25 14:10:17,196 ] root - INFO - Exported train and test file path.
[ 2026-05-25 14:10:17,198 ] root - INFO - Performed train test split on the dataset
[ 2026-05-25 14:10:17,198 ] root - INFO - Exited initiate_data_ingestion method of Data_Ingestion class
[ 2026-05-25 14:10:17,198 ] root - INFO - Data ingestion artifact: DataIngestionArtifact(trained_file_path='C:\\Users\\DELL\\OneDrive\\Desktop\\crypto_ml_pr\\artifact\\05_25_2026_14_10_14\\data_ingestion\\ingested\\train.csv', test_file_path='C:\\Users\\DELL\\OneDrive\\Desktop\\crypto_ml_pr\\artifact\\05_25_2026_14_10_14\\data_ingestion\\ingested\\test.csv')
[ 2026-05-25 14:10:17,204 ] root - INFO - Entered initiate_data_validation method of Data_Validation class
[ 2026-05-25 14:10:17,204 ] root - INFO - Starting data validation
[ 2026-05-25 14:10:17,901 ] root - INFO - Is required column present: [False]
[ 2026-05-25 14:10:17,901 ] root - INFO - Is required column present: [False]
[ 2026-05-25 14:10:17,901 ] root - INFO - All required columns present in testing dataframe: False
[ 2026-05-25 14:10:17,902 ] root - INFO - Missing numerical column: []
[ 2026-05-25 14:10:17,902 ] root - INFO - Missing numerical column: []
[ 2026-05-25 14:10:17,902 ] root - INFO - Validation_error: Columns are missing in training dataframe.Columns are missing in test dataframe.
[ 2026-05-25 14:10:17,902 ] root - INFO - Data validation artifact: DataValidationArtifact(validation_status=False, valid_train_file_path='C:\\Users\\DELL\\OneDrive\\Desktop\\crypto_ml_pr\\artifact\\05_25_2026_14_10_14\\data_ingestion\\ingested\\train.csv', valid_test_file_path='C:\\Users\\DELL\\OneDrive\\Desktop\\crypto_ml_pr\\artifact\\05_25_2026_14_10_14\\data_ingestion\\ingested\\test.csv', invalid_train_file_path='C:\\Users\\DELL\\OneDrive\\Desktop\\crypto_ml_pr\\artifact\\05_25_2026_14_10_14\\data_validation\\invalid\\train.csv', invalid_test_file_path='C:\\Users\\DELL\\OneDrive\\Desktop\\crypto_ml_pr\\artifact\\05_25_2026_14_10_14\\data_validation\\invalid\\test.csv', drift_report_file_path='C:\\Users\\DELL\\OneDrive\\Desktop\\crypto_ml_pr\\artifact\\05_25_2026_14_10_14\\data_validation\\drift_report\\report.yaml')
[ 2026-05-25 14:10:17,905 ] root - INFO - Entered initiate_data_transformation method of Data_Transformation class
[ 2026-05-25 14:10:17,905 ] root - INFO - Starting data transformation
[ 2026-05-25 14:10:17,905 ] root - INFO - Entered get_data_transformer_object method of DataTransformation class
[ 2026-05-25 14:10:17,906 ] root - INFO - Got numerical, categorical, transformation columns from schema config
[ 2026-05-25 14:10:17,912 ] root - INFO - Created preprocessor object from ColumnTransformer
[ 2026-05-25 14:10:17,912 ] root - INFO - Exited get_data_transformer_object method of DataTransformation class
[ 2026-05-25 14:10:17,912 ] root - INFO - Created preprocessor object from ColumnTransformer
[ 2026-05-25 14:10:17,912 ] root - INFO - Exited get_data_transformer_object method of DataTransformation class
[ 2026-05-25 14:10:17,912 ] root - INFO - Got the preprocessor object
[ 2026-05-25 14:10:18,156 ] root - INFO - Got train features and test features of Training dataset
[ 2026-05-25 14:10:18,159 ] root - INFO - Got train features and test features of Testing dataset
[ 2026-05-25 14:10:18,159 ] root - INFO - Applying preprocessing object on training dataframe and testing dataframe
[ 2026-05-25 14:10:18,242 ] root - INFO - Used the preprocessor object to fit transform the train features
[ 2026-05-25 14:10:18,250 ] root - INFO - Used the preprocessor object to transform the test features
[ 2026-05-25 14:10:18,253 ] root - INFO - Entered the save_object method of MainUtils class
[ 2026-05-25 14:10:18,263 ] root - INFO - Exited the save_object method of MainUtils class
[ 2026-05-25 14:10:18,272 ] root - INFO - Saved the preprocessor object
[ 2026-05-25 14:10:18,272 ] root - INFO - Exited initiate_data_transformation method of Data_Transformation class
[ 2026-05-25 14:10:18,279 ] root - INFO - Starting model training
[ 2026-05-25 14:10:18,351 ] root - INFO - x_train shape: (58356, 5)
[ 2026-05-25 14:10:18,351 ] root - INFO - x_test shape: (14590, 5)
[ 2026-05-25 14:10:18,351 ] root - INFO - Training model...
[ 2026-05-25 14:10:18,415 ] root - INFO - Model training completed
[ 2026-05-25 14:10:18,418 ] root - INFO - R2 Score: 0.9948423426243687
[ 2026-05-25 14:10:18,418 ] root - INFO - Entered the load_object method of MainUtils class
[ 2026-05-25 14:10:18,534 ] root - INFO - Exited the load_object method of MainUtils class
[ 2026-05-25 14:10:18,535 ] root - INFO - Entered the save_object method of MainUtils class
[ 2026-05-25 14:10:18,547 ] root - INFO - Exited the save_object method of MainUtils class
[ 2026-05-25 14:10:18,547 ] root - INFO - Model saved successfully
[ 2026-05-25 14:10:18,548 ] root - INFO - Starting model evaluation
[ 2026-05-25 14:10:18,549 ] root - INFO - Entered the load_object method of MainUtils class
[ 2026-05-25 14:10:18,604 ] root - INFO - Exited the load_object method of MainUtils class
[ 2026-05-25 14:10:18,604 ] root - INFO - Entered predict method of SensorTruckModel class
[ 2026-05-25 14:10:18,604 ] root - INFO - Using the trained model to get predictions
