[ 2026-05-25 18:05:22,737 ] root - INFO - \U0001f680 Starting Crypto ML Pipeline...
[ 2026-05-25 18:05:22,738 ] root - INFO - Pipeline started
[ 2026-05-25 18:05:22,738 ] root - INFO - Starting data ingestion
[ 2026-05-25 18:05:22,738 ] root - INFO - Entered initiate_data_ingestion method of Data_Ingestion class
[ 2026-05-25 18:05:22,739 ] root - INFO - Reading data from CSV file
[ 2026-05-25 18:05:23,243 ] root - INFO - Saving data into feature store path: C:\Users\DELL\OneDrive\Desktop\crypto_ml_pr\artifact\05_25_2026_18_05_22\data_ingestion\feature_store\covtype.csv
[ 2026-05-25 18:05:24,763 ] root - INFO - Shape of dataframe: (72946, 10)
[ 2026-05-25 18:05:24,763 ] root - INFO - Exported data into feature store
[ 2026-05-25 18:05:24,763 ] root - INFO - Entered split_data_as_train_test method of Data_Ingestion class
[ 2026-05-25 18:05:24,785 ] root - INFO - Performed train test split on the dataframe
[ 2026-05-25 18:05:24,785 ] root - INFO - Exited split_data_as_train_test method of Data_Ingestion class
[ 2026-05-25 18:05:24,786 ] root - INFO - Exporting train and test file path.
[ 2026-05-25 18:05:26,410 ] root - INFO - Exported train and test file path.
[ 2026-05-25 18:05:26,414 ] root - INFO - Performed train test split on the dataset
[ 2026-05-25 18:05:26,414 ] root - INFO - Exited initiate_data_ingestion method of Data_Ingestion class
[ 2026-05-25 18:05:26,414 ] root - INFO - Data ingestion artifact: DataIngestionArtifact(trained_file_path='C:\\Users\\DELL\\OneDrive\\Desktop\\crypto_ml_pr\\artifact\\05_25_2026_18_05_22\\data_ingestion\\ingested\\train.csv', test_file_path='C:\\Users\\DELL\\OneDrive\\Desktop\\crypto_ml_pr\\artifact\\05_25_2026_18_05_22\\data_ingestion\\ingested\\test.csv')
[ 2026-05-25 18:05:26,427 ] root - INFO - Entered initiate_data_validation method of Data_Validation class
[ 2026-05-25 18:05:26,427 ] root - INFO - Starting data validation
[ 2026-05-25 18:05:26,850 ] root - INFO - Is required column present: [False]
[ 2026-05-25 18:05:26,850 ] root - INFO - Is required column present: [False]
[ 2026-05-25 18:05:26,851 ] root - INFO - All required columns present in testing dataframe: False
[ 2026-05-25 18:05:26,851 ] root - INFO - Missing numerical column: []
[ 2026-05-25 18:05:26,851 ] root - INFO - Missing numerical column: []
[ 2026-05-25 18:05:26,851 ] root - INFO - Validation_error: Columns are missing in training dataframe.Columns are missing in test dataframe.
[ 2026-05-25 18:05:26,852 ] root - INFO - Data validation artifact: DataValidationArtifact(validation_status=False, valid_train_file_path='C:\\Users\\DELL\\OneDrive\\Desktop\\crypto_ml_pr\\artifact\\05_25_2026_18_05_22\\data_ingestion\\ingested\\train.csv', valid_test_file_path='C:\\Users\\DELL\\OneDrive\\Desktop\\crypto_ml_pr\\artifact\\05_25_2026_18_05_22\\data_ingestion\\ingested\\test.csv', invalid_train_file_path='C:\\Users\\DELL\\OneDrive\\Desktop\\crypto_ml_pr\\artifact\\05_25_2026_18_05_22\\data_validation\\invalid\\train.csv', invalid_test_file_path='C:\\Users\\DELL\\OneDrive\\Desktop\\crypto_ml_pr\\artifact\\05_25_2026_18_05_22\\data_validation\\invalid\\test.csv', drift_report_file_path='C:\\Users\\DELL\\OneDrive\\Desktop\\crypto_ml_pr\\artifact\\05_25_2026_18_05_22\\data_validation\\drift_report\\report.yaml')
[ 2026-05-25 18:05:26,855 ] root - INFO - Starting data transformation
[ 2026-05-25 18:05:27,188 ] root - INFO - Cleaning dataframe (dropping unwanted columns)
[ 2026-05-25 18:05:27,191 ] root - INFO - Cleaning dataframe (dropping unwanted columns)
[ 2026-05-25 18:05:27,197 ] root - INFO - Loading schema file
[ 2026-05-25 18:05:27,199 ] root - INFO - Numerical features: ['open', 'high', 'low', 'volume', 'marketCap']
[ 2026-05-25 18:05:27,200 ] root - INFO - Categorical features: []
[ 2026-05-25 18:05:27,280 ] root - INFO - Entered the save_object method of MainUtils class
[ 2026-05-25 18:05:27,288 ] root - INFO - Exited the save_object method of MainUtils class
[ 2026-05-25 18:05:27,295 ] root - INFO - Data transformation completed successfully
[ 2026-05-25 18:05:27,298 ] root - INFO - Loading training and testing data
[ 2026-05-25 18:05:27,386 ] root - INFO - Entered the load_object method of MainUtils class
[ 2026-05-25 18:05:27,453 ] root - INFO - Exited the load_object method of MainUtils class
[ 2026-05-25 18:05:27,453 ] root - INFO - Entered the save_object method of MainUtils class
[ 2026-05-25 18:05:27,462 ] root - INFO - Exited the save_object method of MainUtils class
[ 2026-05-25 18:05:27,463 ] root - INFO - Loading test data
[ 2026-05-25 18:05:27,464 ] root - INFO - Loading trained model
[ 2026-05-25 18:05:27,464 ] root - INFO - Entered the load_object method of MainUtils class
[ 2026-05-25 18:05:27,506 ] root - INFO - Exited the load_object method of MainUtils class
[ 2026-05-25 18:05:27,508 ] root - INFO - R2 Score: 0.9992876892957068
[ 2026-05-25 18:05:27,511 ] botocore.hooks - DEBUG - Changing event name from creating-client-class.iot-data to creating-client-class.iot-data-plane
[ 2026-05-25 18:05:27,518 ] botocore.hooks - DEBUG - Changing event name from before-call.apigateway to before-call.api-gateway
[ 2026-05-25 18:05:27,520 ] botocore.hooks - DEBUG - Changing event name from request-created.machinelearning.Predict to request-created.machine-learning.Predict
[ 2026-05-25 18:05:27,522 ] botocore.hooks - DEBUG - Changing event name from before-parameter-build.autoscaling.CreateLaunchConfiguration to before-parameter-build.auto-scaling.CreateLaunchConfiguration
[ 2026-05-25 18:05:27,522 ] botocore.hooks - DEBUG - Changing event name from before-parameter-build.route53 to before-parameter-build.route-53
[ 2026-05-25 18:05:27,523 ] botocore.hooks - DEBUG - Changing event name from request-created.cloudsearchdomain.Search to request-created.cloudsearch-domain.Search
[ 2026-05-25 18:05:27,524 ] botocore.hooks - DEBUG - Changing event name from docs.*.autoscaling.CreateLaunchConfiguration.complete-section to docs.*.auto-scaling.CreateLaunchConfiguration.complete-section
[ 2026-05-25 18:05:27,532 ] botocore.hooks - DEBUG - Changing event name from before-parameter-build.logs.CreateExportTask to before-parameter-build.cloudwatch-logs.CreateExportTask
[ 2026-05-25 18:05:27,533 ] botocore.hooks - DEBUG - Changing event name from docs.*.logs.CreateExportTask.complete-section to docs.*.cloudwatch-logs.CreateExportTask.complete-section
[ 2026-05-25 18:05:27,533 ] botocore.hooks - DEBUG - Changing event name from before-parameter-build.cloudsearchdomain.Search to before-parameter-build.cloudsearch-domain.Search
[ 2026-05-25 18:05:27,533 ] botocore.hooks - DEBUG - Changing event name from docs.*.cloudsearchdomain.Search.complete-section to docs.*.cloudsearch-domain.Search.complete-section
[ 2026-05-25 18:05:27,791 ] botocore.loaders - DEBUG - Loading JSON file: C:\Users\DELL\OneDrive\Desktop\crypto_ml_pr\myvenv\Lib\site-packages\boto3\data\s3\2006-03-01\resources-1.json
[ 2026-05-25 18:05:27,857 ] botocore.loaders - DEBUG - Loading JSON file: C:\Users\DELL\OneDrive\Desktop\crypto_ml_pr\myvenv\Lib\site-packages\botocore\data\endpoints.json
[ 2026-05-25 18:05:27,984 ] botocore.loaders - DEBUG - Loading JSON file: C:\Users\DELL\OneDrive\Desktop\crypto_ml_pr\myvenv\Lib\site-packages\botocore\data\sdk-default-configuration.json
[ 2026-05-25 18:05:27,985 ] botocore.hooks - DEBUG - Event choose-service-name: calling handler <function handle_service_name_alias at 0x000001DD4C6ED760>
[ 2026-05-25 18:05:28,193 ] botocore.loaders - DEBUG - Loading JSON file: C:\Users\DELL\OneDrive\Desktop\crypto_ml_pr\myvenv\Lib\site-packages\botocore\data\s3\2006-03-01\service-2.json.gz
[ 2026-05-25 18:05:28,228 ] botocore.loaders - DEBUG - Loading JSON file: C:\Users\DELL\OneDrive\Desktop\crypto_ml_pr\myvenv\Lib\site-packages\botocore\data\s3\2006-03-01\service-2.sdk-extras.json
[ 2026-05-25 18:05:28,398 ] botocore.loaders - DEBUG - Loading JSON file: C:\Users\DELL\OneDrive\Desktop\crypto_ml_pr\myvenv\Lib\site-packages\botocore\data\s3\2006-03-01\endpoint-rule-set-1.json.gz
[ 2026-05-25 18:05:28,425 ] botocore.loaders - DEBUG - Loading JSON file: C:\Users\DELL\OneDrive\Desktop\crypto_ml_pr\myvenv\Lib\site-packages\botocore\data\partitions.json
[ 2026-05-25 18:05:28,430 ] botocore.hooks - DEBUG - Event creating-client-class.s3: calling handler <function add_generate_presigned_post at 0x000001DD4C624F40>
[ 2026-05-25 18:05:28,430 ] botocore.hooks - DEBUG - Event creating-client-class.s3: calling handler <function lazy_call.<locals>._handler at 0x000001DD4C81D940>
[ 2026-05-25 18:05:28,441 ] botocore.hooks - DEBUG - Event creating-client-class.s3: calling handler <function add_generate_presigned_url at 0x000001DD4C624CC0>
[ 2026-05-25 18:05:28,442 ] botocore.configprovider - DEBUG - Looking for endpoint for s3 via: environment_service
[ 2026-05-25 18:05:28,442 ] botocore.configprovider - DEBUG - Looking for endpoint for s3 via: environment_global
[ 2026-05-25 18:05:28,442 ] botocore.configprovider - DEBUG - Looking for endpoint for s3 via: config_service
[ 2026-05-25 18:05:28,442 ] botocore.configprovider - DEBUG - Looking for endpoint for s3 via: config_global
[ 2026-05-25 18:05:28,442 ] botocore.configprovider - DEBUG - No configured endpoint found.
[ 2026-05-25 18:05:28,447 ] botocore.endpoint - DEBUG - Setting s3 timeout as (60, 60)
[ 2026-05-25 18:05:28,493 ] botocore.loaders - DEBUG - Loading JSON file: C:\Users\DELL\OneDrive\Desktop\crypto_ml_pr\myvenv\Lib\site-packages\botocore\data\_retry.json
[ 2026-05-25 18:05:28,495 ] botocore.client - DEBUG - Registering retry handlers for service: s3
[ 2026-05-25 18:05:28,495 ] botocore.utils - DEBUG - Registering S3 region redirector handler
[ 2026-05-25 18:05:28,497 ] botocore.utils - DEBUG - Registering S3Express Identity Resolver
[ 2026-05-25 18:05:28,498 ] boto3.resources.factory - DEBUG - Loading s3:s3
[ 2026-05-25 18:05:28,501 ] botocore.hooks - DEBUG - Event choose-service-name: calling handler <function handle_service_name_alias at 0x000001DD4C6ED760>
[ 2026-05-25 18:05:28,508 ] botocore.hooks - DEBUG - Event creating-client-class.s3: calling handler <function add_generate_presigned_post at 0x000001DD4C624F40>
[ 2026-05-25 18:05:28,508 ] botocore.hooks - DEBUG - Event creating-client-class.s3: calling handler <function lazy_call.<locals>._handler at 0x000001DD4C81D940>
[ 2026-05-25 18:05:28,508 ] botocore.hooks - DEBUG - Event creating-client-class.s3: calling handler <function add_generate_presigned_url at 0x000001DD4C624CC0>
[ 2026-05-25 18:05:28,509 ] botocore.configprovider - DEBUG - Looking for endpoint for s3 via: environment_service
[ 2026-05-25 18:05:28,509 ] botocore.configprovider - DEBUG - Looking for endpoint for s3 via: environment_global
[ 2026-05-25 18:05:28,509 ] botocore.configprovider - DEBUG - Looking for endpoint for s3 via: config_service
[ 2026-05-25 18:05:28,509 ] botocore.configprovider - DEBUG - Looking for endpoint for s3 via: config_global
[ 2026-05-25 18:05:28,509 ] botocore.configprovider - DEBUG - No configured endpoint found.
[ 2026-05-25 18:05:28,513 ] botocore.endpoint - DEBUG - Setting s3 timeout as (60, 60)
[ 2026-05-25 18:05:28,521 ] botocore.client - DEBUG - Registering retry handlers for service: s3
[ 2026-05-25 18:05:28,521 ] botocore.utils - DEBUG - Registering S3 region redirector handler
[ 2026-05-25 18:05:28,522 ] botocore.utils - DEBUG - Registering S3Express Identity Resolver
[ 2026-05-25 18:05:28,523 ] root - INFO - Entered initiate_model_pusher method of ModelTrainer class
[ 2026-05-25 18:05:28,523 ] root - INFO - Uploading artifacts folder to s3 bucket
[ 2026-05-25 18:05:28,523 ] root - INFO - Entered the upload_file method of S3Operations class
[ 2026-05-25 18:05:28,523 ] root - INFO - Uploading C:\Users\DELL\OneDrive\Desktop\crypto_ml_pr\artifact\05_25_2026_18_05_22\model_trainer\trained_model\model.pkl file to model-registry\model.pkl file in tushar-crypto-ml-project-2026 bucket
[ 2026-05-25 18:05:28,523 ] boto3.s3.transfer - DEBUG - Opting out of CRT Transfer Manager. Preferred client: auto, CRT available: False, Instance Optimized: False
[ 2026-05-25 18:05:28,523 ] boto3.s3.transfer - DEBUG - Using default client. pid: 3628, thread: 12356
[ 2026-05-25 18:05:28,524 ] s3transfer.utils - DEBUG - Acquiring 0
[ 2026-05-25 18:05:28,526 ] s3transfer.tasks - DEBUG - UploadSubmissionTask(transfer_id=0, {'transfer_future': <s3transfer.futures.TransferFuture object at 0x000001DD4D3957F0>}) about to wait for the following futures []
[ 2026-05-25 18:05:28,526 ] s3transfer.tasks - DEBUG - UploadSubmissionTask(transfer_id=0, {'transfer_future': <s3transfer.futures.TransferFuture object at 0x000001DD4D3957F0>}) done waiting for dependent futures
[ 2026-05-25 18:05:28,527 ] s3transfer.tasks - DEBUG - Executing task UploadSubmissionTask(transfer_id=0, {'transfer_future': <s3transfer.futures.TransferFuture object at 0x000001DD4D3957F0>}) with kwargs {'client': <botocore.client.S3 object at 0x000001DD4D1A9160>, 'config': <boto3.s3.transfer.TransferConfig object at 0x000001DD4D3946E0>, 'osutil': <s3transfer.utils.OSUtils object at 0x000001DD4D394830>, 'request_executor': <s3transfer.futures.BoundedExecutor object at 0x000001DD4D395010>, 'transfer_future': <s3transfer.futures.TransferFuture object at 0x000001DD4D3957F0>}
[ 2026-05-25 18:05:28,527 ] s3transfer.futures - DEBUG - Submitting task PutObjectTask(transfer_id=0, {'bucket': 'tushar-crypto-ml-project-2026', 'key': 'model-registry\\model.pkl', 'extra_args': {'ChecksumAlgorithm': 'CRC32'}}) to executor <s3transfer.futures.BoundedExecutor object at 0x000001DD4D395010> for transfer request: 0.
[ 2026-05-25 18:05:28,527 ] s3transfer.utils - DEBUG - Acquiring 0
[ 2026-05-25 18:05:28,529 ] s3transfer.tasks - DEBUG - PutObjectTask(transfer_id=0, {'bucket': 'tushar-crypto-ml-project-2026', 'key': 'model-registry\\model.pkl', 'extra_args': {'ChecksumAlgorithm': 'CRC32'}}) about to wait for the following futures []
[ 2026-05-25 18:05:28,529 ] s3transfer.utils - DEBUG - Releasing acquire 0/None
[ 2026-05-25 18:05:28,529 ] s3transfer.tasks - DEBUG - PutObjectTask(transfer_id=0, {'bucket': 'tushar-crypto-ml-project-2026', 'key': 'model-registry\\model.pkl', 'extra_args': {'ChecksumAlgorithm': 'CRC32'}}) done waiting for dependent futures
[ 2026-05-25 18:05:28,530 ] s3transfer.tasks - DEBUG - Executing task PutObjectTask(transfer_id=0, {'bucket': 'tushar-crypto-ml-project-2026', 'key': 'model-registry\\model.pkl', 'extra_args': {'ChecksumAlgorithm': 'CRC32'}}) with kwargs {'client': <botocore.client.S3 object at 0x000001DD4D1A9160>, 'fileobj': <s3transfer.utils.ReadFileChunk object at 0x000001DD4D396270>, 'bucket': 'tushar-crypto-ml-project-2026', 'key': 'model-registry\\model.pkl', 'extra_args': {'ChecksumAlgorithm': 'CRC32'}}
[ 2026-05-25 18:05:28,532 ] botocore.hooks - DEBUG - Event before-parameter-build.s3.PutObject: calling handler <function validate_ascii_metadata at 0x000001DD4C6EEE80>
[ 2026-05-25 18:05:28,532 ] botocore.hooks - DEBUG - Event before-parameter-build.s3.PutObject: calling handler <function sse_md5 at 0x000001DD4C6EE160>
[ 2026-05-25 18:05:28,532 ] botocore.hooks - DEBUG - Event before-parameter-build.s3.PutObject: calling handler <function convert_body_to_file_like_object at 0x000001DD4C6EF880>
[ 2026-05-25 18:05:28,532 ] botocore.hooks - DEBUG - Event before-parameter-build.s3.PutObject: calling handler <function validate_bucket_name at 0x000001DD4C6EE0C0>
[ 2026-05-25 18:05:28,533 ] botocore.hooks - DEBUG - Event before-parameter-build.s3.PutObject: calling handler <function remove_bucket_from_url_paths_from_model at 0x000001DD4C704540>
[ 2026-05-25 18:05:28,533 ] botocore.hooks - DEBUG - Event before-parameter-build.s3.PutObject: calling handler <bound method S3RegionRedirectorv2.annotate_request_context of <botocore.utils.S3RegionRedirectorv2 object at 0x000001DD4D1AB620>>
[ 2026-05-25 18:05:28,533 ] botocore.hooks - DEBUG - Event before-parameter-build.s3.PutObject: calling handler <bound method ClientCreator._inject_s3_input_parameters of <botocore.client.ClientCreator object at 0x000001DD4C7C46E0>>
[ 2026-05-25 18:05:28,533 ] botocore.hooks - DEBUG - Event before-parameter-build.s3.PutObject: calling handler <function generate_idempotent_uuid at 0x000001DD4C6EDEE0>
[ 2026-05-25 18:05:28,534 ] botocore.hooks - DEBUG - Event before-parameter-build.s3.PutObject: calling handler <function _handle_request_validation_mode_member at 0x000001DD4C704CC0>
[ 2026-05-25 18:05:28,534 ] botocore.hooks - DEBUG - Event before-endpoint-resolution.s3: calling handler <function customize_endpoint_resolver_builtins at 0x000001DD4C704720>
[ 2026-05-25 18:05:28,534 ] botocore.hooks - DEBUG - Event before-endpoint-resolution.s3: calling handler <bound method S3RegionRedirectorv2.redirect_from_cache of <botocore.utils.S3RegionRedirectorv2 object at 0x000001DD4D1AB620>>
[ 2026-05-25 18:05:28,535 ] botocore.regions - DEBUG - Calling endpoint provider with parameters: {'Bucket': 'tushar-crypto-ml-project-2026', 'Region': 'ap-south-1', 'UseFIPS': False, 'UseDualStack': False, 'ForcePathStyle': False, 'Accelerate': False, 'UseGlobalEndpoint': False, 'Key': 'model-registry\\model.pkl', 'DisableMultiRegionAccessPoints': False, 'UseArnRegion': True, 'DisableS3ExpressSessionAuth': False}
[ 2026-05-25 18:05:28,537 ] botocore.regions - DEBUG - Endpoint provider result: https://tushar-crypto-ml-project-2026.s3.ap-south-1.amazonaws.com
[ 2026-05-25 18:05:28,537 ] botocore.regions - DEBUG - Selecting from endpoint provider's list of auth schemes: "sigv4". User selected auth scheme is: "None"
[ 2026-05-25 18:05:28,537 ] botocore.regions - DEBUG - Selected auth type "v4" as "v4" with signing context params: {'region': 'ap-south-1', 'signing_name': 's3', 'disableDoubleEncoding': True}
[ 2026-05-25 18:05:28,538 ] botocore.hooks - DEBUG - Event before-call.s3.PutObject: calling handler <function add_expect_header at 0x000001DD4C6EE480>
[ 2026-05-25 18:05:28,538 ] botocore.handlers - DEBUG - Adding expect 100 continue header to request.
[ 2026-05-25 18:05:28,538 ] botocore.hooks - DEBUG - Event before-call.s3.PutObject: calling handler <bound method S3ExpressIdentityResolver.apply_signing_cache_key of <botocore.utils.S3ExpressIdentityResolver object at 0x000001DD4D1AB770>>
[ 2026-05-25 18:05:28,538 ] botocore.hooks - DEBUG - Event before-call.s3.PutObject: calling handler <function add_recursion_detection_header at 0x000001DD4C6ED940>
[ 2026-05-25 18:05:28,539 ] botocore.hooks - DEBUG - Event before-call.s3.PutObject: calling handler <function inject_api_version_header_if_needed at 0x000001DD4C6EF9C0>
[ 2026-05-25 18:05:28,539 ] botocore.endpoint - DEBUG - Making request for OperationModel(name=PutObject) with params: {'url_path': '/model-registry%5Cmodel.pkl', 'query_string': {}, 'method': 'PUT', 'headers': {'x-amz-sdk-checksum-algorithm': 'CRC32', 'User-Agent': 'Boto3/1.43.14 md/Botocore#1.43.14 ua/2.1 os/windows#10 md/arch#amd64 lang/python#3.13.9 md/pyimpl#CPython m/G,e,b,Z,D cfg/retry-mode#legacy Botocore/1.43.14 Resource', 'Expect': '100-continue', 'Transfer-Encoding': 'chunked', 'Content-Encoding': 'aws-chunked', 'X-Amz-Trailer': 'x-amz-checksum-crc32', 'X-Amz-Decoded-Content-Length': '2294'}, 'body': <botocore.httpchecksum.AwsChunkedWrapper object at 0x000001DD4D396510>, 'auth_path': '/tushar-crypto-ml-project-2026/model-registry%5Cmodel.pkl', 'url': 'https://tushar-crypto-ml-project-2026.s3.ap-south-1.amazonaws.com/model-registry%5Cmodel.pkl', 'context': {'client_region': 'ap-south-1', 'client_config': <botocore.config.Config object at 0x000001DD4C80B890>, 'has_streaming_input': True, 'auth_type': 'v4', 'unsigned_payload': None, 'auth_options': ['aws.auth#sigv4'], 's3_redirect': {'redirected': False, 'bucket': 'tushar-crypto-ml-project-2026', 'params': {'Bucket': 'tushar-crypto-ml-project-2026', 'Key': 'model-registry\\model.pkl', 'Body': <s3transfer.utils.ReadFileChunk object at 0x000001DD4D396270>, 'ChecksumAlgorithm': 'CRC32'}}, 'input_params': {'Bucket': 'tushar-crypto-ml-project-2026', 'Key': 'model-registry\\model.pkl'}, 'signing': {'region': 'ap-south-1', 'signing_name': 's3', 'disableDoubleEncoding': True}, 'endpoint_properties': {'authSchemes': [{'disableDoubleEncoding': True, 'name': 'sigv4', 'signingName': 's3', 'signingRegion': 'ap-south-1'}]}, 'checksum': {'request_algorithm': {'algorithm': 'crc32', 'in': 'trailer', 'name': 'x-amz-checksum-crc32'}}}}
[ 2026-05-25 18:05:28,540 ] botocore.hooks - DEBUG - Event request-created.s3.PutObject: calling handler <function signal_not_transferring at 0x000001DD4C4B8040>
[ 2026-05-25 18:05:28,540 ] botocore.hooks - DEBUG - Event request-created.s3.PutObject: calling handler <bound method RequestSigner.handler of <botocore.signers.RequestSigner object at 0x000001DD4D1A92B0>>
[ 2026-05-25 18:05:28,540 ] botocore.hooks - DEBUG - Event choose-signer.s3.PutObject: calling handler <function set_operation_specific_signer at 0x000001DD4C6EDBC0>
[ 2026-05-25 18:05:28,540 ] botocore.hooks - DEBUG - Event before-sign.s3.PutObject: calling handler <function remove_arn_from_signing_path at 0x000001DD4C704680>
[ 2026-05-25 18:05:28,540 ] botocore.hooks - DEBUG - Event before-sign.s3.PutObject: calling handler <function _set_extra_headers_for_unsigned_request at 0x000001DD4C704D60>
[ 2026-05-25 18:05:28,540 ] botocore.hooks - DEBUG - Event before-sign.s3.PutObject: calling handler <bound method S3ExpressIdentityResolver.resolve_s3express_identity of <botocore.utils.S3ExpressIdentityResolver object at 0x000001DD4D1AB770>>
[ 2026-05-25 18:05:28,541 ] botocore.auth - DEBUG - Calculating signature using v4 auth.
[ 2026-05-25 18:05:28,541 ] botocore.auth - DEBUG - CanonicalRequest:
PUT
/model-registry%5Cmodel.pkl

content-encoding:aws-chunked
host:tushar-crypto-ml-project-2026.s3.ap-south-1.amazonaws.com
x-amz-content-sha256:STREAMING-UNSIGNED-PAYLOAD-TRAILER
x-amz-date:20260525T123528Z
x-amz-decoded-content-length:2294
x-amz-sdk-checksum-algorithm:CRC32
x-amz-trailer:x-amz-checksum-crc32

content-encoding;host;x-amz-content-sha256;x-amz-date;x-amz-decoded-content-length;x-amz-sdk-checksum-algorithm;x-amz-trailer
STREAMING-UNSIGNED-PAYLOAD-TRAILER
[ 2026-05-25 18:05:28,542 ] botocore.auth - DEBUG - StringToSign:
AWS4-HMAC-SHA256
20260525T123528Z
20260525/ap-south-1/s3/aws4_request
3cd48ae91e6ce3b6fd336c8932f7e4b2afdd8a132689520e221776f71d9a80ab
[ 2026-05-25 18:05:28,542 ] botocore.auth - DEBUG - Signature:
927a96ca95ce90611f8fed50ef414b0f28bcffeec161c3fc9c25913de3c14984
[ 2026-05-25 18:05:28,543 ] botocore.hooks - DEBUG - Event request-created.s3.PutObject: calling handler <bound method UserAgentString.rebuild_and_replace_user_agent_handler of <botocore.useragent.UserAgentString object at 0x000001DD4D370410>>
[ 2026-05-25 18:05:28,543 ] botocore.hooks - DEBUG - Event request-created.s3.PutObject: calling handler <function signal_transferring at 0x000001DD4C4B80E0>
[ 2026-05-25 18:05:28,543 ] botocore.hooks - DEBUG - Event request-created.s3.PutObject: calling handler <function add_retry_headers at 0x000001DD4C7044A0>
[ 2026-05-25 18:05:28,543 ] botocore.endpoint - DEBUG - Sending http request: <AWSPreparedRequest stream_output=False, method=PUT, url=https://tushar-crypto-ml-project-2026.s3.ap-south-1.amazonaws.com/model-registry%5Cmodel.pkl, headers={'x-amz-sdk-checksum-algorithm': b'CRC32', 'User-Agent': b'Boto3/1.43.14 md/Botocore#1.43.14 ua/2.1 os/windows#10 md/arch#amd64 lang/python#3.13.9 md/pyimpl#CPython m/G,e,b,U,Z,D cfg/retry-mode#legacy Botocore/1.43.14 Resource', 'Expect': b'100-continue', 'Transfer-Encoding': b'chunked', 'Content-Encoding': b'aws-chunked', 'X-Amz-Trailer': b'x-amz-checksum-crc32', 'X-Amz-Decoded-Content-Length': b'2294', 'X-Amz-Date': b'20260525T123528Z', 'X-Amz-Content-SHA256': b'STREAMING-UNSIGNED-PAYLOAD-TRAILER', 'Authorization': b'AWS4-HMAC-SHA256 Credential=your-access-key/20260525/ap-south-1/s3/aws4_request, SignedHeaders=content-encoding;host;x-amz-content-sha256;x-amz-date;x-amz-decoded-content-length;x-amz-sdk-checksum-algorithm;x-amz-trailer, Signature=927a96ca95ce90611f8fed50ef414b0f28bcffeec161c3fc9c25913de3c14984', 'amz-sdk-invocation-id': b'368798a6-6af8-42e7-9c6d-b8d10365add8', 'amz-sdk-request': b'attempt=1'}>
[ 2026-05-25 18:05:28,545 ] botocore.httpsession - DEBUG - Certificate path: C:\Users\DELL\OneDrive\Desktop\crypto_ml_pr\myvenv\Lib\site-packages\certifi\cacert.pem
[ 2026-05-25 18:05:28,545 ] urllib3.connectionpool - DEBUG - Starting new HTTPS connection (1): tushar-crypto-ml-project-2026.s3.ap-south-1.amazonaws.com:443
[ 2026-05-25 18:05:29,743 ] urllib3.connectionpool - DEBUG - https://tushar-crypto-ml-project-2026.s3.ap-south-1.amazonaws.com:443 "PUT /model-registry%5Cmodel.pkl HTTP/1.1" 301 None
[ 2026-05-25 18:05:29,745 ] botocore.hooks - DEBUG - Event before-parse.s3.PutObject: calling handler <function _handle_200_error at 0x000001DD4C704A40>
[ 2026-05-25 18:05:29,745 ] botocore.hooks - DEBUG - Event before-parse.s3.PutObject: calling handler <function handle_expires_header at 0x000001DD4C704860>
[ 2026-05-25 18:05:29,745 ] botocore.parsers - DEBUG - Response headers: {'x-amz-bucket-region': 'eu-north-1', 'x-amz-request-id': '4CSAFMD39KA46KKC', 'x-amz-id-2': '+k/7B3O5KMsXhqZWqcoQiWn9FJA1EyNt+vpEzuVEV0ZKDlnt9oUc0YN41lq51M5rhD4DeCAl3AQ=', 'Content-Type': 'application/xml', 'Transfer-Encoding': 'chunked', 'Date': 'Mon, 25 May 2026 12:35:30 GMT', 'Connection': 'close', 'Server': 'AmazonS3'}
[ 2026-05-25 18:05:29,746 ] botocore.parsers - DEBUG - Response body:
b'<?xml version="1.0" encoding="UTF-8"?>\n<Error><Code>PermanentRedirect</Code><Message>The bucket you are attempting to access must be addressed using the specified endpoint. Please send all future requests to this endpoint.</Message><Endpoint>tushar-crypto-ml-project-2026.s3.eu-north-1.amazonaws.com</Endpoint><Bucket>tushar-crypto-ml-project-2026</Bucket><RequestId>4CSAFMD39KA46KKC</RequestId><HostId>+k/7B3O5KMsXhqZWqcoQiWn9FJA1EyNt+vpEzuVEV0ZKDlnt9oUc0YN41lq51M5rhD4DeCAl3AQ=</HostId></Error>'
[ 2026-05-25 18:05:29,757 ] botocore.hooks - DEBUG - Event needs-retry.s3.PutObject: calling handler <function _update_status_code at 0x000001DD4C704C20>
[ 2026-05-25 18:05:29,758 ] botocore.hooks - DEBUG - Event needs-retry.s3.PutObject: calling handler <botocore.retryhandler.RetryHandler object at 0x000001DD4D1AB4D0>
[ 2026-05-25 18:05:29,758 ] botocore.retryhandler - DEBUG - No retry needed.
[ 2026-05-25 18:05:29,758 ] botocore.hooks - DEBUG - Event needs-retry.s3.PutObject: calling handler <bound method S3RegionRedirectorv2.redirect_from_error of <botocore.utils.S3RegionRedirectorv2 object at 0x000001DD4D1AB620>>
[ 2026-05-25 18:05:29,759 ] botocore.utils - DEBUG - S3 client configured for region ap-south-1 but the bucket tushar-crypto-ml-project-2026 is in region eu-north-1; Please configure the proper region to avoid multiple unnecessary redirects and signing attempts.
[ 2026-05-25 18:05:29,759 ] botocore.hooks - DEBUG - Event before-endpoint-resolution.s3: calling handler <function customize_endpoint_resolver_builtins at 0x000001DD4C704720>
[ 2026-05-25 18:05:29,759 ] botocore.hooks - DEBUG - Event before-endpoint-resolution.s3: calling handler <bound method S3RegionRedirectorv2.redirect_from_cache of <botocore.utils.S3RegionRedirectorv2 object at 0x000001DD4D1AB620>>
[ 2026-05-25 18:05:29,759 ] botocore.regions - DEBUG - Calling endpoint provider with parameters: {'Bucket': 'tushar-crypto-ml-project-2026', 'Region': 'eu-north-1', 'UseFIPS': False, 'UseDualStack': False, 'ForcePathStyle': False, 'Accelerate': False, 'UseGlobalEndpoint': False, 'Key': 'model-registry\\model.pkl', 'DisableMultiRegionAccessPoints': False, 'UseArnRegion': True, 'DisableS3ExpressSessionAuth': False}
[ 2026-05-25 18:05:29,761 ] botocore.regions - DEBUG - Endpoint provider result: https://tushar-crypto-ml-project-2026.s3.eu-north-1.amazonaws.com
[ 2026-05-25 18:05:29,762 ] botocore.utils - DEBUG - Updating URI from https://tushar-crypto-ml-project-2026.s3.ap-south-1.amazonaws.com/model-registry%5Cmodel.pkl to https://tushar-crypto-ml-project-2026.s3.eu-north-1.amazonaws.com/model-registry%5Cmodel.pkl
[ 2026-05-25 18:05:29,762 ] botocore.regions - DEBUG - Selecting from endpoint provider's list of auth schemes: "sigv4". User selected auth scheme is: "None"
[ 2026-05-25 18:05:29,762 ] botocore.regions - DEBUG - Selected auth type "v4" as "v4" with signing context params: {'region': 'eu-north-1', 'signing_name': 's3', 'disableDoubleEncoding': True}
[ 2026-05-25 18:05:29,762 ] botocore.endpoint - DEBUG - Response received to retry, sleeping for 0 seconds
[ 2026-05-25 18:05:29,766 ] botocore.awsrequest - DEBUG - Rewinding stream: <botocore.httpchecksum.AwsChunkedWrapper object at 0x000001DD4D396510>
[ 2026-05-25 18:05:29,767 ] botocore.hooks - DEBUG - Event request-created.s3.PutObject: calling handler <function signal_not_transferring at 0x000001DD4C4B8040>
[ 2026-05-25 18:05:29,767 ] botocore.hooks - DEBUG - Event request-created.s3.PutObject: calling handler <bound method RequestSigner.handler of <botocore.signers.RequestSigner object at 0x000001DD4D1A92B0>>
[ 2026-05-25 18:05:29,767 ] botocore.hooks - DEBUG - Event choose-signer.s3.PutObject: calling handler <function set_operation_specific_signer at 0x000001DD4C6EDBC0>
[ 2026-05-25 18:05:29,768 ] botocore.hooks - DEBUG - Event before-sign.s3.PutObject: calling handler <function remove_arn_from_signing_path at 0x000001DD4C704680>
[ 2026-05-25 18:05:29,768 ] botocore.hooks - DEBUG - Event before-sign.s3.PutObject: calling handler <function _set_extra_headers_for_unsigned_request at 0x000001DD4C704D60>
[ 2026-05-25 18:05:29,768 ] botocore.hooks - DEBUG - Event before-sign.s3.PutObject: calling handler <bound method S3ExpressIdentityResolver.resolve_s3express_identity of <botocore.utils.S3ExpressIdentityResolver object at 0x000001DD4D1AB770>>
[ 2026-05-25 18:05:29,769 ] botocore.auth - DEBUG - Calculating signature using v4 auth.
[ 2026-05-25 18:05:29,769 ] botocore.auth - DEBUG - CanonicalRequest:
PUT
/model-registry%5Cmodel.pkl

content-encoding:aws-chunked
host:tushar-crypto-ml-project-2026.s3.eu-north-1.amazonaws.com
x-amz-content-sha256:STREAMING-UNSIGNED-PAYLOAD-TRAILER
x-amz-date:20260525T123529Z
x-amz-decoded-content-length:2294
x-amz-sdk-checksum-algorithm:CRC32
x-amz-trailer:x-amz-checksum-crc32

content-encoding;host;x-amz-content-sha256;x-amz-date;x-amz-decoded-content-length;x-amz-sdk-checksum-algorithm;x-amz-trailer
STREAMING-UNSIGNED-PAYLOAD-TRAILER
[ 2026-05-25 18:05:29,770 ] botocore.auth - DEBUG - StringToSign:
AWS4-HMAC-SHA256
20260525T123529Z
20260525/eu-north-1/s3/aws4_request
c143cc787564464c6d2fc7a8cacd3f785039d0352ac40f08b4e55e85a6ea5445
[ 2026-05-25 18:05:29,770 ] botocore.auth - DEBUG - Signature:
c4524f6246358cf8861fce1e5f4eba4d27a3497890b796bbdd614fbcdc48ab3b
[ 2026-05-25 18:05:29,771 ] botocore.hooks - DEBUG - Event request-created.s3.PutObject: calling handler <bound method UserAgentString.rebuild_and_replace_user_agent_handler of <botocore.useragent.UserAgentString object at 0x000001DD4D370410>>
[ 2026-05-25 18:05:29,772 ] botocore.hooks - DEBUG - Event request-created.s3.PutObject: calling handler <function signal_transferring at 0x000001DD4C4B80E0>
[ 2026-05-25 18:05:29,772 ] botocore.hooks - DEBUG - Event request-created.s3.PutObject: calling handler <function add_retry_headers at 0x000001DD4C7044A0>
[ 2026-05-25 18:05:29,773 ] botocore.endpoint - DEBUG - Sending http request: <AWSPreparedRequest stream_output=False, method=PUT, url=https://tushar-crypto-ml-project-2026.s3.eu-north-1.amazonaws.com/model-registry%5Cmodel.pkl, headers={'x-amz-sdk-checksum-algorithm': b'CRC32', 'User-Agent': b'Boto3/1.43.14 md/Botocore#1.43.14 ua/2.1 os/windows#10 md/arch#amd64 lang/python#3.13.9 md/pyimpl#CPython m/G,e,b,U,Z,D cfg/retry-mode#legacy Botocore/1.43.14 Resource', 'Expect': b'100-continue', 'Transfer-Encoding': b'chunked', 'Content-Encoding': b'aws-chunked', 'X-Amz-Trailer': b'x-amz-checksum-crc32', 'X-Amz-Decoded-Content-Length': b'2294', 'X-Amz-Date': b'20260525T123529Z', 'X-Amz-Content-SHA256': b'STREAMING-UNSIGNED-PAYLOAD-TRAILER', 'Authorization': b'AWS4-HMAC-SHA256 Credential=your-access-key/20260525/eu-north-1/s3/aws4_request, SignedHeaders=content-encoding;host;x-amz-content-sha256;x-amz-date;x-amz-decoded-content-length;x-amz-sdk-checksum-algorithm;x-amz-trailer, Signature=c4524f6246358cf8861fce1e5f4eba4d27a3497890b796bbdd614fbcdc48ab3b', 'amz-sdk-invocation-id': b'368798a6-6af8-42e7-9c6d-b8d10365add8', 'amz-sdk-request': b'ttl=20260525T123630Z; attempt=2; max=5'}>
[ 2026-05-25 18:05:29,774 ] botocore.httpsession - DEBUG - Certificate path: C:\Users\DELL\OneDrive\Desktop\crypto_ml_pr\myvenv\Lib\site-packages\certifi\cacert.pem
[ 2026-05-25 18:05:29,774 ] urllib3.connectionpool - DEBUG - Starting new HTTPS connection (1): tushar-crypto-ml-project-2026.s3.eu-north-1.amazonaws.com:443
[ 2026-05-25 18:05:31,340 ] urllib3.connectionpool - DEBUG - https://tushar-crypto-ml-project-2026.s3.eu-north-1.amazonaws.com:443 "PUT /model-registry%5Cmodel.pkl HTTP/1.1" 403 None
[ 2026-05-25 18:05:31,341 ] botocore.hooks - DEBUG - Event before-parse.s3.PutObject: calling handler <function _handle_200_error at 0x000001DD4C704A40>
[ 2026-05-25 18:05:31,341 ] botocore.hooks - DEBUG - Event before-parse.s3.PutObject: calling handler <function handle_expires_header at 0x000001DD4C704860>
[ 2026-05-25 18:05:31,341 ] botocore.parsers - DEBUG - Response headers: {'x-amz-request-id': '40KP2VD5R5H532BW', 'x-amz-id-2': 'JQFcACuQWQhDBCcco4GYY9agt9wejsT1AK65jye5qSMJkEr1VD3DLITiz67wdYCnHkuAndJeZe2bip7rc01zNsAkRgxKQXVH', 'Content-Type': 'application/xml', 'Transfer-Encoding': 'chunked', 'Date': 'Mon, 25 May 2026 12:35:32 GMT', 'Connection': 'close', 'Server': 'AmazonS3'}
[ 2026-05-25 18:05:31,342 ] botocore.parsers - DEBUG - Response body:
b'<?xml version="1.0" encoding="UTF-8"?>\n<Error><Code>InvalidAccessKeyId</Code><Message>The AWS Access Key Id you provided does not exist in our records.</Message><AWSAccessKeyId>your-access-key</AWSAccessKeyId><RequestId>40KP2VD5R5H532BW</RequestId><HostId>JQFcACuQWQhDBCcco4GYY9agt9wejsT1AK65jye5qSMJkEr1VD3DLITiz67wdYCnHkuAndJeZe2bip7rc01zNsAkRgxKQXVH</HostId></Error>'
[ 2026-05-25 18:05:31,342 ] botocore.hooks - DEBUG - Event needs-retry.s3.PutObject: calling handler <function _update_status_code at 0x000001DD4C704C20>
[ 2026-05-25 18:05:31,343 ] botocore.hooks - DEBUG - Event needs-retry.s3.PutObject: calling handler <botocore.retryhandler.RetryHandler object at 0x000001DD4D1AB4D0>
[ 2026-05-25 18:05:31,343 ] botocore.retryhandler - DEBUG - No retry needed.
[ 2026-05-25 18:05:31,343 ] botocore.hooks - DEBUG - Event needs-retry.s3.PutObject: calling handler <bound method S3RegionRedirectorv2.redirect_from_error of <botocore.utils.S3RegionRedirectorv2 object at 0x000001DD4D1AB620>>
[ 2026-05-25 18:05:31,343 ] botocore.utils - DEBUG - S3 request was previously redirected, not redirecting.
[ 2026-05-25 18:05:31,344 ] s3transfer.tasks - DEBUG - Exception raised.
Traceback (most recent call last):
  File "C:\Users\DELL\OneDrive\Desktop\crypto_ml_pr\myvenv\Lib\site-packages\s3transfer\tasks.py", line 142, in __call__
    return self._execute_main(kwargs)
           ~~~~~~~~~~~~~~~~~~^^^^^^^^
  File "C:\Users\DELL\OneDrive\Desktop\crypto_ml_pr\myvenv\Lib\site-packages\s3transfer\tasks.py", line 165, in _execute_main
    return_value = self._main(**kwargs)
  File "C:\Users\DELL\OneDrive\Desktop\crypto_ml_pr\myvenv\Lib\site-packages\s3transfer\upload.py", line 796, in _main
    client.put_object(Bucket=bucket, Key=key, Body=body, **extra_args)
    ~~~~~~~~~~~~~~~~~^^^^^^^^^^^^^^^^^^^^^^^^^^^^^^^^^^^^^^^^^^^^^^^^^
  File "C:\Users\DELL\OneDrive\Desktop\crypto_ml_pr\myvenv\Lib\site-packages\botocore\client.py", line 606, in _api_call
    return self._make_api_call(operation_name, kwargs)
           ~~~~~~~~~~~~~~~~~~~^^^^^^^^^^^^^^^^^^^^^^^^
  File "C:\Users\DELL\OneDrive\Desktop\crypto_ml_pr\myvenv\Lib\site-packages\botocore\context.py", line 123, in wrapper
    return func(*args, **kwargs)
  File "C:\Users\DELL\OneDrive\Desktop\crypto_ml_pr\myvenv\Lib\site-packages\botocore\client.py", line 1094, in _make_api_call
    raise error_class(parsed_response, operation_name)
botocore.exceptions.ClientError: An error occurred (InvalidAccessKeyId) when calling the PutObject operation: The AWS Access Key Id you provided does not exist in our records.
[ 2026-05-25 18:05:31,556 ] s3transfer.utils - DEBUG - Releasing acquire 0/None
