[ 2026-05-26 10:10:53,608 ] root - INFO - \U0001f680 Starting Crypto ML Pipeline...
[ 2026-05-26 10:10:53,609 ] root - INFO - Pipeline started
[ 2026-05-26 10:10:53,610 ] root - INFO - Starting data ingestion
[ 2026-05-26 10:10:53,610 ] root - INFO - Entered initiate_data_ingestion method
[ 2026-05-26 10:10:53,622 ] root - INFO - Dataset loaded successfully: (100, 6)
[ 2026-05-26 10:10:53,637 ] root - INFO - Data ingestion completed successfully
[ 2026-05-26 10:10:53,641 ] root - INFO - Entered initiate_data_validation method
[ 2026-05-26 10:10:53,655 ] root - INFO - Required columns present status: False
[ 2026-05-26 10:10:53,655 ] root - INFO - Required columns present status: False
[ 2026-05-26 10:10:53,655 ] root - INFO - Missing numerical columns: []
[ 2026-05-26 10:10:53,656 ] root - INFO - Missing numerical columns: []
[ 2026-05-26 10:10:53,656 ] root - INFO - Data validation artifact: DataValidationArtifact(validation_status=False, valid_train_file_path='artifact/train.csv', valid_test_file_path='artifact/test.csv', invalid_train_file_path='artifact/data_validation/invalid_train.csv', invalid_test_file_path='artifact/data_validation/invalid_test.csv', drift_report_file_path='artifact/data_validation/drift_report.yaml')
[ 2026-05-26 10:10:53,656 ] root - INFO - Starting data transformation
[ 2026-05-26 10:10:53,658 ] root - INFO - Cleaning dataframe (dropping unwanted columns)
[ 2026-05-26 10:10:53,662 ] root - INFO - Cleaning dataframe (dropping unwanted columns)
[ 2026-05-26 10:10:53,670 ] root - INFO - Loading schema file
[ 2026-05-26 10:10:53,674 ] root - INFO - Numerical features: ['open', 'high', 'low', 'volume', 'marketCap']
[ 2026-05-26 10:10:53,674 ] root - INFO - Categorical features: []
[ 2026-05-26 10:10:53,752 ] root - INFO - Entered the save_object method of MainUtils class
[ 2026-05-26 10:10:53,756 ] root - INFO - Exited the save_object method of MainUtils class
[ 2026-05-26 10:10:53,759 ] root - INFO - Data transformation completed successfully
[ 2026-05-26 10:10:53,760 ] root - INFO - Loading training and testing data
[ 2026-05-26 10:10:53,777 ] root - INFO - Entered the load_object method of MainUtils class
[ 2026-05-26 10:10:53,780 ] root - INFO - Exited the load_object method of MainUtils class
[ 2026-05-26 10:10:53,780 ] root - INFO - Entered the save_object method of MainUtils class
[ 2026-05-26 10:10:53,784 ] root - INFO - Exited the save_object method of MainUtils class
[ 2026-05-26 10:10:53,785 ] root - INFO - Loading test data
[ 2026-05-26 10:10:53,786 ] root - INFO - Loading trained model
[ 2026-05-26 10:10:53,786 ] root - INFO - Entered the load_object method of MainUtils class
[ 2026-05-26 10:10:53,788 ] root - INFO - Exited the load_object method of MainUtils class
[ 2026-05-26 10:10:53,789 ] root - INFO - R2 Score: 1.0
[ 2026-05-26 10:10:53,789 ] root - INFO - Uploading model to AWS S3...
[ 2026-05-26 10:10:53,791 ] root - INFO - \u2705 Model uploaded successfully
[ 2026-05-26 10:10:53,792 ] root - INFO - Pipeline completed successfully
[ 2026-05-26 10:10:53,792 ] root - INFO - \u2705 Pipeline Completed Successfully
