[ 2026-05-25 12:27:10,133 ] root - INFO - Entered the run_pipeline method of TrainPipeline class
[ 2026-05-25 12:27:10,134 ] root - INFO - Entered the start_data_ingestion method of TrainPipeline class
[ 2026-05-25 12:27:10,134 ] root - INFO - Entered the start_data_ingestion method of TrainPipeline class
[ 2026-05-25 12:27:10,135 ] root - INFO - Getting the data from mongodb
[ 2026-05-25 12:27:10,135 ] root - INFO - Entered initiate_data_ingestion method of Data_Ingestion class
[ 2026-05-25 12:27:10,135 ] root - INFO - Reading data from CSV file
[ 2026-05-25 12:27:10,520 ] root - INFO - Saving data into feature store path: C:\Users\DELL\OneDrive\Desktop\crypto_ml_pr\artifact\05_25_2026_12_27_10\data_ingestion\feature_store\covtype.csv
[ 2026-05-25 12:27:11,714 ] root - INFO - Shape of dataframe: (72946, 10)
[ 2026-05-25 12:27:11,714 ] root - INFO - Exported data into feature store
[ 2026-05-25 12:27:11,714 ] root - INFO - Entered split_data_as_train_test method of Data_Ingestion class
[ 2026-05-25 12:27:11,734 ] root - INFO - Performed train test split on the dataframe
[ 2026-05-25 12:27:11,734 ] root - INFO - Exited split_data_as_train_test method of Data_Ingestion class
[ 2026-05-25 12:27:11,734 ] root - INFO - Exporting train and test file path.
[ 2026-05-25 12:27:12,437 ] root - INFO - Exported train and test file path.
[ 2026-05-25 12:27:12,439 ] root - INFO - Performed train test split on the dataset
[ 2026-05-25 12:27:12,439 ] root - INFO - Exited initiate_data_ingestion method of Data_Ingestion class
[ 2026-05-25 12:27:12,439 ] root - INFO - Data ingestion artifact: DataIngestionArtifact(trained_file_path='C:\\Users\\DELL\\OneDrive\\Desktop\\crypto_ml_pr\\artifact\\05_25_2026_12_27_10\\data_ingestion\\ingested\\train.csv', test_file_path='C:\\Users\\DELL\\OneDrive\\Desktop\\crypto_ml_pr\\artifact\\05_25_2026_12_27_10\\data_ingestion\\ingested\\test.csv')
[ 2026-05-25 12:27:12,441 ] root - INFO - Got the train_set and test_set from mongodb
[ 2026-05-25 12:27:12,441 ] root - INFO - Exited the start_data_ingestion method of TrainPipeline class
[ 2026-05-25 12:27:12,441 ] root - INFO - Entered the start_data_validation method of TrainPipeline class
[ 2026-05-25 12:27:12,653 ] root - INFO - Entered initiate_data_validation method of Data_Validation class
[ 2026-05-25 12:27:12,654 ] root - INFO - Starting data validation
[ 2026-05-25 12:27:13,001 ] root - INFO - Is required column present: [False]
[ 2026-05-25 12:27:13,001 ] root - INFO - Is required column present: [False]
[ 2026-05-25 12:27:13,001 ] root - INFO - All required columns present in testing dataframe: False
[ 2026-05-25 12:27:13,002 ] root - INFO - Missing numerical column: []
[ 2026-05-25 12:27:13,002 ] root - INFO - Missing numerical column: []
[ 2026-05-25 12:27:13,002 ] root - INFO - Validation_error: Columns are missing in training dataframe.Columns are missing in test dataframe.
[ 2026-05-25 12:27:13,002 ] root - INFO - Data validation artifact: DataValidationArtifact(validation_status=False, valid_train_file_path='C:\\Users\\DELL\\OneDrive\\Desktop\\crypto_ml_pr\\artifact\\05_25_2026_12_27_10\\data_ingestion\\ingested\\train.csv', valid_test_file_path='C:\\Users\\DELL\\OneDrive\\Desktop\\crypto_ml_pr\\artifact\\05_25_2026_12_27_10\\data_ingestion\\ingested\\test.csv', invalid_train_file_path='C:\\Users\\DELL\\OneDrive\\Desktop\\crypto_ml_pr\\artifact\\05_25_2026_12_27_10\\data_validation\\invalid\\train.csv', invalid_test_file_path='C:\\Users\\DELL\\OneDrive\\Desktop\\crypto_ml_pr\\artifact\\05_25_2026_12_27_10\\data_validation\\invalid\\test.csv', drift_report_file_path='C:\\Users\\DELL\\OneDrive\\Desktop\\crypto_ml_pr\\artifact\\05_25_2026_12_27_10\\data_validation\\drift_report\\report.yaml')
[ 2026-05-25 12:27:13,004 ] root - INFO - Performed the data validation operation
[ 2026-05-25 12:27:13,004 ] root - INFO - Exited the start_data_validation method of TrainPipeline class
[ 2026-05-25 12:27:13,004 ] root - INFO - Entered initiate_data_transformation method of Data_Transformation class
[ 2026-05-25 12:27:13,004 ] root - INFO - Starting data transformation
[ 2026-05-25 12:27:13,004 ] root - INFO - Entered get_data_transformer_object method of DataTransformation class
[ 2026-05-25 12:27:13,004 ] root - INFO - Got numerical, categorical, transformation columns from schema config
[ 2026-05-25 12:27:13,006 ] root - INFO - Created preprocessor object from ColumnTransformer
[ 2026-05-25 12:27:13,006 ] root - INFO - Exited get_data_transformer_object method of DataTransformation class
[ 2026-05-25 12:27:13,006 ] root - INFO - Created preprocessor object from ColumnTransformer
[ 2026-05-25 12:27:13,006 ] root - INFO - Exited get_data_transformer_object method of DataTransformation class
[ 2026-05-25 12:27:13,006 ] root - INFO - Got the preprocessor object
[ 2026-05-25 12:27:13,174 ] root - INFO - Got train features and test features of Training dataset
[ 2026-05-25 12:27:13,175 ] root - INFO - Got train features and test features of Testing dataset
[ 2026-05-25 12:27:13,175 ] root - INFO - Applying preprocessing object on training dataframe and testing dataframe
[ 2026-05-25 12:27:13,227 ] root - INFO - Used the preprocessor object to fit transform the train features
[ 2026-05-25 12:27:13,231 ] root - INFO - Used the preprocessor object to transform the test features
[ 2026-05-25 12:27:13,232 ] root - INFO - Entered the save_object method of MainUtils class
[ 2026-05-25 12:27:13,237 ] root - INFO - Exited the save_object method of MainUtils class
[ 2026-05-25 12:27:13,243 ] root - INFO - Saved the preprocessor object
[ 2026-05-25 12:27:13,243 ] root - INFO - Exited initiate_data_transformation method of Data_Transformation class
[ 2026-05-25 12:27:13,245 ] root - INFO - Entered initiate_model_trainer method of ModelTrainer class
[ 2026-05-25 12:27:13,303 ] neuro_mf - INFO - Started Initializing model from config file
[ 2026-05-25 12:27:15,076 ] neuro_mf - INFO - {'min_samples_leaf': 3}
[ 2026-05-25 12:27:15,122 ] neuro_mf - INFO - Initialized model: [InitializedModelDetail(model_serial_number='module_0', model=RandomForestClassifier(min_samples_leaf=3), param_grid_search={'min_samples_leaf': [6]}, model_name='sklearn.ensemble.RandomForestClassifier')]
[ 2026-05-25 12:27:15,123 ] neuro_mf - INFO - ('**************************************************', 'training RandomForestClassifier', '**************************************************')
[ 2026-05-25 12:27:15,123 ] neuro_mf - INFO - {'cv': 3, 'verbose': 3}
