[ 2026-05-25 17:45:32,307 ] root - INFO - \U0001f680 Starting Crypto ML Pipeline...
[ 2026-05-25 17:45:32,307 ] root - INFO - Pipeline started
[ 2026-05-25 17:45:32,308 ] root - INFO - Starting data ingestion
[ 2026-05-25 17:45:32,308 ] root - INFO - Entered initiate_data_ingestion method of Data_Ingestion class
[ 2026-05-25 17:45:32,308 ] root - INFO - Reading data from CSV file
[ 2026-05-25 17:45:32,582 ] root - INFO - Saving data into feature store path: C:\Users\DELL\OneDrive\Desktop\crypto_ml_pr\artifact\05_25_2026_17_45_32\data_ingestion\feature_store\covtype.csv
[ 2026-05-25 17:45:33,869 ] root - INFO - Shape of dataframe: (72946, 10)
[ 2026-05-25 17:45:33,869 ] root - INFO - Exported data into feature store
[ 2026-05-25 17:45:33,870 ] root - INFO - Entered split_data_as_train_test method of Data_Ingestion class
[ 2026-05-25 17:45:33,897 ] root - INFO - Performed train test split on the dataframe
[ 2026-05-25 17:45:33,897 ] root - INFO - Exited split_data_as_train_test method of Data_Ingestion class
[ 2026-05-25 17:45:33,898 ] root - INFO - Exporting train and test file path.
[ 2026-05-25 17:45:34,946 ] root - INFO - Exported train and test file path.
[ 2026-05-25 17:45:34,948 ] root - INFO - Performed train test split on the dataset
[ 2026-05-25 17:45:34,949 ] root - INFO - Exited initiate_data_ingestion method of Data_Ingestion class
[ 2026-05-25 17:45:34,949 ] root - INFO - Data ingestion artifact: DataIngestionArtifact(trained_file_path='C:\\Users\\DELL\\OneDrive\\Desktop\\crypto_ml_pr\\artifact\\05_25_2026_17_45_32\\data_ingestion\\ingested\\train.csv', test_file_path='C:\\Users\\DELL\\OneDrive\\Desktop\\crypto_ml_pr\\artifact\\05_25_2026_17_45_32\\data_ingestion\\ingested\\test.csv')
[ 2026-05-25 17:45:34,957 ] root - INFO - Entered initiate_data_validation method of Data_Validation class
[ 2026-05-25 17:45:34,957 ] root - INFO - Starting data validation
[ 2026-05-25 17:45:35,234 ] root - INFO - Is required column present: [False]
[ 2026-05-25 17:45:35,234 ] root - INFO - Is required column present: [False]
[ 2026-05-25 17:45:35,234 ] root - INFO - All required columns present in testing dataframe: False
[ 2026-05-25 17:45:35,235 ] root - INFO - Missing numerical column: []
[ 2026-05-25 17:45:35,235 ] root - INFO - Missing numerical column: []
[ 2026-05-25 17:45:35,235 ] root - INFO - Validation_error: Columns are missing in training dataframe.Columns are missing in test dataframe.
[ 2026-05-25 17:45:35,235 ] root - INFO - Data validation artifact: DataValidationArtifact(validation_status=False, valid_train_file_path='C:\\Users\\DELL\\OneDrive\\Desktop\\crypto_ml_pr\\artifact\\05_25_2026_17_45_32\\data_ingestion\\ingested\\train.csv', valid_test_file_path='C:\\Users\\DELL\\OneDrive\\Desktop\\crypto_ml_pr\\artifact\\05_25_2026_17_45_32\\data_ingestion\\ingested\\test.csv', invalid_train_file_path='C:\\Users\\DELL\\OneDrive\\Desktop\\crypto_ml_pr\\artifact\\05_25_2026_17_45_32\\data_validation\\invalid\\train.csv', invalid_test_file_path='C:\\Users\\DELL\\OneDrive\\Desktop\\crypto_ml_pr\\artifact\\05_25_2026_17_45_32\\data_validation\\invalid\\test.csv', drift_report_file_path='C:\\Users\\DELL\\OneDrive\\Desktop\\crypto_ml_pr\\artifact\\05_25_2026_17_45_32\\data_validation\\drift_report\\report.yaml')
[ 2026-05-25 17:45:35,238 ] root - INFO - Starting data transformation
[ 2026-05-25 17:45:35,478 ] root - INFO - Cleaning dataframe (dropping unwanted columns)
[ 2026-05-25 17:45:35,480 ] root - INFO - Cleaning dataframe (dropping unwanted columns)
[ 2026-05-25 17:45:35,485 ] root - INFO - Loading schema file
[ 2026-05-25 17:45:35,487 ] root - INFO - Numerical features: ['open', 'high', 'low', 'volume', 'marketCap']
[ 2026-05-25 17:45:35,488 ] root - INFO - Categorical features: []
[ 2026-05-25 17:45:35,564 ] root - INFO - Entered the save_object method of MainUtils class
[ 2026-05-25 17:45:35,569 ] root - INFO - Exited the save_object method of MainUtils class
[ 2026-05-25 17:45:35,575 ] root - INFO - Data transformation completed successfully
[ 2026-05-25 17:45:35,577 ] root - INFO - Starting model training
[ 2026-05-25 17:45:35,612 ] root - INFO - x_train shape: (58356, 5)
[ 2026-05-25 17:45:35,612 ] root - INFO - x_test shape: (14590, 5)
[ 2026-05-25 17:45:35,636 ] root - INFO - R2 Score: 0.9993301492432334
[ 2026-05-25 17:45:35,637 ] root - INFO - MAE: 19.07322145695809
[ 2026-05-25 17:45:35,637 ] root - INFO - RMSE: 134.5826323356365
[ 2026-05-25 17:45:35,637 ] root - INFO - Entered the load_object method of MainUtils class
[ 2026-05-25 17:45:35,681 ] root - INFO - Exited the load_object method of MainUtils class
[ 2026-05-25 17:45:35,681 ] root - INFO - Entered the save_object method of MainUtils class
[ 2026-05-25 17:45:35,685 ] root - INFO - Exited the save_object method of MainUtils class
[ 2026-05-25 17:45:35,685 ] root - INFO - Model saved successfully
[ 2026-05-25 17:45:35,686 ] root - INFO - Loading transformed test data
[ 2026-05-25 17:45:35,687 ] root - INFO - Loading trained model
[ 2026-05-25 17:45:35,687 ] root - INFO - Entered the load_object method of MainUtils class
[ 2026-05-25 17:45:35,721 ] root - INFO - Exited the load_object method of MainUtils class
[ 2026-05-25 17:45:35,723 ] root - INFO - Model R2 Score: 0.9993301492432334
