[ 2026-05-25 12:25:09,206 ] root - INFO - Entered the run_pipeline method of TrainPipeline class
[ 2026-05-25 12:25:09,207 ] root - INFO - Entered the start_data_ingestion method of TrainPipeline class
[ 2026-05-25 12:25:09,208 ] root - INFO - Entered the start_data_ingestion method of TrainPipeline class
[ 2026-05-25 12:25:09,208 ] root - INFO - Getting the data from mongodb
[ 2026-05-25 12:25:09,208 ] root - INFO - Entered initiate_data_ingestion method of Data_Ingestion class
[ 2026-05-25 12:25:09,208 ] root - INFO - Reading data from CSV file
[ 2026-05-25 12:25:09,435 ] root - INFO - Saving data into feature store path: C:\Users\DELL\OneDrive\Desktop\crypto_ml_pr\artifact\05_25_2026_12_25_09\data_ingestion\feature_store\covtype.csv
[ 2026-05-25 12:25:10,273 ] root - INFO - Shape of dataframe: (72946, 10)
[ 2026-05-25 12:25:10,273 ] root - INFO - Exported data into feature store
[ 2026-05-25 12:25:10,273 ] root - INFO - Entered split_data_as_train_test method of Data_Ingestion class
[ 2026-05-25 12:25:10,292 ] root - INFO - Performed train test split on the dataframe
[ 2026-05-25 12:25:10,292 ] root - INFO - Exited split_data_as_train_test method of Data_Ingestion class
[ 2026-05-25 12:25:10,293 ] root - INFO - Exporting train and test file path.
[ 2026-05-25 12:25:11,246 ] root - INFO - Exported train and test file path.
[ 2026-05-25 12:25:11,249 ] root - INFO - Performed train test split on the dataset
[ 2026-05-25 12:25:11,249 ] root - INFO - Exited initiate_data_ingestion method of Data_Ingestion class
[ 2026-05-25 12:25:11,250 ] root - INFO - Data ingestion artifact: DataIngestionArtifact(trained_file_path='C:\\Users\\DELL\\OneDrive\\Desktop\\crypto_ml_pr\\artifact\\05_25_2026_12_25_09\\data_ingestion\\ingested\\train.csv', test_file_path='C:\\Users\\DELL\\OneDrive\\Desktop\\crypto_ml_pr\\artifact\\05_25_2026_12_25_09\\data_ingestion\\ingested\\test.csv')
[ 2026-05-25 12:25:11,251 ] root - INFO - Got the train_set and test_set from mongodb
[ 2026-05-25 12:25:11,251 ] root - INFO - Exited the start_data_ingestion method of TrainPipeline class
[ 2026-05-25 12:25:11,251 ] root - INFO - Entered the start_data_validation method of TrainPipeline class
[ 2026-05-25 12:25:11,255 ] root - INFO - Entered initiate_data_validation method of Data_Validation class
[ 2026-05-25 12:25:11,255 ] root - INFO - Starting data validation
