[ 2026-05-25 21:46:27,885 ] botocore.hooks - DEBUG - Changing event name from creating-client-class.iot-data to creating-client-class.iot-data-plane
[ 2026-05-25 21:46:27,889 ] botocore.hooks - DEBUG - Changing event name from before-call.apigateway to before-call.api-gateway
[ 2026-05-25 21:46:27,890 ] botocore.hooks - DEBUG - Changing event name from request-created.machinelearning.Predict to request-created.machine-learning.Predict
[ 2026-05-25 21:46:27,892 ] botocore.hooks - DEBUG - Changing event name from before-parameter-build.autoscaling.CreateLaunchConfiguration to before-parameter-build.auto-scaling.CreateLaunchConfiguration
[ 2026-05-25 21:46:27,892 ] botocore.hooks - DEBUG - Changing event name from before-parameter-build.route53 to before-parameter-build.route-53
[ 2026-05-25 21:46:27,893 ] botocore.hooks - DEBUG - Changing event name from request-created.cloudsearchdomain.Search to request-created.cloudsearch-domain.Search
[ 2026-05-25 21:46:27,893 ] botocore.hooks - DEBUG - Changing event name from docs.*.autoscaling.CreateLaunchConfiguration.complete-section to docs.*.auto-scaling.CreateLaunchConfiguration.complete-section
[ 2026-05-25 21:46:27,896 ] botocore.hooks - DEBUG - Changing event name from before-parameter-build.logs.CreateExportTask to before-parameter-build.cloudwatch-logs.CreateExportTask
[ 2026-05-25 21:46:27,896 ] botocore.hooks - DEBUG - Changing event name from docs.*.logs.CreateExportTask.complete-section to docs.*.cloudwatch-logs.CreateExportTask.complete-section
[ 2026-05-25 21:46:27,896 ] botocore.hooks - DEBUG - Changing event name from before-parameter-build.cloudsearchdomain.Search to before-parameter-build.cloudsearch-domain.Search
[ 2026-05-25 21:46:27,896 ] botocore.hooks - DEBUG - Changing event name from docs.*.cloudsearchdomain.Search.complete-section to docs.*.cloudsearch-domain.Search.complete-section
[ 2026-05-25 21:46:28,029 ] botocore.loaders - DEBUG - Loading JSON file: C:\Users\DELL\OneDrive\Desktop\crypto_ml_pr\myvenv\Lib\site-packages\boto3\data\s3\2006-03-01\resources-1.json
[ 2026-05-25 21:46:28,034 ] botocore.loaders - DEBUG - Loading JSON file: C:\Users\DELL\OneDrive\Desktop\crypto_ml_pr\myvenv\Lib\site-packages\botocore\data\endpoints.json
[ 2026-05-25 21:46:28,060 ] botocore.loaders - DEBUG - Loading JSON file: C:\Users\DELL\OneDrive\Desktop\crypto_ml_pr\myvenv\Lib\site-packages\botocore\data\sdk-default-configuration.json
[ 2026-05-25 21:46:28,061 ] botocore.hooks - DEBUG - Event choose-service-name: calling handler <function handle_service_name_alias at 0x00000222D1A0E340>
[ 2026-05-25 21:46:28,158 ] botocore.loaders - DEBUG - Loading JSON file: C:\Users\DELL\OneDrive\Desktop\crypto_ml_pr\myvenv\Lib\site-packages\botocore\data\s3\2006-03-01\service-2.json.gz
[ 2026-05-25 21:46:28,175 ] botocore.loaders - DEBUG - Loading JSON file: C:\Users\DELL\OneDrive\Desktop\crypto_ml_pr\myvenv\Lib\site-packages\botocore\data\s3\2006-03-01\service-2.sdk-extras.json
[ 2026-05-25 21:46:28,311 ] botocore.loaders - DEBUG - Loading JSON file: C:\Users\DELL\OneDrive\Desktop\crypto_ml_pr\myvenv\Lib\site-packages\botocore\data\s3\2006-03-01\endpoint-rule-set-1.json.gz
[ 2026-05-25 21:46:28,317 ] botocore.loaders - DEBUG - Loading JSON file: C:\Users\DELL\OneDrive\Desktop\crypto_ml_pr\myvenv\Lib\site-packages\botocore\data\partitions.json
[ 2026-05-25 21:46:28,319 ] botocore.hooks - DEBUG - Event creating-client-class.s3: calling handler <function add_generate_presigned_post at 0x00000222D1961BC0>
[ 2026-05-25 21:46:28,319 ] botocore.hooks - DEBUG - Event creating-client-class.s3: calling handler <function lazy_call.<locals>._handler at 0x00000222C628DD00>
[ 2026-05-25 21:46:28,326 ] botocore.hooks - DEBUG - Event creating-client-class.s3: calling handler <function add_generate_presigned_url at 0x00000222D1961940>
[ 2026-05-25 21:46:28,327 ] botocore.configprovider - DEBUG - Looking for endpoint for s3 via: environment_service
[ 2026-05-25 21:46:28,327 ] botocore.configprovider - DEBUG - Looking for endpoint for s3 via: environment_global
[ 2026-05-25 21:46:28,327 ] botocore.configprovider - DEBUG - Looking for endpoint for s3 via: config_service
[ 2026-05-25 21:46:28,327 ] botocore.configprovider - DEBUG - Looking for endpoint for s3 via: config_global
[ 2026-05-25 21:46:28,327 ] botocore.configprovider - DEBUG - No configured endpoint found.
[ 2026-05-25 21:46:28,329 ] botocore.endpoint - DEBUG - Setting s3 timeout as (60, 60)
[ 2026-05-25 21:46:28,343 ] botocore.loaders - DEBUG - Loading JSON file: C:\Users\DELL\OneDrive\Desktop\crypto_ml_pr\myvenv\Lib\site-packages\botocore\data\_retry.json
[ 2026-05-25 21:46:28,343 ] botocore.client - DEBUG - Registering retry handlers for service: s3
[ 2026-05-25 21:46:28,344 ] botocore.utils - DEBUG - Registering S3 region redirector handler
[ 2026-05-25 21:46:28,344 ] botocore.utils - DEBUG - Registering S3Express Identity Resolver
[ 2026-05-25 21:46:28,345 ] boto3.resources.factory - DEBUG - Loading s3:s3
[ 2026-05-25 21:46:28,346 ] botocore.hooks - DEBUG - Event choose-service-name: calling handler <function handle_service_name_alias at 0x00000222D1A0E340>
[ 2026-05-25 21:46:28,365 ] botocore.hooks - DEBUG - Event creating-client-class.s3: calling handler <function add_generate_presigned_post at 0x00000222D1961BC0>
[ 2026-05-25 21:46:28,365 ] botocore.hooks - DEBUG - Event creating-client-class.s3: calling handler <function lazy_call.<locals>._handler at 0x00000222C628DD00>
[ 2026-05-25 21:46:28,365 ] botocore.hooks - DEBUG - Event creating-client-class.s3: calling handler <function add_generate_presigned_url at 0x00000222D1961940>
[ 2026-05-25 21:46:28,366 ] botocore.configprovider - DEBUG - Looking for endpoint for s3 via: environment_service
[ 2026-05-25 21:46:28,366 ] botocore.configprovider - DEBUG - Looking for endpoint for s3 via: environment_global
[ 2026-05-25 21:46:28,366 ] botocore.configprovider - DEBUG - Looking for endpoint for s3 via: config_service
[ 2026-05-25 21:46:28,366 ] botocore.configprovider - DEBUG - Looking for endpoint for s3 via: config_global
[ 2026-05-25 21:46:28,366 ] botocore.configprovider - DEBUG - No configured endpoint found.
[ 2026-05-25 21:46:28,367 ] botocore.endpoint - DEBUG - Setting s3 timeout as (60, 60)
[ 2026-05-25 21:46:28,370 ] botocore.client - DEBUG - Registering retry handlers for service: s3
[ 2026-05-25 21:46:28,370 ] botocore.utils - DEBUG - Registering S3 region redirector handler
[ 2026-05-25 21:46:28,371 ] botocore.utils - DEBUG - Registering S3Express Identity Resolver
[ 2026-05-25 21:46:28,371 ] boto3.resources.factory - DEBUG - Loading s3:Bucket
[ 2026-05-25 21:46:28,372 ] boto3.resources.model - DEBUG - Renaming Bucket attribute name
[ 2026-05-25 21:46:28,373 ] botocore.hooks - DEBUG - Event creating-resource-class.s3.Bucket: calling handler <function lazy_call.<locals>._handler at 0x00000222D1AAFF60>
[ 2026-05-25 21:46:28,454 ] botocore.loaders - DEBUG - Loading JSON file: C:\Users\DELL\OneDrive\Desktop\crypto_ml_pr\myvenv\Lib\site-packages\botocore\data\s3\2006-03-01\paginators-1.json
[ 2026-05-25 21:46:28,455 ] botocore.loaders - DEBUG - Loading JSON file: C:\Users\DELL\OneDrive\Desktop\crypto_ml_pr\myvenv\Lib\site-packages\botocore\data\s3\2006-03-01\paginators-1.sdk-extras.json
[ 2026-05-25 21:46:28,455 ] boto3.resources.collection - DEBUG - Calling paginated s3:list_objects with {'Bucket': 'your-bucket-name', 'Prefix': 'artifact/'}
[ 2026-05-25 21:46:28,457 ] botocore.hooks - DEBUG - Event before-parameter-build.s3.ListObjects: calling handler <function set_list_objects_encoding_type_url at 0x00000222D1A3C180>
[ 2026-05-25 21:46:28,457 ] botocore.hooks - DEBUG - Event before-parameter-build.s3.ListObjects: calling handler <function validate_bucket_name at 0x00000222D1A0ECA0>
[ 2026-05-25 21:46:28,457 ] botocore.hooks - DEBUG - Event before-parameter-build.s3.ListObjects: calling handler <function remove_bucket_from_url_paths_from_model at 0x00000222D1A3D120>
[ 2026-05-25 21:46:28,457 ] botocore.hooks - DEBUG - Event before-parameter-build.s3.ListObjects: calling handler <bound method S3RegionRedirectorv2.annotate_request_context of <botocore.utils.S3RegionRedirectorv2 object at 0x00000222D2655160>>
[ 2026-05-25 21:46:28,457 ] botocore.hooks - DEBUG - Event before-parameter-build.s3.ListObjects: calling handler <bound method ClientCreator._inject_s3_input_parameters of <botocore.client.ClientCreator object at 0x00000222D1ADE120>>
[ 2026-05-25 21:46:28,457 ] botocore.hooks - DEBUG - Event before-parameter-build.s3.ListObjects: calling handler <function generate_idempotent_uuid at 0x00000222D1A0EAC0>
[ 2026-05-25 21:46:28,458 ] botocore.hooks - DEBUG - Event before-parameter-build.s3.ListObjects: calling handler <function _handle_request_validation_mode_member at 0x00000222D1A3D8A0>
[ 2026-05-25 21:46:28,458 ] botocore.hooks - DEBUG - Event before-endpoint-resolution.s3: calling handler <function customize_endpoint_resolver_builtins at 0x00000222D1A3D300>
[ 2026-05-25 21:46:28,458 ] botocore.hooks - DEBUG - Event before-endpoint-resolution.s3: calling handler <bound method S3RegionRedirectorv2.redirect_from_cache of <botocore.utils.S3RegionRedirectorv2 object at 0x00000222D2655160>>
[ 2026-05-25 21:46:28,458 ] botocore.regions - DEBUG - Calling endpoint provider with parameters: {'Bucket': 'your-bucket-name', 'Region': 'ap-south-1', 'UseFIPS': False, 'UseDualStack': False, 'ForcePathStyle': False, 'Accelerate': False, 'UseGlobalEndpoint': False, 'Prefix': 'artifact/', 'DisableMultiRegionAccessPoints': False, 'UseArnRegion': True, 'DisableS3ExpressSessionAuth': False}
[ 2026-05-25 21:46:28,459 ] botocore.regions - DEBUG - Endpoint provider result: https://your-bucket-name.s3.ap-south-1.amazonaws.com
[ 2026-05-25 21:46:28,459 ] botocore.regions - DEBUG - Selecting from endpoint provider's list of auth schemes: "sigv4". User selected auth scheme is: "None"
[ 2026-05-25 21:46:28,459 ] botocore.regions - DEBUG - Selected auth type "v4" as "v4" with signing context params: {'region': 'ap-south-1', 'signing_name': 's3', 'disableDoubleEncoding': True}
[ 2026-05-25 21:46:28,460 ] botocore.hooks - DEBUG - Event before-call.s3.ListObjects: calling handler <function add_expect_header at 0x00000222D1A0F060>
[ 2026-05-25 21:46:28,460 ] botocore.hooks - DEBUG - Event before-call.s3.ListObjects: calling handler <bound method S3ExpressIdentityResolver.apply_signing_cache_key of <botocore.utils.S3ExpressIdentityResolver object at 0x00000222D26552B0>>
[ 2026-05-25 21:46:28,460 ] botocore.hooks - DEBUG - Event before-call.s3.ListObjects: calling handler <function add_recursion_detection_header at 0x00000222D1A0E520>
[ 2026-05-25 21:46:28,460 ] botocore.hooks - DEBUG - Event before-call.s3.ListObjects: calling handler <function inject_api_version_header_if_needed at 0x00000222D1A3C5E0>
[ 2026-05-25 21:46:28,460 ] botocore.endpoint - DEBUG - Making request for OperationModel(name=ListObjects) with params: {'url_path': '', 'query_string': {'prefix': 'artifact/', 'encoding-type': 'url'}, 'method': 'GET', 'headers': {'User-Agent': 'Boto3/1.43.14 md/Botocore#1.43.14 ua/2.1 os/windows#10 md/arch#amd64 lang/python#3.13.9 md/pyimpl#CPython m/C,Z,e,D,b cfg/retry-mode#legacy Botocore/1.43.14 Resource'}, 'body': b'', 'auth_path': '/your-bucket-name/', 'url': 'https://your-bucket-name.s3.ap-south-1.amazonaws.com/?prefix=artifact%2F&encoding-type=url', 'context': {'client_region': 'ap-south-1', 'client_config': <botocore.config.Config object at 0x00000222D2628690>, 'has_streaming_input': False, 'auth_type': 'v4', 'unsigned_payload': None, 'auth_options': ['aws.auth#sigv4'], 'encoding_type_auto_set': True, 's3_redirect': {'redirected': False, 'bucket': 'your-bucket-name', 'params': {'Bucket': 'your-bucket-name', 'Prefix': 'artifact/', 'EncodingType': 'url'}}, 'input_params': {'Bucket': 'your-bucket-name', 'Prefix': 'artifact/'}, 'signing': {'region': 'ap-south-1', 'signing_name': 's3', 'disableDoubleEncoding': True}, 'endpoint_properties': {'authSchemes': [{'disableDoubleEncoding': True, 'name': 'sigv4', 'signingName': 's3', 'signingRegion': 'ap-south-1'}]}}}
[ 2026-05-25 21:46:28,461 ] botocore.hooks - DEBUG - Event request-created.s3.ListObjects: calling handler <bound method RequestSigner.handler of <botocore.signers.RequestSigner object at 0x00000222D1CF2CF0>>
[ 2026-05-25 21:46:28,461 ] botocore.hooks - DEBUG - Event choose-signer.s3.ListObjects: calling handler <function set_operation_specific_signer at 0x00000222D1A0E7A0>
[ 2026-05-25 21:46:28,461 ] botocore.hooks - DEBUG - Event before-sign.s3.ListObjects: calling handler <function remove_arn_from_signing_path at 0x00000222D1A3D260>
[ 2026-05-25 21:46:28,461 ] botocore.hooks - DEBUG - Event before-sign.s3.ListObjects: calling handler <function _set_extra_headers_for_unsigned_request at 0x00000222D1A3D940>
[ 2026-05-25 21:46:28,461 ] botocore.hooks - DEBUG - Event before-sign.s3.ListObjects: calling handler <bound method S3ExpressIdentityResolver.resolve_s3express_identity of <botocore.utils.S3ExpressIdentityResolver object at 0x00000222D26552B0>>
[ 2026-05-25 21:46:28,462 ] botocore.auth - DEBUG - Calculating signature using v4 auth.
[ 2026-05-25 21:46:28,462 ] botocore.auth - DEBUG - CanonicalRequest:
GET
/
encoding-type=url&prefix=artifact%2F
host:your-bucket-name.s3.ap-south-1.amazonaws.com
x-amz-content-sha256:e3b0c44298fc1c149afbf4c8996fb92427ae41e4649b934ca495991b7852b855
x-amz-date:20260525T161628Z

host;x-amz-content-sha256;x-amz-date
e3b0c44298fc1c149afbf4c8996fb92427ae41e4649b934ca495991b7852b855
[ 2026-05-25 21:46:28,462 ] botocore.auth - DEBUG - StringToSign:
AWS4-HMAC-SHA256
20260525T161628Z
20260525/ap-south-1/s3/aws4_request
f838664f5ff383b2db0d122e673688eec8504b0f3ac13445b1fd2244c949d934
[ 2026-05-25 21:46:28,462 ] botocore.auth - DEBUG - Signature:
ccedf0e5caa55b9a0b88594cb25d5ba9afea48b0a2b4c1beca2f9f258d721cb4
[ 2026-05-25 21:46:28,462 ] botocore.hooks - DEBUG - Event request-created.s3.ListObjects: calling handler <bound method UserAgentString.rebuild_and_replace_user_agent_handler of <botocore.useragent.UserAgentString object at 0x00000222D26291D0>>
[ 2026-05-25 21:46:28,462 ] botocore.hooks - DEBUG - Event request-created.s3.ListObjects: calling handler <function add_retry_headers at 0x00000222D1A3D080>
[ 2026-05-25 21:46:28,462 ] botocore.endpoint - DEBUG - Sending http request: <AWSPreparedRequest stream_output=False, method=GET, url=https://your-bucket-name.s3.ap-south-1.amazonaws.com/?prefix=artifact%2F&encoding-type=url, headers={'User-Agent': b'Boto3/1.43.14 md/Botocore#1.43.14 ua/2.1 os/windows#10 md/arch#amd64 lang/python#3.13.9 md/pyimpl#CPython m/C,Z,e,D,b cfg/retry-mode#legacy Botocore/1.43.14 Resource', 'X-Amz-Date': b'20260525T161628Z', 'X-Amz-Content-SHA256': b'e3b0c44298fc1c149afbf4c8996fb92427ae41e4649b934ca495991b7852b855', 'Authorization': b'AWS4-HMAC-SHA256 Credential=YOUR_REAL_KEY/20260525/ap-south-1/s3/aws4_request, SignedHeaders=host;x-amz-content-sha256;x-amz-date, Signature=ccedf0e5caa55b9a0b88594cb25d5ba9afea48b0a2b4c1beca2f9f258d721cb4', 'amz-sdk-invocation-id': b'd877ee5b-4e40-439e-b4ca-ac064a7397f4', 'amz-sdk-request': b'attempt=1'}>
[ 2026-05-25 21:46:28,469 ] botocore.httpsession - DEBUG - Certificate path: C:\Users\DELL\OneDrive\Desktop\crypto_ml_pr\myvenv\Lib\site-packages\certifi\cacert.pem
[ 2026-05-25 21:46:28,469 ] urllib3.connectionpool - DEBUG - Starting new HTTPS connection (1): your-bucket-name.s3.ap-south-1.amazonaws.com:443
[ 2026-05-25 21:46:29,122 ] urllib3.connectionpool - DEBUG - https://your-bucket-name.s3.ap-south-1.amazonaws.com:443 "GET /?prefix=artifact%2F&encoding-type=url HTTP/1.1" 301 None
[ 2026-05-25 21:46:29,123 ] botocore.hooks - DEBUG - Event before-parse.s3.ListObjects: calling handler <function _handle_200_error at 0x00000222D1A3D620>
[ 2026-05-25 21:46:29,123 ] botocore.hooks - DEBUG - Event before-parse.s3.ListObjects: calling handler <function handle_expires_header at 0x00000222D1A3D440>
[ 2026-05-25 21:46:29,123 ] botocore.parsers - DEBUG - Response headers: {'x-amz-bucket-region': 'us-east-1', 'x-amz-request-id': '0SRWMHFY6SQA70T9', 'x-amz-id-2': 'li9jF8SFuwKDtJ0tk2uketsGNx6pLFcBcIHzV6OPpkq7eVoL5ke45KDZ8KoFCD8/TzpjpPgb1vA=', 'Content-Type': 'application/xml', 'Transfer-Encoding': 'chunked', 'Date': 'Mon, 25 May 2026 16:16:29 GMT', 'Server': 'AmazonS3'}
[ 2026-05-25 21:46:29,123 ] botocore.parsers - DEBUG - Response body:
b'<?xml version="1.0" encoding="UTF-8"?>\n<Error><Code>PermanentRedirect</Code><Message>The bucket you are attempting to access must be addressed using the specified endpoint. Please send all future requests to this endpoint.</Message><Endpoint>s3.amazonaws.com</Endpoint><Bucket>your-bucket-name</Bucket><RequestId>0SRWMHFY6SQA70T9</RequestId><HostId>li9jF8SFuwKDtJ0tk2uketsGNx6pLFcBcIHzV6OPpkq7eVoL5ke45KDZ8KoFCD8/TzpjpPgb1vA=</HostId></Error>'
[ 2026-05-25 21:46:29,127 ] botocore.hooks - DEBUG - Event needs-retry.s3.ListObjects: calling handler <function _update_status_code at 0x00000222D1A3D800>
[ 2026-05-25 21:46:29,127 ] botocore.hooks - DEBUG - Event needs-retry.s3.ListObjects: calling handler <botocore.retryhandler.RetryHandler object at 0x00000222D2655010>
[ 2026-05-25 21:46:29,127 ] botocore.retryhandler - DEBUG - No retry needed.
[ 2026-05-25 21:46:29,127 ] botocore.hooks - DEBUG - Event needs-retry.s3.ListObjects: calling handler <bound method S3RegionRedirectorv2.redirect_from_error of <botocore.utils.S3RegionRedirectorv2 object at 0x00000222D2655160>>
[ 2026-05-25 21:46:29,127 ] botocore.utils - DEBUG - S3 client configured for region ap-south-1 but the bucket your-bucket-name is in region us-east-1; Please configure the proper region to avoid multiple unnecessary redirects and signing attempts.
[ 2026-05-25 21:46:29,128 ] botocore.hooks - DEBUG - Event before-endpoint-resolution.s3: calling handler <function customize_endpoint_resolver_builtins at 0x00000222D1A3D300>
[ 2026-05-25 21:46:29,128 ] botocore.hooks - DEBUG - Event before-endpoint-resolution.s3: calling handler <bound method S3RegionRedirectorv2.redirect_from_cache of <botocore.utils.S3RegionRedirectorv2 object at 0x00000222D2655160>>
[ 2026-05-25 21:46:29,128 ] botocore.regions - DEBUG - Calling endpoint provider with parameters: {'Bucket': 'your-bucket-name', 'Region': 'us-east-1', 'UseFIPS': False, 'UseDualStack': False, 'ForcePathStyle': False, 'Accelerate': False, 'UseGlobalEndpoint': False, 'Prefix': 'artifact/', 'DisableMultiRegionAccessPoints': False, 'UseArnRegion': True, 'DisableS3ExpressSessionAuth': False}
[ 2026-05-25 21:46:29,128 ] botocore.regions - DEBUG - Endpoint provider result: https://your-bucket-name.s3.us-east-1.amazonaws.com
[ 2026-05-25 21:46:29,128 ] botocore.utils - DEBUG - Updating URI from https://your-bucket-name.s3.ap-south-1.amazonaws.com/?prefix=artifact%2F&encoding-type=url to https://your-bucket-name.s3.us-east-1.amazonaws.com/?prefix=artifact%2F&encoding-type=url
[ 2026-05-25 21:46:29,128 ] botocore.regions - DEBUG - Selecting from endpoint provider's list of auth schemes: "sigv4". User selected auth scheme is: "None"
[ 2026-05-25 21:46:29,128 ] botocore.regions - DEBUG - Selected auth type "v4" as "v4" with signing context params: {'region': 'us-east-1', 'signing_name': 's3', 'disableDoubleEncoding': True}
[ 2026-05-25 21:46:29,129 ] botocore.endpoint - DEBUG - Response received to retry, sleeping for 0 seconds
[ 2026-05-25 21:46:29,130 ] botocore.hooks - DEBUG - Event request-created.s3.ListObjects: calling handler <bound method RequestSigner.handler of <botocore.signers.RequestSigner object at 0x00000222D1CF2CF0>>
[ 2026-05-25 21:46:29,130 ] botocore.hooks - DEBUG - Event choose-signer.s3.ListObjects: calling handler <function set_operation_specific_signer at 0x00000222D1A0E7A0>
[ 2026-05-25 21:46:29,130 ] botocore.hooks - DEBUG - Event before-sign.s3.ListObjects: calling handler <function remove_arn_from_signing_path at 0x00000222D1A3D260>
[ 2026-05-25 21:46:29,130 ] botocore.hooks - DEBUG - Event before-sign.s3.ListObjects: calling handler <function _set_extra_headers_for_unsigned_request at 0x00000222D1A3D940>
[ 2026-05-25 21:46:29,130 ] botocore.hooks - DEBUG - Event before-sign.s3.ListObjects: calling handler <bound method S3ExpressIdentityResolver.resolve_s3express_identity of <botocore.utils.S3ExpressIdentityResolver object at 0x00000222D26552B0>>
[ 2026-05-25 21:46:29,130 ] botocore.auth - DEBUG - Calculating signature using v4 auth.
[ 2026-05-25 21:46:29,130 ] botocore.auth - DEBUG - CanonicalRequest:
GET
/
encoding-type=url&prefix=artifact%2F
host:your-bucket-name.s3.us-east-1.amazonaws.com
x-amz-content-sha256:e3b0c44298fc1c149afbf4c8996fb92427ae41e4649b934ca495991b7852b855
x-amz-date:20260525T161629Z

host;x-amz-content-sha256;x-amz-date
e3b0c44298fc1c149afbf4c8996fb92427ae41e4649b934ca495991b7852b855
[ 2026-05-25 21:46:29,130 ] botocore.auth - DEBUG - StringToSign:
AWS4-HMAC-SHA256
20260525T161629Z
20260525/us-east-1/s3/aws4_request
c75a1ecfa19a7186547bf9f2224b838c664d0ec3cce5359c5263b6b2bdaae948
[ 2026-05-25 21:46:29,130 ] botocore.auth - DEBUG - Signature:
786c6f4de4c75af4b09d6c8db20f50dde82500a103618b58f59ab4262d3bbf6b
[ 2026-05-25 21:46:29,131 ] botocore.hooks - DEBUG - Event request-created.s3.ListObjects: calling handler <bound method UserAgentString.rebuild_and_replace_user_agent_handler of <botocore.useragent.UserAgentString object at 0x00000222D26291D0>>
[ 2026-05-25 21:46:29,131 ] botocore.hooks - DEBUG - Event request-created.s3.ListObjects: calling handler <function add_retry_headers at 0x00000222D1A3D080>
[ 2026-05-25 21:46:29,131 ] botocore.endpoint - DEBUG - Sending http request: <AWSPreparedRequest stream_output=False, method=GET, url=https://your-bucket-name.s3.us-east-1.amazonaws.com/?prefix=artifact%2F&encoding-type=url, headers={'User-Agent': b'Boto3/1.43.14 md/Botocore#1.43.14 ua/2.1 os/windows#10 md/arch#amd64 lang/python#3.13.9 md/pyimpl#CPython m/C,Z,e,D,b cfg/retry-mode#legacy Botocore/1.43.14 Resource', 'X-Amz-Date': b'20260525T161629Z', 'X-Amz-Content-SHA256': b'e3b0c44298fc1c149afbf4c8996fb92427ae41e4649b934ca495991b7852b855', 'Authorization': b'AWS4-HMAC-SHA256 Credential=YOUR_REAL_KEY/20260525/us-east-1/s3/aws4_request, SignedHeaders=host;x-amz-content-sha256;x-amz-date, Signature=786c6f4de4c75af4b09d6c8db20f50dde82500a103618b58f59ab4262d3bbf6b', 'amz-sdk-invocation-id': b'd877ee5b-4e40-439e-b4ca-ac064a7397f4', 'amz-sdk-request': b'ttl=20260525T161729Z; attempt=2; max=5'}>
[ 2026-05-25 21:46:29,131 ] botocore.httpsession - DEBUG - Certificate path: C:\Users\DELL\OneDrive\Desktop\crypto_ml_pr\myvenv\Lib\site-packages\certifi\cacert.pem
[ 2026-05-25 21:46:29,131 ] urllib3.connectionpool - DEBUG - Starting new HTTPS connection (1): your-bucket-name.s3.us-east-1.amazonaws.com:443
[ 2026-05-25 21:46:30,702 ] urllib3.connectionpool - DEBUG - https://your-bucket-name.s3.us-east-1.amazonaws.com:443 "GET /?prefix=artifact%2F&encoding-type=url HTTP/1.1" 403 None
[ 2026-05-25 21:46:30,702 ] botocore.hooks - DEBUG - Event before-parse.s3.ListObjects: calling handler <function _handle_200_error at 0x00000222D1A3D620>
[ 2026-05-25 21:46:30,703 ] botocore.hooks - DEBUG - Event before-parse.s3.ListObjects: calling handler <function handle_expires_header at 0x00000222D1A3D440>
[ 2026-05-25 21:46:30,703 ] botocore.parsers - DEBUG - Response headers: {'x-amz-bucket-region': 'us-east-1', 'x-amz-request-id': '1HD7X5SPKYX586H7', 'x-amz-id-2': 'zUajFI1RCWdJ0xCKqprwGEnMgerUvOymrzM24s8terPN4TT/jmgQ8o7IAapqAe/ki614RU/itZA=', 'Content-Type': 'application/xml', 'Transfer-Encoding': 'chunked', 'Date': 'Mon, 25 May 2026 16:16:30 GMT', 'Server': 'AmazonS3'}
[ 2026-05-25 21:46:30,703 ] botocore.parsers - DEBUG - Response body:
b'<?xml version="1.0" encoding="UTF-8"?>\n<Error><Code>InvalidAccessKeyId</Code><Message>The AWS Access Key Id you provided does not exist in our records.</Message><AWSAccessKeyId>YOUR_REAL_KEY</AWSAccessKeyId><RequestId>1HD7X5SPKYX586H7</RequestId><HostId>zUajFI1RCWdJ0xCKqprwGEnMgerUvOymrzM24s8terPN4TT/jmgQ8o7IAapqAe/ki614RU/itZA=</HostId></Error>'
[ 2026-05-25 21:46:30,703 ] botocore.hooks - DEBUG - Event needs-retry.s3.ListObjects: calling handler <function _update_status_code at 0x00000222D1A3D800>
[ 2026-05-25 21:46:30,703 ] botocore.hooks - DEBUG - Event needs-retry.s3.ListObjects: calling handler <botocore.retryhandler.RetryHandler object at 0x00000222D2655010>
[ 2026-05-25 21:46:30,704 ] botocore.retryhandler - DEBUG - No retry needed.
[ 2026-05-25 21:46:30,704 ] botocore.hooks - DEBUG - Event needs-retry.s3.ListObjects: calling handler <bound method S3RegionRedirectorv2.redirect_from_error of <botocore.utils.S3RegionRedirectorv2 object at 0x00000222D2655160>>
[ 2026-05-25 21:46:30,704 ] botocore.utils - DEBUG - S3 request was previously redirected, not redirecting.
[ 2026-05-25 21:46:30,704 ] botocore.hooks - DEBUG - Event after-call.s3.ListObjects: calling handler <function decode_list_object at 0x00000222D1A3C220>
