[ 2026-05-25 22:18:29,905 ] root - INFO - \U0001f680 Starting Crypto ML Pipeline...
[ 2026-05-25 22:18:29,906 ] root - INFO - Pipeline started
[ 2026-05-25 22:18:29,907 ] root - INFO - Starting data ingestion
[ 2026-05-25 22:18:29,907 ] root - INFO - Entered initiate_data_ingestion method of Data_Ingestion class
[ 2026-05-25 22:18:29,907 ] root - INFO - Reading data from CSV file
[ 2026-05-25 22:18:30,145 ] root - INFO - Saving data into feature store path: C:\Users\DELL\OneDrive\Desktop\crypto_ml_pr\artifact\05_25_2026_22_18_29\data_ingestion\feature_store\covtype.csv
[ 2026-05-25 22:18:31,363 ] root - INFO - Shape of dataframe: (72946, 10)
[ 2026-05-25 22:18:31,364 ] root - INFO - Exported data into feature store
[ 2026-05-25 22:18:31,364 ] root - INFO - Entered split_data_as_train_test method of Data_Ingestion class
[ 2026-05-25 22:18:31,389 ] root - INFO - Performed train test split on the dataframe
[ 2026-05-25 22:18:31,389 ] root - INFO - Exited split_data_as_train_test method of Data_Ingestion class
[ 2026-05-25 22:18:31,390 ] root - INFO - Exporting train and test file path.
[ 2026-05-25 22:18:32,522 ] root - INFO - Exported train and test file path.
[ 2026-05-25 22:18:32,525 ] root - INFO - Performed train test split on the dataset
[ 2026-05-25 22:18:32,525 ] root - INFO - Exited initiate_data_ingestion method of Data_Ingestion class
[ 2026-05-25 22:18:32,525 ] root - INFO - Data ingestion artifact: DataIngestionArtifact(trained_file_path='C:\\Users\\DELL\\OneDrive\\Desktop\\crypto_ml_pr\\artifact\\05_25_2026_22_18_29\\data_ingestion\\ingested\\train.csv', test_file_path='C:\\Users\\DELL\\OneDrive\\Desktop\\crypto_ml_pr\\artifact\\05_25_2026_22_18_29\\data_ingestion\\ingested\\test.csv')
[ 2026-05-25 22:18:32,532 ] root - INFO - Entered initiate_data_validation method of Data_Validation class
[ 2026-05-25 22:18:32,532 ] root - INFO - Starting data validation
[ 2026-05-25 22:18:33,020 ] root - INFO - Is required column present: [False]
[ 2026-05-25 22:18:33,020 ] root - INFO - Is required column present: [False]
[ 2026-05-25 22:18:33,020 ] root - INFO - All required columns present in testing dataframe: False
[ 2026-05-25 22:18:33,020 ] root - INFO - Missing numerical column: []
[ 2026-05-25 22:18:33,021 ] root - INFO - Missing numerical column: []
[ 2026-05-25 22:18:33,021 ] root - INFO - Validation_error: Columns are missing in training dataframe.Columns are missing in test dataframe.
[ 2026-05-25 22:18:33,021 ] root - INFO - Data validation artifact: DataValidationArtifact(validation_status=False, valid_train_file_path='C:\\Users\\DELL\\OneDrive\\Desktop\\crypto_ml_pr\\artifact\\05_25_2026_22_18_29\\data_ingestion\\ingested\\train.csv', valid_test_file_path='C:\\Users\\DELL\\OneDrive\\Desktop\\crypto_ml_pr\\artifact\\05_25_2026_22_18_29\\data_ingestion\\ingested\\test.csv', invalid_train_file_path='C:\\Users\\DELL\\OneDrive\\Desktop\\crypto_ml_pr\\artifact\\05_25_2026_22_18_29\\data_validation\\invalid\\train.csv', invalid_test_file_path='C:\\Users\\DELL\\OneDrive\\Desktop\\crypto_ml_pr\\artifact\\05_25_2026_22_18_29\\data_validation\\invalid\\test.csv', drift_report_file_path='C:\\Users\\DELL\\OneDrive\\Desktop\\crypto_ml_pr\\artifact\\05_25_2026_22_18_29\\data_validation\\drift_report\\report.yaml')
[ 2026-05-25 22:18:33,022 ] root - INFO - Starting data transformation
[ 2026-05-25 22:18:33,313 ] root - INFO - Cleaning dataframe (dropping unwanted columns)
[ 2026-05-25 22:18:33,318 ] root - INFO - Cleaning dataframe (dropping unwanted columns)
[ 2026-05-25 22:18:33,328 ] root - INFO - Loading schema file
[ 2026-05-25 22:18:33,334 ] root - INFO - Numerical features: ['open', 'high', 'low', 'volume', 'marketCap']
[ 2026-05-25 22:18:33,335 ] root - INFO - Categorical features: []
[ 2026-05-25 22:18:33,424 ] root - INFO - Entered the save_object method of MainUtils class
[ 2026-05-25 22:18:33,429 ] root - INFO - Exited the save_object method of MainUtils class
[ 2026-05-25 22:18:33,434 ] root - INFO - Data transformation completed successfully
[ 2026-05-25 22:18:33,436 ] root - INFO - Loading training and testing data
[ 2026-05-25 22:18:33,499 ] root - INFO - Entered the load_object method of MainUtils class
[ 2026-05-25 22:18:33,563 ] root - INFO - Exited the load_object method of MainUtils class
[ 2026-05-25 22:18:33,563 ] root - INFO - Entered the save_object method of MainUtils class
[ 2026-05-25 22:18:33,570 ] root - INFO - Exited the save_object method of MainUtils class
[ 2026-05-25 22:18:33,571 ] root - INFO - Loading test data
[ 2026-05-25 22:18:33,572 ] root - INFO - Loading trained model
[ 2026-05-25 22:18:33,572 ] root - INFO - Entered the load_object method of MainUtils class
[ 2026-05-25 22:18:33,601 ] root - INFO - Exited the load_object method of MainUtils class
[ 2026-05-25 22:18:33,603 ] root - INFO - R2 Score: 0.9991586411227943
[ 2026-05-25 22:18:33,603 ] root - INFO - Entered initiate_model_pusher method of ModelTrainer class
[ 2026-05-25 22:18:33,603 ] root - INFO - Uploading artifacts folder to s3 bucket
[ 2026-05-25 22:18:33,605 ] root - INFO - Uploaded artifacts folder to s3 bucket
[ 2026-05-25 22:18:33,606 ] root - INFO - Model pusher artifact: [ModelPusherArtifact(bucket_name='tushar-crypto-ml-project-2026', s3_model_path='model-registry\\model.pkl')]
[ 2026-05-25 22:18:33,606 ] root - INFO - Exited initiate_model_pusher method of ModelTrainer class
[ 2026-05-25 22:18:33,606 ] root - INFO - Pipeline completed successfully
[ 2026-05-25 22:18:33,606 ] root - INFO - \u2705 Pipeline Completed Successfully
