[ 2026-05-25 11:45:47,210 ] root - INFO - Entered the run_pipeline method of TrainPipeline class
[ 2026-05-25 11:45:47,211 ] root - INFO - Entered the start_data_ingestion method of TrainPipeline class
[ 2026-05-25 11:45:47,211 ] root - INFO - Entered the start_data_ingestion method of TrainPipeline class
[ 2026-05-25 11:45:47,211 ] root - INFO - Getting the data from mongodb
[ 2026-05-25 11:45:47,212 ] root - INFO - Entered initiate_data_ingestion method of Data_Ingestion class
[ 2026-05-25 11:45:47,212 ] root - INFO - Reading data from CSV file
[ 2026-05-25 11:45:47,616 ] root - INFO - Saving data into feature store path: C:\Users\DELL\OneDrive\Desktop\crypto_ml_pr\artifact\05_25_2026_11_45_47\data_ingestion\feature_store\covtype.csv
[ 2026-05-25 11:45:48,586 ] root - INFO - Shape of dataframe: (72946, 10)
[ 2026-05-25 11:45:48,590 ] root - INFO - Got the data from mongodb
[ 2026-05-25 11:45:48,590 ] root - INFO - Entered split_data_as_train_test method of Data_Ingestion class
[ 2026-05-25 11:45:48,607 ] root - INFO - Performed train test split on the dataframe
[ 2026-05-25 11:45:48,607 ] root - INFO - Exited split_data_as_train_test method of Data_Ingestion class
[ 2026-05-25 11:45:48,608 ] root - INFO - Exporting train and test file path.
[ 2026-05-25 11:45:49,341 ] root - INFO - Exported train and test file path.
[ 2026-05-25 11:45:49,342 ] root - INFO - Performed train test split on the dataset
[ 2026-05-25 11:45:49,343 ] root - INFO - Exited initiate_data_ingestion method of Data_Ingestion class
[ 2026-05-25 11:45:49,343 ] root - INFO - Data ingestion artifact: DataIngestionArtifact(trained_file_path='C:\\Users\\DELL\\OneDrive\\Desktop\\crypto_ml_pr\\artifact\\05_25_2026_11_45_47\\data_ingestion\\ingested\\train.csv', test_file_path='C:\\Users\\DELL\\OneDrive\\Desktop\\crypto_ml_pr\\artifact\\05_25_2026_11_45_47\\data_ingestion\\ingested\\test.csv')
[ 2026-05-25 11:45:49,344 ] root - INFO - Got the train_set and test_set from mongodb
[ 2026-05-25 11:45:49,344 ] root - INFO - Exited the start_data_ingestion method of TrainPipeline class
[ 2026-05-25 11:45:49,344 ] root - INFO - Entered the start_data_validation method of TrainPipeline class
[ 2026-05-25 11:45:49,346 ] root - INFO - Entered initiate_data_validation method of Data_Validation class
[ 2026-05-25 11:45:49,346 ] root - INFO - Starting data validation
[ 2026-05-25 11:45:49,638 ] root - INFO - Is required column present: [False]
[ 2026-05-25 11:45:49,638 ] root - INFO - Is required column present: [False]
[ 2026-05-25 11:45:49,639 ] root - INFO - All required columns present in testing dataframe: False
[ 2026-05-25 11:45:49,639 ] root - INFO - Missing numerical column: []
[ 2026-05-25 11:45:49,639 ] root - INFO - Missing numerical column: []
[ 2026-05-25 11:45:49,639 ] root - INFO - Validation_error: Columns are missing in training dataframe.Columns are missing in test dataframe.
[ 2026-05-25 11:45:49,639 ] root - INFO - Data validation artifact: DataValidationArtifact(validation_status=False, valid_train_file_path='C:\\Users\\DELL\\OneDrive\\Desktop\\crypto_ml_pr\\artifact\\05_25_2026_11_45_47\\data_ingestion\\ingested\\train.csv', valid_test_file_path='C:\\Users\\DELL\\OneDrive\\Desktop\\crypto_ml_pr\\artifact\\05_25_2026_11_45_47\\data_ingestion\\ingested\\test.csv', invalid_train_file_path='C:\\Users\\DELL\\OneDrive\\Desktop\\crypto_ml_pr\\artifact\\05_25_2026_11_45_47\\data_validation\\invalid\\train.csv', invalid_test_file_path='C:\\Users\\DELL\\OneDrive\\Desktop\\crypto_ml_pr\\artifact\\05_25_2026_11_45_47\\data_validation\\invalid\\test.csv', drift_report_file_path='C:\\Users\\DELL\\OneDrive\\Desktop\\crypto_ml_pr\\artifact\\05_25_2026_11_45_47\\data_validation\\drift_report\\report.yaml')
[ 2026-05-25 11:45:49,640 ] root - INFO - Performed the data validation operation
[ 2026-05-25 11:45:49,640 ] root - INFO - Exited the start_data_validation method of TrainPipeline class
[ 2026-05-25 11:45:49,640 ] root - INFO - Entered initiate_data_transformation method of Data_Transformation class
[ 2026-05-25 11:45:49,640 ] root - INFO - Starting data transformation
[ 2026-05-25 11:45:49,641 ] root - INFO - Entered get_data_transformer_object method of DataTransformation class
[ 2026-05-25 11:45:49,641 ] root - INFO - Got numerical, categorical, transformation columns from schema config
[ 2026-05-25 11:45:49,643 ] root - INFO - Created preprocessor object from ColumnTransformer
[ 2026-05-25 11:45:49,643 ] root - INFO - Exited get_data_transformer_object method of DataTransformation class
[ 2026-05-25 11:45:49,643 ] root - INFO - Created preprocessor object from ColumnTransformer
[ 2026-05-25 11:45:49,643 ] root - INFO - Exited get_data_transformer_object method of DataTransformation class
[ 2026-05-25 11:45:49,643 ] root - INFO - Got the preprocessor object
