[ 2026-05-25 22:37:16,282 ] root - INFO - \U0001f680 Starting Crypto ML Pipeline...
[ 2026-05-25 22:37:16,283 ] root - INFO - Pipeline started
[ 2026-05-25 22:37:16,283 ] root - INFO - Starting data ingestion
[ 2026-05-25 22:37:16,283 ] root - INFO - Entered initiate_data_ingestion method of Data_Ingestion class
[ 2026-05-25 22:37:16,283 ] root - INFO - Reading data from CSV file
[ 2026-05-25 22:37:16,616 ] root - INFO - Saving data into feature store path: C:\Users\DELL\OneDrive\Desktop\crypto_ml_pr\artifact\05_25_2026_22_37_16\data_ingestion\feature_store\covtype.csv
[ 2026-05-25 22:37:18,283 ] root - INFO - Shape of dataframe: (72946, 10)
[ 2026-05-25 22:37:18,284 ] root - INFO - Exported data into feature store
[ 2026-05-25 22:37:18,284 ] root - INFO - Entered split_data_as_train_test method of Data_Ingestion class
[ 2026-05-25 22:37:18,331 ] root - INFO - Performed train test split on the dataframe
[ 2026-05-25 22:37:18,332 ] root - INFO - Exited split_data_as_train_test method of Data_Ingestion class
[ 2026-05-25 22:37:18,332 ] root - INFO - Exporting train and test file path.
[ 2026-05-25 22:37:19,787 ] root - INFO - Exported train and test file path.
[ 2026-05-25 22:37:19,789 ] root - INFO - Performed train test split on the dataset
[ 2026-05-25 22:37:19,790 ] root - INFO - Exited initiate_data_ingestion method of Data_Ingestion class
[ 2026-05-25 22:37:19,790 ] root - INFO - Data ingestion artifact: DataIngestionArtifact(trained_file_path='C:\\Users\\DELL\\OneDrive\\Desktop\\crypto_ml_pr\\artifact\\05_25_2026_22_37_16\\data_ingestion\\ingested\\train.csv', test_file_path='C:\\Users\\DELL\\OneDrive\\Desktop\\crypto_ml_pr\\artifact\\05_25_2026_22_37_16\\data_ingestion\\ingested\\test.csv')
[ 2026-05-25 22:37:19,796 ] root - INFO - Entered initiate_data_validation method of Data_Validation class
[ 2026-05-25 22:37:19,796 ] root - INFO - Starting data validation
[ 2026-05-25 22:37:20,146 ] root - INFO - Is required column present: [False]
[ 2026-05-25 22:37:20,146 ] root - INFO - Is required column present: [False]
[ 2026-05-25 22:37:20,146 ] root - INFO - All required columns present in testing dataframe: False
[ 2026-05-25 22:37:20,146 ] root - INFO - Missing numerical column: []
[ 2026-05-25 22:37:20,147 ] root - INFO - Missing numerical column: []
[ 2026-05-25 22:37:20,147 ] root - INFO - Validation_error: Columns are missing in training dataframe.Columns are missing in test dataframe.
[ 2026-05-25 22:37:20,147 ] root - INFO - Data validation artifact: DataValidationArtifact(validation_status=False, valid_train_file_path='C:\\Users\\DELL\\OneDrive\\Desktop\\crypto_ml_pr\\artifact\\05_25_2026_22_37_16\\data_ingestion\\ingested\\train.csv', valid_test_file_path='C:\\Users\\DELL\\OneDrive\\Desktop\\crypto_ml_pr\\artifact\\05_25_2026_22_37_16\\data_ingestion\\ingested\\test.csv', invalid_train_file_path='C:\\Users\\DELL\\OneDrive\\Desktop\\crypto_ml_pr\\artifact\\05_25_2026_22_37_16\\data_validation\\invalid\\train.csv', invalid_test_file_path='C:\\Users\\DELL\\OneDrive\\Desktop\\crypto_ml_pr\\artifact\\05_25_2026_22_37_16\\data_validation\\invalid\\test.csv', drift_report_file_path='C:\\Users\\DELL\\OneDrive\\Desktop\\crypto_ml_pr\\artifact\\05_25_2026_22_37_16\\data_validation\\drift_report\\report.yaml')
[ 2026-05-25 22:37:20,150 ] root - INFO - Starting data transformation
[ 2026-05-25 22:37:20,411 ] root - INFO - Cleaning dataframe (dropping unwanted columns)
[ 2026-05-25 22:37:20,415 ] root - INFO - Cleaning dataframe (dropping unwanted columns)
[ 2026-05-25 22:37:20,424 ] root - INFO - Loading schema file
[ 2026-05-25 22:37:20,428 ] root - INFO - Numerical features: ['open', 'high', 'low', 'volume', 'marketCap']
[ 2026-05-25 22:37:20,428 ] root - INFO - Categorical features: []
[ 2026-05-25 22:37:20,505 ] root - INFO - Entered the save_object method of MainUtils class
[ 2026-05-25 22:37:20,510 ] root - INFO - Exited the save_object method of MainUtils class
[ 2026-05-25 22:37:20,517 ] root - INFO - Data transformation completed successfully
[ 2026-05-25 22:37:20,519 ] root - INFO - Loading training and testing data
[ 2026-05-25 22:37:20,578 ] root - INFO - Entered the load_object method of MainUtils class
[ 2026-05-25 22:37:20,631 ] root - INFO - Exited the load_object method of MainUtils class
[ 2026-05-25 22:37:20,632 ] root - INFO - Entered the save_object method of MainUtils class
[ 2026-05-25 22:37:20,636 ] root - INFO - Exited the save_object method of MainUtils class
[ 2026-05-25 22:37:20,637 ] root - INFO - Loading test data
[ 2026-05-25 22:37:20,638 ] root - INFO - Loading trained model
[ 2026-05-25 22:37:20,639 ] root - INFO - Entered the load_object method of MainUtils class
[ 2026-05-25 22:37:20,663 ] root - INFO - Exited the load_object method of MainUtils class
[ 2026-05-25 22:37:20,665 ] root - INFO - R2 Score: 0.9993384874978853
[ 2026-05-25 22:37:20,666 ] root - INFO - Entered initiate_model_pusher method of ModelTrainer class
[ 2026-05-25 22:37:20,666 ] root - INFO - Uploading artifacts folder to s3 bucket
[ 2026-05-25 22:37:20,668 ] root - INFO - Uploaded artifacts folder to s3 bucket
[ 2026-05-25 22:37:20,669 ] root - INFO - Model pusher artifact: [ModelPusherArtifact(bucket_name='tushar-crypto-ml-project-2026', s3_model_path='model-registry\\model.pkl')]
[ 2026-05-25 22:37:20,669 ] root - INFO - Exited initiate_model_pusher method of ModelTrainer class
[ 2026-05-25 22:37:20,669 ] root - INFO - Pipeline completed successfully
[ 2026-05-25 22:37:20,669 ] root - INFO - \u2705 Pipeline Completed Successfully
