[ 2026-05-25 22:02:17,249 ] root - INFO - \U0001f680 Starting Crypto ML Pipeline...
[ 2026-05-25 22:02:17,250 ] root - INFO - Pipeline started
[ 2026-05-25 22:02:17,250 ] root - INFO - Starting data ingestion
[ 2026-05-25 22:02:17,250 ] root - INFO - Entered initiate_data_ingestion method of Data_Ingestion class
[ 2026-05-25 22:02:17,251 ] root - INFO - Reading data from CSV file
[ 2026-05-25 22:02:17,510 ] root - INFO - Saving data into feature store path: C:\Users\DELL\OneDrive\Desktop\crypto_ml_pr\artifact\05_25_2026_22_02_17\data_ingestion\feature_store\covtype.csv
[ 2026-05-25 22:02:18,865 ] root - INFO - Shape of dataframe: (72946, 10)
[ 2026-05-25 22:02:18,866 ] root - INFO - Exported data into feature store
[ 2026-05-25 22:02:18,866 ] root - INFO - Entered split_data_as_train_test method of Data_Ingestion class
[ 2026-05-25 22:02:18,902 ] root - INFO - Performed train test split on the dataframe
[ 2026-05-25 22:02:18,902 ] root - INFO - Exited split_data_as_train_test method of Data_Ingestion class
[ 2026-05-25 22:02:18,903 ] root - INFO - Exporting train and test file path.
[ 2026-05-25 22:02:19,928 ] root - INFO - Exported train and test file path.
[ 2026-05-25 22:02:19,929 ] root - INFO - Performed train test split on the dataset
[ 2026-05-25 22:02:19,930 ] root - INFO - Exited initiate_data_ingestion method of Data_Ingestion class
[ 2026-05-25 22:02:19,930 ] root - INFO - Data ingestion artifact: DataIngestionArtifact(trained_file_path='C:\\Users\\DELL\\OneDrive\\Desktop\\crypto_ml_pr\\artifact\\05_25_2026_22_02_17\\data_ingestion\\ingested\\train.csv', test_file_path='C:\\Users\\DELL\\OneDrive\\Desktop\\crypto_ml_pr\\artifact\\05_25_2026_22_02_17\\data_ingestion\\ingested\\test.csv')
[ 2026-05-25 22:02:19,934 ] root - INFO - Entered initiate_data_validation method of Data_Validation class
[ 2026-05-25 22:02:19,934 ] root - INFO - Starting data validation
[ 2026-05-25 22:02:20,226 ] root - INFO - Is required column present: [False]
[ 2026-05-25 22:02:20,226 ] root - INFO - Is required column present: [False]
[ 2026-05-25 22:02:20,226 ] root - INFO - All required columns present in testing dataframe: False
[ 2026-05-25 22:02:20,227 ] root - INFO - Missing numerical column: []
[ 2026-05-25 22:02:20,227 ] root - INFO - Missing numerical column: []
[ 2026-05-25 22:02:20,227 ] root - INFO - Validation_error: Columns are missing in training dataframe.Columns are missing in test dataframe.
[ 2026-05-25 22:02:20,227 ] root - INFO - Data validation artifact: DataValidationArtifact(validation_status=False, valid_train_file_path='C:\\Users\\DELL\\OneDrive\\Desktop\\crypto_ml_pr\\artifact\\05_25_2026_22_02_17\\data_ingestion\\ingested\\train.csv', valid_test_file_path='C:\\Users\\DELL\\OneDrive\\Desktop\\crypto_ml_pr\\artifact\\05_25_2026_22_02_17\\data_ingestion\\ingested\\test.csv', invalid_train_file_path='C:\\Users\\DELL\\OneDrive\\Desktop\\crypto_ml_pr\\artifact\\05_25_2026_22_02_17\\data_validation\\invalid\\train.csv', invalid_test_file_path='C:\\Users\\DELL\\OneDrive\\Desktop\\crypto_ml_pr\\artifact\\05_25_2026_22_02_17\\data_validation\\invalid\\test.csv', drift_report_file_path='C:\\Users\\DELL\\OneDrive\\Desktop\\crypto_ml_pr\\artifact\\05_25_2026_22_02_17\\data_validation\\drift_report\\report.yaml')
[ 2026-05-25 22:02:20,229 ] root - INFO - Starting data transformation
[ 2026-05-25 22:02:20,430 ] root - INFO - Cleaning dataframe (dropping unwanted columns)
[ 2026-05-25 22:02:20,432 ] root - INFO - Cleaning dataframe (dropping unwanted columns)
[ 2026-05-25 22:02:20,437 ] root - INFO - Loading schema file
[ 2026-05-25 22:02:20,440 ] root - INFO - Numerical features: ['open', 'high', 'low', 'volume', 'marketCap']
[ 2026-05-25 22:02:20,440 ] root - INFO - Categorical features: []
[ 2026-05-25 22:02:20,511 ] root - INFO - Entered the save_object method of MainUtils class
[ 2026-05-25 22:02:20,515 ] root - INFO - Exited the save_object method of MainUtils class
[ 2026-05-25 22:02:20,522 ] root - INFO - Data transformation completed successfully
[ 2026-05-25 22:02:20,524 ] root - INFO - Loading training and testing data
[ 2026-05-25 22:02:20,572 ] root - INFO - Entered the load_object method of MainUtils class
[ 2026-05-25 22:02:20,631 ] root - INFO - Exited the load_object method of MainUtils class
[ 2026-05-25 22:02:20,631 ] root - INFO - Entered the save_object method of MainUtils class
[ 2026-05-25 22:02:20,637 ] root - INFO - Exited the save_object method of MainUtils class
[ 2026-05-25 22:02:20,638 ] root - INFO - Loading test data
[ 2026-05-25 22:02:20,639 ] root - INFO - Loading trained model
[ 2026-05-25 22:02:20,639 ] root - INFO - Entered the load_object method of MainUtils class
[ 2026-05-25 22:02:20,672 ] root - INFO - Exited the load_object method of MainUtils class
[ 2026-05-25 22:02:20,674 ] root - INFO - R2 Score: 0.999319772219318
[ 2026-05-25 22:02:20,675 ] root - INFO - Entered initiate_model_pusher method of ModelTrainer class
[ 2026-05-25 22:02:20,675 ] root - INFO - Uploading artifacts folder to s3 bucket
[ 2026-05-25 22:02:20,677 ] root - INFO - Uploaded artifacts folder to s3 bucket
[ 2026-05-25 22:02:20,678 ] root - INFO - Model pusher artifact: [ModelPusherArtifact(bucket_name='tushar-crypto-ml-project-2026', s3_model_path='model-registry\\model.pkl')]
[ 2026-05-25 22:02:20,678 ] root - INFO - Exited initiate_model_pusher method of ModelTrainer class
[ 2026-05-25 22:02:20,678 ] root - INFO - Pipeline completed successfully
[ 2026-05-25 22:02:20,678 ] root - INFO - \u2705 Pipeline Completed Successfully
