[ 2026-05-25 13:25:42,862 ] root - INFO - Entered the run_pipeline method of TrainPipeline class
[ 2026-05-25 13:25:42,863 ] root - INFO - Entered the start_data_ingestion method of TrainPipeline class
[ 2026-05-25 13:25:42,863 ] root - INFO - Entered the start_data_ingestion method of TrainPipeline class
[ 2026-05-25 13:25:42,863 ] root - INFO - Getting the data from mongodb
[ 2026-05-25 13:25:42,863 ] root - INFO - Entered initiate_data_ingestion method of Data_Ingestion class
[ 2026-05-25 13:25:42,864 ] root - INFO - Reading data from CSV file
[ 2026-05-25 13:25:43,159 ] root - INFO - Saving data into feature store path: C:\Users\DELL\OneDrive\Desktop\crypto_ml_pr\artifact\05_25_2026_13_25_42\data_ingestion\feature_store\covtype.csv
[ 2026-05-25 13:25:45,079 ] root - INFO - Shape of dataframe: (72946, 10)
[ 2026-05-25 13:25:45,079 ] root - INFO - Exported data into feature store
[ 2026-05-25 13:25:45,080 ] root - INFO - Entered split_data_as_train_test method of Data_Ingestion class
[ 2026-05-25 13:25:45,103 ] root - INFO - Performed train test split on the dataframe
[ 2026-05-25 13:25:45,104 ] root - INFO - Exited split_data_as_train_test method of Data_Ingestion class
[ 2026-05-25 13:25:45,104 ] root - INFO - Exporting train and test file path.
[ 2026-05-25 13:25:46,329 ] root - INFO - Exported train and test file path.
[ 2026-05-25 13:25:46,332 ] root - INFO - Performed train test split on the dataset
[ 2026-05-25 13:25:46,332 ] root - INFO - Exited initiate_data_ingestion method of Data_Ingestion class
[ 2026-05-25 13:25:46,333 ] root - INFO - Data ingestion artifact: DataIngestionArtifact(trained_file_path='C:\\Users\\DELL\\OneDrive\\Desktop\\crypto_ml_pr\\artifact\\05_25_2026_13_25_42\\data_ingestion\\ingested\\train.csv', test_file_path='C:\\Users\\DELL\\OneDrive\\Desktop\\crypto_ml_pr\\artifact\\05_25_2026_13_25_42\\data_ingestion\\ingested\\test.csv')
[ 2026-05-25 13:25:46,334 ] root - INFO - Got the train_set and test_set from mongodb
[ 2026-05-25 13:25:46,334 ] root - INFO - Exited the start_data_ingestion method of TrainPipeline class
[ 2026-05-25 13:25:46,335 ] root - INFO - Entered the start_data_validation method of TrainPipeline class
[ 2026-05-25 13:25:46,337 ] root - INFO - Entered initiate_data_validation method of Data_Validation class
[ 2026-05-25 13:25:46,338 ] root - INFO - Starting data validation
[ 2026-05-25 13:25:46,602 ] root - INFO - Is required column present: [False]
[ 2026-05-25 13:25:46,602 ] root - INFO - Is required column present: [False]
[ 2026-05-25 13:25:46,602 ] root - INFO - All required columns present in testing dataframe: False
[ 2026-05-25 13:25:46,602 ] root - INFO - Missing numerical column: []
[ 2026-05-25 13:25:46,602 ] root - INFO - Missing numerical column: []
[ 2026-05-25 13:25:46,602 ] root - INFO - Validation_error: Columns are missing in training dataframe.Columns are missing in test dataframe.
[ 2026-05-25 13:25:46,602 ] root - INFO - Data validation artifact: DataValidationArtifact(validation_status=False, valid_train_file_path='C:\\Users\\DELL\\OneDrive\\Desktop\\crypto_ml_pr\\artifact\\05_25_2026_13_25_42\\data_ingestion\\ingested\\train.csv', valid_test_file_path='C:\\Users\\DELL\\OneDrive\\Desktop\\crypto_ml_pr\\artifact\\05_25_2026_13_25_42\\data_ingestion\\ingested\\test.csv', invalid_train_file_path='C:\\Users\\DELL\\OneDrive\\Desktop\\crypto_ml_pr\\artifact\\05_25_2026_13_25_42\\data_validation\\invalid\\train.csv', invalid_test_file_path='C:\\Users\\DELL\\OneDrive\\Desktop\\crypto_ml_pr\\artifact\\05_25_2026_13_25_42\\data_validation\\invalid\\test.csv', drift_report_file_path='C:\\Users\\DELL\\OneDrive\\Desktop\\crypto_ml_pr\\artifact\\05_25_2026_13_25_42\\data_validation\\drift_report\\report.yaml')
[ 2026-05-25 13:25:46,604 ] root - INFO - Performed the data validation operation
[ 2026-05-25 13:25:46,604 ] root - INFO - Exited the start_data_validation method of TrainPipeline class
[ 2026-05-25 13:25:46,604 ] root - INFO - Entered initiate_data_transformation method of Data_Transformation class
[ 2026-05-25 13:25:46,604 ] root - INFO - Starting data transformation
[ 2026-05-25 13:25:46,605 ] root - INFO - Entered get_data_transformer_object method of DataTransformation class
[ 2026-05-25 13:25:46,605 ] root - INFO - Got numerical, categorical, transformation columns from schema config
[ 2026-05-25 13:25:46,607 ] root - INFO - Created preprocessor object from ColumnTransformer
[ 2026-05-25 13:25:46,607 ] root - INFO - Exited get_data_transformer_object method of DataTransformation class
[ 2026-05-25 13:25:46,607 ] root - INFO - Created preprocessor object from ColumnTransformer
[ 2026-05-25 13:25:46,607 ] root - INFO - Exited get_data_transformer_object method of DataTransformation class
[ 2026-05-25 13:25:46,607 ] root - INFO - Got the preprocessor object
[ 2026-05-25 13:25:46,814 ] root - INFO - Got train features and test features of Training dataset
[ 2026-05-25 13:25:46,815 ] root - INFO - Got train features and test features of Testing dataset
[ 2026-05-25 13:25:46,815 ] root - INFO - Applying preprocessing object on training dataframe and testing dataframe
[ 2026-05-25 13:25:46,870 ] root - INFO - Used the preprocessor object to fit transform the train features
[ 2026-05-25 13:25:46,878 ] root - INFO - Used the preprocessor object to transform the test features
[ 2026-05-25 13:25:46,879 ] root - INFO - Entered the save_object method of MainUtils class
[ 2026-05-25 13:25:46,885 ] root - INFO - Exited the save_object method of MainUtils class
[ 2026-05-25 13:25:46,890 ] root - INFO - Saved the preprocessor object
[ 2026-05-25 13:25:46,890 ] root - INFO - Exited initiate_data_transformation method of Data_Transformation class
[ 2026-05-25 13:25:46,893 ] root - INFO - Entered initiate_model_trainer method
[ 2026-05-25 13:25:46,937 ] root - INFO - Train-test arrays loaded successfully
[ 2026-05-25 13:25:46,937 ] root - INFO - Training model: LinearRegression
[ 2026-05-25 13:25:46,960 ] root - INFO - Training model: RandomForestRegressor
