[ 2026-05-25 21:25:21,767 ] root - INFO - \U0001f680 Starting Crypto ML Pipeline...
[ 2026-05-25 21:25:21,767 ] root - INFO - Pipeline started
[ 2026-05-25 21:25:21,768 ] root - INFO - Starting data ingestion
[ 2026-05-25 21:25:21,768 ] root - INFO - Entered initiate_data_ingestion method of Data_Ingestion class
[ 2026-05-25 21:25:21,768 ] root - INFO - Reading data from CSV file
[ 2026-05-25 21:25:22,065 ] root - INFO - Saving data into feature store path: C:\Users\DELL\OneDrive\Desktop\crypto_ml_pr\artifact\05_25_2026_21_25_21\data_ingestion\feature_store\covtype.csv
[ 2026-05-25 21:25:23,119 ] root - INFO - Shape of dataframe: (72946, 10)
[ 2026-05-25 21:25:23,119 ] root - INFO - Exported data into feature store
[ 2026-05-25 21:25:23,119 ] root - INFO - Entered split_data_as_train_test method of Data_Ingestion class
[ 2026-05-25 21:25:23,239 ] root - INFO - Performed train test split on the dataframe
[ 2026-05-25 21:25:23,240 ] root - INFO - Exited split_data_as_train_test method of Data_Ingestion class
[ 2026-05-25 21:25:23,240 ] root - INFO - Exporting train and test file path.
[ 2026-05-25 21:25:24,909 ] root - INFO - Exported train and test file path.
[ 2026-05-25 21:25:24,911 ] root - INFO - Performed train test split on the dataset
[ 2026-05-25 21:25:24,912 ] root - INFO - Exited initiate_data_ingestion method of Data_Ingestion class
[ 2026-05-25 21:25:24,912 ] root - INFO - Data ingestion artifact: DataIngestionArtifact(trained_file_path='C:\\Users\\DELL\\OneDrive\\Desktop\\crypto_ml_pr\\artifact\\05_25_2026_21_25_21\\data_ingestion\\ingested\\train.csv', test_file_path='C:\\Users\\DELL\\OneDrive\\Desktop\\crypto_ml_pr\\artifact\\05_25_2026_21_25_21\\data_ingestion\\ingested\\test.csv')
[ 2026-05-25 21:25:24,918 ] root - INFO - Entered initiate_data_validation method of Data_Validation class
[ 2026-05-25 21:25:24,919 ] root - INFO - Starting data validation
[ 2026-05-25 21:25:25,494 ] root - INFO - Is required column present: [False]
[ 2026-05-25 21:25:25,494 ] root - INFO - Is required column present: [False]
[ 2026-05-25 21:25:25,494 ] root - INFO - All required columns present in testing dataframe: False
[ 2026-05-25 21:25:25,495 ] root - INFO - Missing numerical column: []
[ 2026-05-25 21:25:25,495 ] root - INFO - Missing numerical column: []
[ 2026-05-25 21:25:25,495 ] root - INFO - Validation_error: Columns are missing in training dataframe.Columns are missing in test dataframe.
[ 2026-05-25 21:25:25,495 ] root - INFO - Data validation artifact: DataValidationArtifact(validation_status=False, valid_train_file_path='C:\\Users\\DELL\\OneDrive\\Desktop\\crypto_ml_pr\\artifact\\05_25_2026_21_25_21\\data_ingestion\\ingested\\train.csv', valid_test_file_path='C:\\Users\\DELL\\OneDrive\\Desktop\\crypto_ml_pr\\artifact\\05_25_2026_21_25_21\\data_ingestion\\ingested\\test.csv', invalid_train_file_path='C:\\Users\\DELL\\OneDrive\\Desktop\\crypto_ml_pr\\artifact\\05_25_2026_21_25_21\\data_validation\\invalid\\train.csv', invalid_test_file_path='C:\\Users\\DELL\\OneDrive\\Desktop\\crypto_ml_pr\\artifact\\05_25_2026_21_25_21\\data_validation\\invalid\\test.csv', drift_report_file_path='C:\\Users\\DELL\\OneDrive\\Desktop\\crypto_ml_pr\\artifact\\05_25_2026_21_25_21\\data_validation\\drift_report\\report.yaml')
[ 2026-05-25 21:25:25,497 ] root - INFO - Starting data transformation
[ 2026-05-25 21:25:25,736 ] root - INFO - Cleaning dataframe (dropping unwanted columns)
[ 2026-05-25 21:25:25,739 ] root - INFO - Cleaning dataframe (dropping unwanted columns)
[ 2026-05-25 21:25:25,744 ] root - INFO - Loading schema file
[ 2026-05-25 21:25:25,747 ] root - INFO - Numerical features: ['open', 'high', 'low', 'volume', 'marketCap']
[ 2026-05-25 21:25:25,747 ] root - INFO - Categorical features: []
[ 2026-05-25 21:25:25,817 ] root - INFO - Entered the save_object method of MainUtils class
[ 2026-05-25 21:25:25,821 ] root - INFO - Exited the save_object method of MainUtils class
[ 2026-05-25 21:25:25,825 ] root - INFO - Data transformation completed successfully
[ 2026-05-25 21:25:25,827 ] root - INFO - Loading training and testing data
[ 2026-05-25 21:25:25,885 ] root - INFO - Entered the load_object method of MainUtils class
[ 2026-05-25 21:25:25,950 ] root - INFO - Exited the load_object method of MainUtils class
[ 2026-05-25 21:25:25,950 ] root - INFO - Entered the save_object method of MainUtils class
[ 2026-05-25 21:25:25,955 ] root - INFO - Exited the save_object method of MainUtils class
[ 2026-05-25 21:25:25,955 ] root - INFO - Loading test data
[ 2026-05-25 21:25:25,956 ] root - INFO - Loading trained model
[ 2026-05-25 21:25:25,957 ] root - INFO - Entered the load_object method of MainUtils class
[ 2026-05-25 21:25:25,982 ] root - INFO - Exited the load_object method of MainUtils class
[ 2026-05-25 21:25:25,984 ] root - INFO - R2 Score: 0.9950626210917353
[ 2026-05-25 21:25:25,985 ] botocore.hooks - DEBUG - Changing event name from creating-client-class.iot-data to creating-client-class.iot-data-plane
[ 2026-05-25 21:25:25,988 ] botocore.hooks - DEBUG - Changing event name from before-call.apigateway to before-call.api-gateway
[ 2026-05-25 21:25:25,989 ] botocore.hooks - DEBUG - Changing event name from request-created.machinelearning.Predict to request-created.machine-learning.Predict
[ 2026-05-25 21:25:25,990 ] botocore.hooks - DEBUG - Changing event name from before-parameter-build.autoscaling.CreateLaunchConfiguration to before-parameter-build.auto-scaling.CreateLaunchConfiguration
[ 2026-05-25 21:25:25,990 ] botocore.hooks - DEBUG - Changing event name from before-parameter-build.route53 to before-parameter-build.route-53
[ 2026-05-25 21:25:25,991 ] botocore.hooks - DEBUG - Changing event name from request-created.cloudsearchdomain.Search to request-created.cloudsearch-domain.Search
[ 2026-05-25 21:25:25,992 ] botocore.hooks - DEBUG - Changing event name from docs.*.autoscaling.CreateLaunchConfiguration.complete-section to docs.*.auto-scaling.CreateLaunchConfiguration.complete-section
[ 2026-05-25 21:25:25,997 ] botocore.hooks - DEBUG - Changing event name from before-parameter-build.logs.CreateExportTask to before-parameter-build.cloudwatch-logs.CreateExportTask
[ 2026-05-25 21:25:25,997 ] botocore.hooks - DEBUG - Changing event name from docs.*.logs.CreateExportTask.complete-section to docs.*.cloudwatch-logs.CreateExportTask.complete-section
[ 2026-05-25 21:25:25,997 ] botocore.hooks - DEBUG - Changing event name from before-parameter-build.cloudsearchdomain.Search to before-parameter-build.cloudsearch-domain.Search
[ 2026-05-25 21:25:25,997 ] botocore.hooks - DEBUG - Changing event name from docs.*.cloudsearchdomain.Search.complete-section to docs.*.cloudsearch-domain.Search.complete-section
[ 2026-05-25 21:25:26,114 ] botocore.loaders - DEBUG - Loading JSON file: C:\Users\DELL\OneDrive\Desktop\crypto_ml_pr\myvenv\Lib\site-packages\boto3\data\s3\2006-03-01\resources-1.json
[ 2026-05-25 21:25:26,119 ] botocore.loaders - DEBUG - Loading JSON file: C:\Users\DELL\OneDrive\Desktop\crypto_ml_pr\myvenv\Lib\site-packages\botocore\data\endpoints.json
[ 2026-05-25 21:25:26,146 ] botocore.loaders - DEBUG - Loading JSON file: C:\Users\DELL\OneDrive\Desktop\crypto_ml_pr\myvenv\Lib\site-packages\botocore\data\sdk-default-configuration.json
[ 2026-05-25 21:25:26,146 ] botocore.hooks - DEBUG - Event choose-service-name: calling handler <function handle_service_name_alias at 0x00000267019DD760>
[ 2026-05-25 21:25:26,245 ] botocore.loaders - DEBUG - Loading JSON file: C:\Users\DELL\OneDrive\Desktop\crypto_ml_pr\myvenv\Lib\site-packages\botocore\data\s3\2006-03-01\service-2.json.gz
[ 2026-05-25 21:25:26,265 ] botocore.loaders - DEBUG - Loading JSON file: C:\Users\DELL\OneDrive\Desktop\crypto_ml_pr\myvenv\Lib\site-packages\botocore\data\s3\2006-03-01\service-2.sdk-extras.json
[ 2026-05-25 21:25:26,386 ] botocore.loaders - DEBUG - Loading JSON file: C:\Users\DELL\OneDrive\Desktop\crypto_ml_pr\myvenv\Lib\site-packages\botocore\data\s3\2006-03-01\endpoint-rule-set-1.json.gz
[ 2026-05-25 21:25:26,399 ] botocore.loaders - DEBUG - Loading JSON file: C:\Users\DELL\OneDrive\Desktop\crypto_ml_pr\myvenv\Lib\site-packages\botocore\data\partitions.json
[ 2026-05-25 21:25:26,403 ] botocore.hooks - DEBUG - Event creating-client-class.s3: calling handler <function add_generate_presigned_post at 0x0000026701910F40>
[ 2026-05-25 21:25:26,403 ] botocore.hooks - DEBUG - Event creating-client-class.s3: calling handler <function lazy_call.<locals>._handler at 0x0000026701B0D940>
[ 2026-05-25 21:25:26,412 ] botocore.hooks - DEBUG - Event creating-client-class.s3: calling handler <function add_generate_presigned_url at 0x0000026701910CC0>
[ 2026-05-25 21:25:26,413 ] botocore.configprovider - DEBUG - Looking for endpoint for s3 via: environment_service
[ 2026-05-25 21:25:26,413 ] botocore.configprovider - DEBUG - Looking for endpoint for s3 via: environment_global
[ 2026-05-25 21:25:26,413 ] botocore.configprovider - DEBUG - Looking for endpoint for s3 via: config_service
[ 2026-05-25 21:25:26,413 ] botocore.configprovider - DEBUG - Looking for endpoint for s3 via: config_global
[ 2026-05-25 21:25:26,414 ] botocore.configprovider - DEBUG - No configured endpoint found.
[ 2026-05-25 21:25:26,419 ] botocore.endpoint - DEBUG - Setting s3 timeout as (60, 60)
[ 2026-05-25 21:25:26,438 ] botocore.loaders - DEBUG - Loading JSON file: C:\Users\DELL\OneDrive\Desktop\crypto_ml_pr\myvenv\Lib\site-packages\botocore\data\_retry.json
[ 2026-05-25 21:25:26,439 ] botocore.client - DEBUG - Registering retry handlers for service: s3
[ 2026-05-25 21:25:26,440 ] botocore.utils - DEBUG - Registering S3 region redirector handler
[ 2026-05-25 21:25:26,440 ] botocore.utils - DEBUG - Registering S3Express Identity Resolver
[ 2026-05-25 21:25:26,441 ] boto3.resources.factory - DEBUG - Loading s3:s3
[ 2026-05-25 21:25:26,444 ] botocore.hooks - DEBUG - Event choose-service-name: calling handler <function handle_service_name_alias at 0x00000267019DD760>
[ 2026-05-25 21:25:26,448 ] botocore.hooks - DEBUG - Event creating-client-class.s3: calling handler <function add_generate_presigned_post at 0x0000026701910F40>
[ 2026-05-25 21:25:26,448 ] botocore.hooks - DEBUG - Event creating-client-class.s3: calling handler <function lazy_call.<locals>._handler at 0x0000026701B0D940>
[ 2026-05-25 21:25:26,448 ] botocore.hooks - DEBUG - Event creating-client-class.s3: calling handler <function add_generate_presigned_url at 0x0000026701910CC0>
[ 2026-05-25 21:25:26,449 ] botocore.configprovider - DEBUG - Looking for endpoint for s3 via: environment_service
[ 2026-05-25 21:25:26,449 ] botocore.configprovider - DEBUG - Looking for endpoint for s3 via: environment_global
[ 2026-05-25 21:25:26,449 ] botocore.configprovider - DEBUG - Looking for endpoint for s3 via: config_service
[ 2026-05-25 21:25:26,449 ] botocore.configprovider - DEBUG - Looking for endpoint for s3 via: config_global
[ 2026-05-25 21:25:26,449 ] botocore.configprovider - DEBUG - No configured endpoint found.
[ 2026-05-25 21:25:26,452 ] botocore.endpoint - DEBUG - Setting s3 timeout as (60, 60)
[ 2026-05-25 21:25:26,456 ] botocore.client - DEBUG - Registering retry handlers for service: s3
[ 2026-05-25 21:25:26,457 ] botocore.utils - DEBUG - Registering S3 region redirector handler
[ 2026-05-25 21:25:26,458 ] botocore.utils - DEBUG - Registering S3Express Identity Resolver
[ 2026-05-25 21:25:26,459 ] root - INFO - Entered initiate_model_pusher method of ModelTrainer class
[ 2026-05-25 21:25:26,459 ] root - INFO - Uploading artifacts folder to s3 bucket
[ 2026-05-25 21:25:26,459 ] root - INFO - Entered the upload_file method of S3Operations class
[ 2026-05-25 21:25:26,459 ] root - INFO - Uploading C:\Users\DELL\OneDrive\Desktop\crypto_ml_pr\artifact\05_25_2026_21_25_21\model_trainer\trained_model\model.pkl file to model-registry\model.pkl file in tushar-crypto-ml-project-2026 bucket
[ 2026-05-25 21:25:26,459 ] boto3.s3.transfer - DEBUG - Opting out of CRT Transfer Manager. Preferred client: auto, CRT available: False, Instance Optimized: False
[ 2026-05-25 21:25:26,459 ] boto3.s3.transfer - DEBUG - Using default client. pid: 1800, thread: 3404
[ 2026-05-25 21:25:26,460 ] s3transfer.utils - DEBUG - Acquiring 0
[ 2026-05-25 21:25:26,462 ] s3transfer.tasks - DEBUG - UploadSubmissionTask(transfer_id=0, {'transfer_future': <s3transfer.futures.TransferFuture object at 0x00000267026657F0>}) about to wait for the following futures []
[ 2026-05-25 21:25:26,462 ] s3transfer.tasks - DEBUG - UploadSubmissionTask(transfer_id=0, {'transfer_future': <s3transfer.futures.TransferFuture object at 0x00000267026657F0>}) done waiting for dependent futures
[ 2026-05-25 21:25:26,462 ] s3transfer.tasks - DEBUG - Executing task UploadSubmissionTask(transfer_id=0, {'transfer_future': <s3transfer.futures.TransferFuture object at 0x00000267026657F0>}) with kwargs {'client': <botocore.client.S3 object at 0x000002670247D160>, 'config': <boto3.s3.transfer.TransferConfig object at 0x00000267026646E0>, 'osutil': <s3transfer.utils.OSUtils object at 0x0000026702664830>, 'request_executor': <s3transfer.futures.BoundedExecutor object at 0x0000026702665010>, 'transfer_future': <s3transfer.futures.TransferFuture object at 0x00000267026657F0>}
[ 2026-05-25 21:25:26,463 ] s3transfer.futures - DEBUG - Submitting task PutObjectTask(transfer_id=0, {'bucket': 'tushar-crypto-ml-project-2026', 'key': 'model-registry\\model.pkl', 'extra_args': {'ChecksumAlgorithm': 'CRC32'}}) to executor <s3transfer.futures.BoundedExecutor object at 0x0000026702665010> for transfer request: 0.
[ 2026-05-25 21:25:26,463 ] s3transfer.utils - DEBUG - Acquiring 0
[ 2026-05-25 21:25:26,464 ] s3transfer.tasks - DEBUG - PutObjectTask(transfer_id=0, {'bucket': 'tushar-crypto-ml-project-2026', 'key': 'model-registry\\model.pkl', 'extra_args': {'ChecksumAlgorithm': 'CRC32'}}) about to wait for the following futures []
[ 2026-05-25 21:25:26,464 ] s3transfer.utils - DEBUG - Releasing acquire 0/None
[ 2026-05-25 21:25:26,464 ] s3transfer.tasks - DEBUG - PutObjectTask(transfer_id=0, {'bucket': 'tushar-crypto-ml-project-2026', 'key': 'model-registry\\model.pkl', 'extra_args': {'ChecksumAlgorithm': 'CRC32'}}) done waiting for dependent futures
[ 2026-05-25 21:25:26,465 ] s3transfer.tasks - DEBUG - Executing task PutObjectTask(transfer_id=0, {'bucket': 'tushar-crypto-ml-project-2026', 'key': 'model-registry\\model.pkl', 'extra_args': {'ChecksumAlgorithm': 'CRC32'}}) with kwargs {'client': <botocore.client.S3 object at 0x000002670247D160>, 'fileobj': <s3transfer.utils.ReadFileChunk object at 0x0000026702666270>, 'bucket': 'tushar-crypto-ml-project-2026', 'key': 'model-registry\\model.pkl', 'extra_args': {'ChecksumAlgorithm': 'CRC32'}}
[ 2026-05-25 21:25:26,466 ] botocore.hooks - DEBUG - Event before-parameter-build.s3.PutObject: calling handler <function validate_ascii_metadata at 0x00000267019DEE80>
[ 2026-05-25 21:25:26,466 ] botocore.hooks - DEBUG - Event before-parameter-build.s3.PutObject: calling handler <function sse_md5 at 0x00000267019DE160>
[ 2026-05-25 21:25:26,466 ] botocore.hooks - DEBUG - Event before-parameter-build.s3.PutObject: calling handler <function convert_body_to_file_like_object at 0x00000267019DF880>
[ 2026-05-25 21:25:26,466 ] botocore.hooks - DEBUG - Event before-parameter-build.s3.PutObject: calling handler <function validate_bucket_name at 0x00000267019DE0C0>
[ 2026-05-25 21:25:26,466 ] botocore.hooks - DEBUG - Event before-parameter-build.s3.PutObject: calling handler <function remove_bucket_from_url_paths_from_model at 0x00000267019F4540>
[ 2026-05-25 21:25:26,466 ] botocore.hooks - DEBUG - Event before-parameter-build.s3.PutObject: calling handler <bound method S3RegionRedirectorv2.annotate_request_context of <botocore.utils.S3RegionRedirectorv2 object at 0x000002670247F620>>
[ 2026-05-25 21:25:26,467 ] botocore.hooks - DEBUG - Event before-parameter-build.s3.PutObject: calling handler <bound method ClientCreator._inject_s3_input_parameters of <botocore.client.ClientCreator object at 0x0000026701B146E0>>
[ 2026-05-25 21:25:26,467 ] botocore.hooks - DEBUG - Event before-parameter-build.s3.PutObject: calling handler <function generate_idempotent_uuid at 0x00000267019DDEE0>
[ 2026-05-25 21:25:26,467 ] botocore.hooks - DEBUG - Event before-parameter-build.s3.PutObject: calling handler <function _handle_request_validation_mode_member at 0x00000267019F4CC0>
[ 2026-05-25 21:25:26,467 ] botocore.hooks - DEBUG - Event before-endpoint-resolution.s3: calling handler <function customize_endpoint_resolver_builtins at 0x00000267019F4720>
[ 2026-05-25 21:25:26,467 ] botocore.hooks - DEBUG - Event before-endpoint-resolution.s3: calling handler <bound method S3RegionRedirectorv2.redirect_from_cache of <botocore.utils.S3RegionRedirectorv2 object at 0x000002670247F620>>
[ 2026-05-25 21:25:26,468 ] botocore.regions - DEBUG - Calling endpoint provider with parameters: {'Bucket': 'tushar-crypto-ml-project-2026', 'Region': 'eu-north-1', 'UseFIPS': False, 'UseDualStack': False, 'ForcePathStyle': False, 'Accelerate': False, 'UseGlobalEndpoint': False, 'Key': 'model-registry\\model.pkl', 'DisableMultiRegionAccessPoints': False, 'UseArnRegion': True, 'DisableS3ExpressSessionAuth': False}
[ 2026-05-25 21:25:26,469 ] botocore.regions - DEBUG - Endpoint provider result: https://tushar-crypto-ml-project-2026.s3.eu-north-1.amazonaws.com
[ 2026-05-25 21:25:26,470 ] botocore.regions - DEBUG - Selecting from endpoint provider's list of auth schemes: "sigv4". User selected auth scheme is: "None"
[ 2026-05-25 21:25:26,470 ] botocore.regions - DEBUG - Selected auth type "v4" as "v4" with signing context params: {'region': 'eu-north-1', 'signing_name': 's3', 'disableDoubleEncoding': True}
[ 2026-05-25 21:25:26,471 ] botocore.hooks - DEBUG - Event before-call.s3.PutObject: calling handler <function add_expect_header at 0x00000267019DE480>
[ 2026-05-25 21:25:26,471 ] botocore.handlers - DEBUG - Adding expect 100 continue header to request.
[ 2026-05-25 21:25:26,471 ] botocore.hooks - DEBUG - Event before-call.s3.PutObject: calling handler <bound method S3ExpressIdentityResolver.apply_signing_cache_key of <botocore.utils.S3ExpressIdentityResolver object at 0x000002670247F770>>
[ 2026-05-25 21:25:26,471 ] botocore.hooks - DEBUG - Event before-call.s3.PutObject: calling handler <function add_recursion_detection_header at 0x00000267019DD940>
[ 2026-05-25 21:25:26,471 ] botocore.hooks - DEBUG - Event before-call.s3.PutObject: calling handler <function inject_api_version_header_if_needed at 0x00000267019DF9C0>
[ 2026-05-25 21:25:26,471 ] botocore.endpoint - DEBUG - Making request for OperationModel(name=PutObject) with params: {'url_path': '/model-registry%5Cmodel.pkl', 'query_string': {}, 'method': 'PUT', 'headers': {'x-amz-sdk-checksum-algorithm': 'CRC32', 'User-Agent': 'Boto3/1.43.14 md/Botocore#1.43.14 ua/2.1 os/windows#10 md/arch#amd64 lang/python#3.13.9 md/pyimpl#CPython m/b,Z,D,G,e cfg/retry-mode#legacy Botocore/1.43.14 Resource', 'Expect': '100-continue', 'Transfer-Encoding': 'chunked', 'Content-Encoding': 'aws-chunked', 'X-Amz-Trailer': 'x-amz-checksum-crc32', 'X-Amz-Decoded-Content-Length': '2294'}, 'body': <botocore.httpchecksum.AwsChunkedWrapper object at 0x0000026702666510>, 'auth_path': '/tushar-crypto-ml-project-2026/model-registry%5Cmodel.pkl', 'url': 'https://tushar-crypto-ml-project-2026.s3.eu-north-1.amazonaws.com/model-registry%5Cmodel.pkl', 'context': {'client_region': 'eu-north-1', 'client_config': <botocore.config.Config object at 0x0000026701AF79D0>, 'has_streaming_input': True, 'auth_type': 'v4', 'unsigned_payload': None, 'auth_options': ['aws.auth#sigv4'], 's3_redirect': {'redirected': False, 'bucket': 'tushar-crypto-ml-project-2026', 'params': {'Bucket': 'tushar-crypto-ml-project-2026', 'Key': 'model-registry\\model.pkl', 'Body': <s3transfer.utils.ReadFileChunk object at 0x0000026702666270>, 'ChecksumAlgorithm': 'CRC32'}}, 'input_params': {'Bucket': 'tushar-crypto-ml-project-2026', 'Key': 'model-registry\\model.pkl'}, 'signing': {'region': 'eu-north-1', 'signing_name': 's3', 'disableDoubleEncoding': True}, 'endpoint_properties': {'authSchemes': [{'disableDoubleEncoding': True, 'name': 'sigv4', 'signingName': 's3', 'signingRegion': 'eu-north-1'}]}, 'checksum': {'request_algorithm': {'algorithm': 'crc32', 'in': 'trailer', 'name': 'x-amz-checksum-crc32'}}}}
[ 2026-05-25 21:25:26,472 ] botocore.hooks - DEBUG - Event request-created.s3.PutObject: calling handler <function signal_not_transferring at 0x00000267017A8040>
[ 2026-05-25 21:25:26,473 ] botocore.hooks - DEBUG - Event request-created.s3.PutObject: calling handler <bound method RequestSigner.handler of <botocore.signers.RequestSigner object at 0x000002670247D2B0>>
[ 2026-05-25 21:25:26,473 ] botocore.hooks - DEBUG - Event choose-signer.s3.PutObject: calling handler <function set_operation_specific_signer at 0x00000267019DDBC0>
[ 2026-05-25 21:25:26,473 ] botocore.hooks - DEBUG - Event before-sign.s3.PutObject: calling handler <function remove_arn_from_signing_path at 0x00000267019F4680>
[ 2026-05-25 21:25:26,473 ] botocore.hooks - DEBUG - Event before-sign.s3.PutObject: calling handler <function _set_extra_headers_for_unsigned_request at 0x00000267019F4D60>
[ 2026-05-25 21:25:26,473 ] botocore.hooks - DEBUG - Event before-sign.s3.PutObject: calling handler <bound method S3ExpressIdentityResolver.resolve_s3express_identity of <botocore.utils.S3ExpressIdentityResolver object at 0x000002670247F770>>
[ 2026-05-25 21:25:26,474 ] botocore.auth - DEBUG - Calculating signature using v4 auth.
[ 2026-05-25 21:25:26,474 ] botocore.auth - DEBUG - CanonicalRequest:
PUT
/model-registry%5Cmodel.pkl

content-encoding:aws-chunked
host:tushar-crypto-ml-project-2026.s3.eu-north-1.amazonaws.com
x-amz-content-sha256:STREAMING-UNSIGNED-PAYLOAD-TRAILER
x-amz-date:20260525T155526Z
x-amz-decoded-content-length:2294
x-amz-sdk-checksum-algorithm:CRC32
x-amz-trailer:x-amz-checksum-crc32

content-encoding;host;x-amz-content-sha256;x-amz-date;x-amz-decoded-content-length;x-amz-sdk-checksum-algorithm;x-amz-trailer
STREAMING-UNSIGNED-PAYLOAD-TRAILER
[ 2026-05-25 21:25:26,474 ] botocore.auth - DEBUG - StringToSign:
AWS4-HMAC-SHA256
20260525T155526Z
20260525/eu-north-1/s3/aws4_request
c3518b82568b0403caa3c102db6de3afde0bb8beea887f2aec0a0f4f1d45a56f
[ 2026-05-25 21:25:26,475 ] botocore.auth - DEBUG - Signature:
2ddf27ffc01a3360dc28e671c2385b8e95ca6bc901c5799f7f4f617bc5e9503c
[ 2026-05-25 21:25:26,475 ] botocore.hooks - DEBUG - Event request-created.s3.PutObject: calling handler <bound method UserAgentString.rebuild_and_replace_user_agent_handler of <botocore.useragent.UserAgentString object at 0x0000026702644550>>
[ 2026-05-25 21:25:26,475 ] botocore.hooks - DEBUG - Event request-created.s3.PutObject: calling handler <function signal_transferring at 0x00000267017A80E0>
[ 2026-05-25 21:25:26,476 ] botocore.hooks - DEBUG - Event request-created.s3.PutObject: calling handler <function add_retry_headers at 0x00000267019F44A0>
[ 2026-05-25 21:25:26,476 ] botocore.endpoint - DEBUG - Sending http request: <AWSPreparedRequest stream_output=False, method=PUT, url=https://tushar-crypto-ml-project-2026.s3.eu-north-1.amazonaws.com/model-registry%5Cmodel.pkl, headers={'x-amz-sdk-checksum-algorithm': b'CRC32', 'User-Agent': b'Boto3/1.43.14 md/Botocore#1.43.14 ua/2.1 os/windows#10 md/arch#amd64 lang/python#3.13.9 md/pyimpl#CPython m/b,Z,D,U,G,e cfg/retry-mode#legacy Botocore/1.43.14 Resource', 'Expect': b'100-continue', 'Transfer-Encoding': b'chunked', 'Content-Encoding': b'aws-chunked', 'X-Amz-Trailer': b'x-amz-checksum-crc32', 'X-Amz-Decoded-Content-Length': b'2294', 'X-Amz-Date': b'20260525T155526Z', 'X-Amz-Content-SHA256': b'STREAMING-UNSIGNED-PAYLOAD-TRAILER', 'Authorization': b'AWS4-HMAC-SHA256 Credential=PASTE_YOUR_REAL_ACCESS_KEY/20260525/eu-north-1/s3/aws4_request, SignedHeaders=content-encoding;host;x-amz-content-sha256;x-amz-date;x-amz-decoded-content-length;x-amz-sdk-checksum-algorithm;x-amz-trailer, Signature=2ddf27ffc01a3360dc28e671c2385b8e95ca6bc901c5799f7f4f617bc5e9503c', 'amz-sdk-invocation-id': b'a712c91f-0606-42e4-91ba-367260a3d6f7', 'amz-sdk-request': b'attempt=1'}>
[ 2026-05-25 21:25:26,477 ] botocore.httpsession - DEBUG - Certificate path: C:\Users\DELL\OneDrive\Desktop\crypto_ml_pr\myvenv\Lib\site-packages\certifi\cacert.pem
[ 2026-05-25 21:25:26,477 ] urllib3.connectionpool - DEBUG - Starting new HTTPS connection (1): tushar-crypto-ml-project-2026.s3.eu-north-1.amazonaws.com:443
[ 2026-05-25 21:25:26,483 ] botocore.endpoint - DEBUG - Exception received when sending HTTP request.
Traceback (most recent call last):
  File "C:\Users\DELL\OneDrive\Desktop\crypto_ml_pr\myvenv\Lib\site-packages\urllib3\connection.py", line 174, in _new_conn
    conn = connection.create_connection(
        (self._dns_host, self.port), self.timeout, **extra_kw
    )
  File "C:\Users\DELL\OneDrive\Desktop\crypto_ml_pr\myvenv\Lib\site-packages\urllib3\util\connection.py", line 72, in create_connection
    for res in socket.getaddrinfo(host, port, family, socket.SOCK_STREAM):
               ~~~~~~~~~~~~~~~~~~^^^^^^^^^^^^^^^^^^^^^^^^^^^^^^^^^^^^^^^^
  File "C:\ProgramData\anaconda3\Lib\socket.py", line 977, in getaddrinfo
    for res in _socket.getaddrinfo(host, port, family, type, proto, flags):
               ~~~~~~~~~~~~~~~~~~~^^^^^^^^^^^^^^^^^^^^^^^^^^^^^^^^^^^^^^^^
socket.gaierror: [Errno 11001] getaddrinfo failed

During handling of the above exception, another exception occurred:

Traceback (most recent call last):
  File "C:\Users\DELL\OneDrive\Desktop\crypto_ml_pr\myvenv\Lib\site-packages\botocore\httpsession.py", line 477, in send
    urllib_response = conn.urlopen(
        method=request.method,
    ...<7 lines>...
        chunked=self._chunked(request.headers),
    )
  File "C:\Users\DELL\OneDrive\Desktop\crypto_ml_pr\myvenv\Lib\site-packages\urllib3\connectionpool.py", line 802, in urlopen
    retries = retries.increment(
        method, url, error=e, _pool=self, _stacktrace=sys.exc_info()[2]
    )
  File "C:\Users\DELL\OneDrive\Desktop\crypto_ml_pr\myvenv\Lib\site-packages\urllib3\util\retry.py", line 527, in increment
    raise six.reraise(type(error), error, _stacktrace)
          ~~~~~~~~~~~^^^^^^^^^^^^^^^^^^^^^^^^^^^^^^^^^
  File "C:\Users\DELL\OneDrive\Desktop\crypto_ml_pr\myvenv\Lib\site-packages\urllib3\packages\six.py", line 770, in reraise
    raise value
  File "C:\Users\DELL\OneDrive\Desktop\crypto_ml_pr\myvenv\Lib\site-packages\urllib3\connectionpool.py", line 716, in urlopen
    httplib_response = self._make_request(
        conn,
    ...<5 lines>...
        chunked=chunked,
    )
  File "C:\Users\DELL\OneDrive\Desktop\crypto_ml_pr\myvenv\Lib\site-packages\urllib3\connectionpool.py", line 404, in _make_request
    self._validate_conn(conn)
    ~~~~~~~~~~~~~~~~~~~^^^^^^
  File "C:\Users\DELL\OneDrive\Desktop\crypto_ml_pr\myvenv\Lib\site-packages\urllib3\connectionpool.py", line 1061, in _validate_conn
    conn.connect()
    ~~~~~~~~~~~~^^
  File "C:\Users\DELL\OneDrive\Desktop\crypto_ml_pr\myvenv\Lib\site-packages\urllib3\connection.py", line 363, in connect
    self.sock = conn = self._new_conn()
                       ~~~~~~~~~~~~~~^^
  File "C:\Users\DELL\OneDrive\Desktop\crypto_ml_pr\myvenv\Lib\site-packages\urllib3\connection.py", line 186, in _new_conn
    raise NewConnectionError(
        self, "Failed to establish a new connection: %s" % e
    )
urllib3.exceptions.NewConnectionError: <botocore.awsrequest.AWSHTTPSConnection object at 0x0000026702666900>: Failed to establish a new connection: [Errno 11001] getaddrinfo failed

During handling of the above exception, another exception occurred:

Traceback (most recent call last):
  File "C:\Users\DELL\OneDrive\Desktop\crypto_ml_pr\myvenv\Lib\site-packages\botocore\endpoint.py", line 279, in _do_get_response
    http_response = self._send(request)
  File "C:\Users\DELL\OneDrive\Desktop\crypto_ml_pr\myvenv\Lib\site-packages\botocore\endpoint.py", line 383, in _send
    return self.http_session.send(request)
           ~~~~~~~~~~~~~~~~~~~~~~^^^^^^^^^
  File "C:\Users\DELL\OneDrive\Desktop\crypto_ml_pr\myvenv\Lib\site-packages\botocore\httpsession.py", line 506, in send
    raise EndpointConnectionError(endpoint_url=request.url, error=e)
botocore.exceptions.EndpointConnectionError: Could not connect to the endpoint URL: "https://tushar-crypto-ml-project-2026.s3.eu-north-1.amazonaws.com/model-registry%5Cmodel.pkl"
[ 2026-05-25 21:25:26,799 ] botocore.hooks - DEBUG - Event needs-retry.s3.PutObject: calling handler <function _update_status_code at 0x00000267019F4C20>
[ 2026-05-25 21:25:26,799 ] botocore.hooks - DEBUG - Event needs-retry.s3.PutObject: calling handler <botocore.retryhandler.RetryHandler object at 0x000002670247F4D0>
[ 2026-05-25 21:25:26,799 ] botocore.retryhandler - DEBUG - retry needed, retryable exception caught: Could not connect to the endpoint URL: "https://tushar-crypto-ml-project-2026.s3.eu-north-1.amazonaws.com/model-registry%5Cmodel.pkl"
Traceback (most recent call last):
  File "C:\Users\DELL\OneDrive\Desktop\crypto_ml_pr\myvenv\Lib\site-packages\urllib3\connection.py", line 174, in _new_conn
    conn = connection.create_connection(
        (self._dns_host, self.port), self.timeout, **extra_kw
    )
  File "C:\Users\DELL\OneDrive\Desktop\crypto_ml_pr\myvenv\Lib\site-packages\urllib3\util\connection.py", line 72, in create_connection
    for res in socket.getaddrinfo(host, port, family, socket.SOCK_STREAM):
               ~~~~~~~~~~~~~~~~~~^^^^^^^^^^^^^^^^^^^^^^^^^^^^^^^^^^^^^^^^
  File "C:\ProgramData\anaconda3\Lib\socket.py", line 977, in getaddrinfo
    for res in _socket.getaddrinfo(host, port, family, type, proto, flags):
               ~~~~~~~~~~~~~~~~~~~^^^^^^^^^^^^^^^^^^^^^^^^^^^^^^^^^^^^^^^^
socket.gaierror: [Errno 11001] getaddrinfo failed

During handling of the above exception, another exception occurred:

Traceback (most recent call last):
  File "C:\Users\DELL\OneDrive\Desktop\crypto_ml_pr\myvenv\Lib\site-packages\botocore\httpsession.py", line 477, in send
    urllib_response = conn.urlopen(
        method=request.method,
    ...<7 lines>...
        chunked=self._chunked(request.headers),
    )
  File "C:\Users\DELL\OneDrive\Desktop\crypto_ml_pr\myvenv\Lib\site-packages\urllib3\connectionpool.py", line 802, in urlopen
    retries = retries.increment(
        method, url, error=e, _pool=self, _stacktrace=sys.exc_info()[2]
    )
  File "C:\Users\DELL\OneDrive\Desktop\crypto_ml_pr\myvenv\Lib\site-packages\urllib3\util\retry.py", line 527, in increment
    raise six.reraise(type(error), error, _stacktrace)
          ~~~~~~~~~~~^^^^^^^^^^^^^^^^^^^^^^^^^^^^^^^^^
  File "C:\Users\DELL\OneDrive\Desktop\crypto_ml_pr\myvenv\Lib\site-packages\urllib3\packages\six.py", line 770, in reraise
    raise value
  File "C:\Users\DELL\OneDrive\Desktop\crypto_ml_pr\myvenv\Lib\site-packages\urllib3\connectionpool.py", line 716, in urlopen
    httplib_response = self._make_request(
        conn,
    ...<5 lines>...
        chunked=chunked,
    )
  File "C:\Users\DELL\OneDrive\Desktop\crypto_ml_pr\myvenv\Lib\site-packages\urllib3\connectionpool.py", line 404, in _make_request
    self._validate_conn(conn)
    ~~~~~~~~~~~~~~~~~~~^^^^^^
  File "C:\Users\DELL\OneDrive\Desktop\crypto_ml_pr\myvenv\Lib\site-packages\urllib3\connectionpool.py", line 1061, in _validate_conn
    conn.connect()
    ~~~~~~~~~~~~^^
  File "C:\Users\DELL\OneDrive\Desktop\crypto_ml_pr\myvenv\Lib\site-packages\urllib3\connection.py", line 363, in connect
    self.sock = conn = self._new_conn()
                       ~~~~~~~~~~~~~~^^
  File "C:\Users\DELL\OneDrive\Desktop\crypto_ml_pr\myvenv\Lib\site-packages\urllib3\connection.py", line 186, in _new_conn
    raise NewConnectionError(
        self, "Failed to establish a new connection: %s" % e
    )
urllib3.exceptions.NewConnectionError: <botocore.awsrequest.AWSHTTPSConnection object at 0x0000026702666900>: Failed to establish a new connection: [Errno 11001] getaddrinfo failed

During handling of the above exception, another exception occurred:

Traceback (most recent call last):
  File "C:\Users\DELL\OneDrive\Desktop\crypto_ml_pr\myvenv\Lib\site-packages\botocore\retryhandler.py", line 307, in _should_retry
    return self._checker(
           ~~~~~~~~~~~~~^
        attempt_number, response, caught_exception
        ^^^^^^^^^^^^^^^^^^^^^^^^^^^^^^^^^^^^^^^^^^
    )
    ^
  File "C:\Users\DELL\OneDrive\Desktop\crypto_ml_pr\myvenv\Lib\site-packages\botocore\retryhandler.py", line 363, in __call__
    checker_response = checker(
        attempt_number, response, caught_exception
    )
  File "C:\Users\DELL\OneDrive\Desktop\crypto_ml_pr\myvenv\Lib\site-packages\botocore\retryhandler.py", line 247, in __call__
    return self._check_caught_exception(
           ~~~~~~~~~~~~~~~~~~~~~~~~~~~~^
        attempt_number, caught_exception
        ^^^^^^^^^^^^^^^^^^^^^^^^^^^^^^^^
    )
    ^
  File "C:\Users\DELL\OneDrive\Desktop\crypto_ml_pr\myvenv\Lib\site-packages\botocore\retryhandler.py", line 416, in _check_caught_exception
    raise caught_exception
  File "C:\Users\DELL\OneDrive\Desktop\crypto_ml_pr\myvenv\Lib\site-packages\botocore\endpoint.py", line 279, in _do_get_response
    http_response = self._send(request)
  File "C:\Users\DELL\OneDrive\Desktop\crypto_ml_pr\myvenv\Lib\site-packages\botocore\endpoint.py", line 383, in _send
    return self.http_session.send(request)
           ~~~~~~~~~~~~~~~~~~~~~~^^^^^^^^^
  File "C:\Users\DELL\OneDrive\Desktop\crypto_ml_pr\myvenv\Lib\site-packages\botocore\httpsession.py", line 506, in send
    raise EndpointConnectionError(endpoint_url=request.url, error=e)
botocore.exceptions.EndpointConnectionError: Could not connect to the endpoint URL: "https://tushar-crypto-ml-project-2026.s3.eu-north-1.amazonaws.com/model-registry%5Cmodel.pkl"
[ 2026-05-25 21:25:26,810 ] botocore.retryhandler - DEBUG - Retry needed, action of: 0.05666517134103333
[ 2026-05-25 21:25:26,810 ] botocore.hooks - DEBUG - Event needs-retry.s3.PutObject: calling handler <bound method S3RegionRedirectorv2.redirect_from_error of <botocore.utils.S3RegionRedirectorv2 object at 0x000002670247F620>>
[ 2026-05-25 21:25:26,810 ] botocore.endpoint - DEBUG - Response received to retry, sleeping for 0.05666517134103333 seconds
[ 2026-05-25 21:25:26,868 ] botocore.awsrequest - DEBUG - Rewinding stream: <botocore.httpchecksum.AwsChunkedWrapper object at 0x0000026702666510>
[ 2026-05-25 21:25:26,869 ] botocore.hooks - DEBUG - Event request-created.s3.PutObject: calling handler <function signal_not_transferring at 0x00000267017A8040>
[ 2026-05-25 21:25:26,869 ] botocore.hooks - DEBUG - Event request-created.s3.PutObject: calling handler <bound method RequestSigner.handler of <botocore.signers.RequestSigner object at 0x000002670247D2B0>>
[ 2026-05-25 21:25:26,869 ] botocore.hooks - DEBUG - Event choose-signer.s3.PutObject: calling handler <function set_operation_specific_signer at 0x00000267019DDBC0>
[ 2026-05-25 21:25:26,869 ] botocore.hooks - DEBUG - Event before-sign.s3.PutObject: calling handler <function remove_arn_from_signing_path at 0x00000267019F4680>
[ 2026-05-25 21:25:26,869 ] botocore.hooks - DEBUG - Event before-sign.s3.PutObject: calling handler <function _set_extra_headers_for_unsigned_request at 0x00000267019F4D60>
[ 2026-05-25 21:25:26,869 ] botocore.hooks - DEBUG - Event before-sign.s3.PutObject: calling handler <bound method S3ExpressIdentityResolver.resolve_s3express_identity of <botocore.utils.S3ExpressIdentityResolver object at 0x000002670247F770>>
[ 2026-05-25 21:25:26,870 ] botocore.auth - DEBUG - Calculating signature using v4 auth.
[ 2026-05-25 21:25:26,870 ] botocore.auth - DEBUG - CanonicalRequest:
PUT
/model-registry%5Cmodel.pkl

content-encoding:aws-chunked
host:tushar-crypto-ml-project-2026.s3.eu-north-1.amazonaws.com
x-amz-content-sha256:STREAMING-UNSIGNED-PAYLOAD-TRAILER
x-amz-date:20260525T155526Z
x-amz-decoded-content-length:2294
x-amz-sdk-checksum-algorithm:CRC32
x-amz-trailer:x-amz-checksum-crc32

content-encoding;host;x-amz-content-sha256;x-amz-date;x-amz-decoded-content-length;x-amz-sdk-checksum-algorithm;x-amz-trailer
STREAMING-UNSIGNED-PAYLOAD-TRAILER
[ 2026-05-25 21:25:26,870 ] botocore.auth - DEBUG - StringToSign:
AWS4-HMAC-SHA256
20260525T155526Z
20260525/eu-north-1/s3/aws4_request
c3518b82568b0403caa3c102db6de3afde0bb8beea887f2aec0a0f4f1d45a56f
[ 2026-05-25 21:25:26,870 ] botocore.auth - DEBUG - Signature:
2ddf27ffc01a3360dc28e671c2385b8e95ca6bc901c5799f7f4f617bc5e9503c
[ 2026-05-25 21:25:26,870 ] botocore.hooks - DEBUG - Event request-created.s3.PutObject: calling handler <bound method UserAgentString.rebuild_and_replace_user_agent_handler of <botocore.useragent.UserAgentString object at 0x0000026702644550>>
[ 2026-05-25 21:25:26,871 ] botocore.hooks - DEBUG - Event request-created.s3.PutObject: calling handler <function signal_transferring at 0x00000267017A80E0>
[ 2026-05-25 21:25:26,871 ] botocore.hooks - DEBUG - Event request-created.s3.PutObject: calling handler <function add_retry_headers at 0x00000267019F44A0>
[ 2026-05-25 21:25:26,871 ] botocore.endpoint - DEBUG - Sending http request: <AWSPreparedRequest stream_output=False, method=PUT, url=https://tushar-crypto-ml-project-2026.s3.eu-north-1.amazonaws.com/model-registry%5Cmodel.pkl, headers={'x-amz-sdk-checksum-algorithm': b'CRC32', 'User-Agent': b'Boto3/1.43.14 md/Botocore#1.43.14 ua/2.1 os/windows#10 md/arch#amd64 lang/python#3.13.9 md/pyimpl#CPython m/b,Z,D,U,G,e cfg/retry-mode#legacy Botocore/1.43.14 Resource', 'Expect': b'100-continue', 'Transfer-Encoding': b'chunked', 'Content-Encoding': b'aws-chunked', 'X-Amz-Trailer': b'x-amz-checksum-crc32', 'X-Amz-Decoded-Content-Length': b'2294', 'X-Amz-Date': b'20260525T155526Z', 'X-Amz-Content-SHA256': b'STREAMING-UNSIGNED-PAYLOAD-TRAILER', 'Authorization': b'AWS4-HMAC-SHA256 Credential=PASTE_YOUR_REAL_ACCESS_KEY/20260525/eu-north-1/s3/aws4_request, SignedHeaders=content-encoding;host;x-amz-content-sha256;x-amz-date;x-amz-decoded-content-length;x-amz-sdk-checksum-algorithm;x-amz-trailer, Signature=2ddf27ffc01a3360dc28e671c2385b8e95ca6bc901c5799f7f4f617bc5e9503c', 'amz-sdk-invocation-id': b'a712c91f-0606-42e4-91ba-367260a3d6f7', 'amz-sdk-request': b'attempt=2; max=5'}>
[ 2026-05-25 21:25:26,872 ] botocore.httpsession - DEBUG - Certificate path: C:\Users\DELL\OneDrive\Desktop\crypto_ml_pr\myvenv\Lib\site-packages\certifi\cacert.pem
[ 2026-05-25 21:25:26,872 ] urllib3.connectionpool - DEBUG - Starting new HTTPS connection (2): tushar-crypto-ml-project-2026.s3.eu-north-1.amazonaws.com:443
[ 2026-05-25 21:25:26,873 ] botocore.endpoint - DEBUG - Exception received when sending HTTP request.
Traceback (most recent call last):
  File "C:\Users\DELL\OneDrive\Desktop\crypto_ml_pr\myvenv\Lib\site-packages\urllib3\connection.py", line 174, in _new_conn
    conn = connection.create_connection(
        (self._dns_host, self.port), self.timeout, **extra_kw
    )
  File "C:\Users\DELL\OneDrive\Desktop\crypto_ml_pr\myvenv\Lib\site-packages\urllib3\util\connection.py", line 72, in create_connection
    for res in socket.getaddrinfo(host, port, family, socket.SOCK_STREAM):
               ~~~~~~~~~~~~~~~~~~^^^^^^^^^^^^^^^^^^^^^^^^^^^^^^^^^^^^^^^^
  File "C:\ProgramData\anaconda3\Lib\socket.py", line 977, in getaddrinfo
    for res in _socket.getaddrinfo(host, port, family, type, proto, flags):
               ~~~~~~~~~~~~~~~~~~~^^^^^^^^^^^^^^^^^^^^^^^^^^^^^^^^^^^^^^^^
socket.gaierror: [Errno 11001] getaddrinfo failed

During handling of the above exception, another exception occurred:

Traceback (most recent call last):
  File "C:\Users\DELL\OneDrive\Desktop\crypto_ml_pr\myvenv\Lib\site-packages\botocore\httpsession.py", line 477, in send
    urllib_response = conn.urlopen(
        method=request.method,
    ...<7 lines>...
        chunked=self._chunked(request.headers),
    )
  File "C:\Users\DELL\OneDrive\Desktop\crypto_ml_pr\myvenv\Lib\site-packages\urllib3\connectionpool.py", line 802, in urlopen
    retries = retries.increment(
        method, url, error=e, _pool=self, _stacktrace=sys.exc_info()[2]
    )
  File "C:\Users\DELL\OneDrive\Desktop\crypto_ml_pr\myvenv\Lib\site-packages\urllib3\util\retry.py", line 527, in increment
    raise six.reraise(type(error), error, _stacktrace)
          ~~~~~~~~~~~^^^^^^^^^^^^^^^^^^^^^^^^^^^^^^^^^
  File "C:\Users\DELL\OneDrive\Desktop\crypto_ml_pr\myvenv\Lib\site-packages\urllib3\packages\six.py", line 770, in reraise
    raise value
  File "C:\Users\DELL\OneDrive\Desktop\crypto_ml_pr\myvenv\Lib\site-packages\urllib3\connectionpool.py", line 716, in urlopen
    httplib_response = self._make_request(
        conn,
    ...<5 lines>...
        chunked=chunked,
    )
  File "C:\Users\DELL\OneDrive\Desktop\crypto_ml_pr\myvenv\Lib\site-packages\urllib3\connectionpool.py", line 404, in _make_request
    self._validate_conn(conn)
    ~~~~~~~~~~~~~~~~~~~^^^^^^
  File "C:\Users\DELL\OneDrive\Desktop\crypto_ml_pr\myvenv\Lib\site-packages\urllib3\connectionpool.py", line 1061, in _validate_conn
    conn.connect()
    ~~~~~~~~~~~~^^
  File "C:\Users\DELL\OneDrive\Desktop\crypto_ml_pr\myvenv\Lib\site-packages\urllib3\connection.py", line 363, in connect
    self.sock = conn = self._new_conn()
                       ~~~~~~~~~~~~~~^^
  File "C:\Users\DELL\OneDrive\Desktop\crypto_ml_pr\myvenv\Lib\site-packages\urllib3\connection.py", line 186, in _new_conn
    raise NewConnectionError(
        self, "Failed to establish a new connection: %s" % e
    )
urllib3.exceptions.NewConnectionError: <botocore.awsrequest.AWSHTTPSConnection object at 0x00000267026C5E50>: Failed to establish a new connection: [Errno 11001] getaddrinfo failed

During handling of the above exception, another exception occurred:

Traceback (most recent call last):
  File "C:\Users\DELL\OneDrive\Desktop\crypto_ml_pr\myvenv\Lib\site-packages\botocore\endpoint.py", line 279, in _do_get_response
    http_response = self._send(request)
  File "C:\Users\DELL\OneDrive\Desktop\crypto_ml_pr\myvenv\Lib\site-packages\botocore\endpoint.py", line 383, in _send
    return self.http_session.send(request)
           ~~~~~~~~~~~~~~~~~~~~~~^^^^^^^^^
  File "C:\Users\DELL\OneDrive\Desktop\crypto_ml_pr\myvenv\Lib\site-packages\botocore\httpsession.py", line 506, in send
    raise EndpointConnectionError(endpoint_url=request.url, error=e)
botocore.exceptions.EndpointConnectionError: Could not connect to the endpoint URL: "https://tushar-crypto-ml-project-2026.s3.eu-north-1.amazonaws.com/model-registry%5Cmodel.pkl"
[ 2026-05-25 21:25:26,882 ] botocore.hooks - DEBUG - Event needs-retry.s3.PutObject: calling handler <function _update_status_code at 0x00000267019F4C20>
[ 2026-05-25 21:25:26,882 ] botocore.hooks - DEBUG - Event needs-retry.s3.PutObject: calling handler <botocore.retryhandler.RetryHandler object at 0x000002670247F4D0>
[ 2026-05-25 21:25:26,882 ] botocore.retryhandler - DEBUG - retry needed, retryable exception caught: Could not connect to the endpoint URL: "https://tushar-crypto-ml-project-2026.s3.eu-north-1.amazonaws.com/model-registry%5Cmodel.pkl"
Traceback (most recent call last):
  File "C:\Users\DELL\OneDrive\Desktop\crypto_ml_pr\myvenv\Lib\site-packages\urllib3\connection.py", line 174, in _new_conn
    conn = connection.create_connection(
        (self._dns_host, self.port), self.timeout, **extra_kw
    )
  File "C:\Users\DELL\OneDrive\Desktop\crypto_ml_pr\myvenv\Lib\site-packages\urllib3\util\connection.py", line 72, in create_connection
    for res in socket.getaddrinfo(host, port, family, socket.SOCK_STREAM):
               ~~~~~~~~~~~~~~~~~~^^^^^^^^^^^^^^^^^^^^^^^^^^^^^^^^^^^^^^^^
  File "C:\ProgramData\anaconda3\Lib\socket.py", line 977, in getaddrinfo
    for res in _socket.getaddrinfo(host, port, family, type, proto, flags):
               ~~~~~~~~~~~~~~~~~~~^^^^^^^^^^^^^^^^^^^^^^^^^^^^^^^^^^^^^^^^
socket.gaierror: [Errno 11001] getaddrinfo failed

During handling of the above exception, another exception occurred:

Traceback (most recent call last):
  File "C:\Users\DELL\OneDrive\Desktop\crypto_ml_pr\myvenv\Lib\site-packages\botocore\httpsession.py", line 477, in send
    urllib_response = conn.urlopen(
        method=request.method,
    ...<7 lines>...
        chunked=self._chunked(request.headers),
    )
  File "C:\Users\DELL\OneDrive\Desktop\crypto_ml_pr\myvenv\Lib\site-packages\urllib3\connectionpool.py", line 802, in urlopen
    retries = retries.increment(
        method, url, error=e, _pool=self, _stacktrace=sys.exc_info()[2]
    )
  File "C:\Users\DELL\OneDrive\Desktop\crypto_ml_pr\myvenv\Lib\site-packages\urllib3\util\retry.py", line 527, in increment
    raise six.reraise(type(error), error, _stacktrace)
          ~~~~~~~~~~~^^^^^^^^^^^^^^^^^^^^^^^^^^^^^^^^^
  File "C:\Users\DELL\OneDrive\Desktop\crypto_ml_pr\myvenv\Lib\site-packages\urllib3\packages\six.py", line 770, in reraise
    raise value
  File "C:\Users\DELL\OneDrive\Desktop\crypto_ml_pr\myvenv\Lib\site-packages\urllib3\connectionpool.py", line 716, in urlopen
    httplib_response = self._make_request(
        conn,
    ...<5 lines>...
        chunked=chunked,
    )
  File "C:\Users\DELL\OneDrive\Desktop\crypto_ml_pr\myvenv\Lib\site-packages\urllib3\connectionpool.py", line 404, in _make_request
    self._validate_conn(conn)
    ~~~~~~~~~~~~~~~~~~~^^^^^^
  File "C:\Users\DELL\OneDrive\Desktop\crypto_ml_pr\myvenv\Lib\site-packages\urllib3\connectionpool.py", line 1061, in _validate_conn
    conn.connect()
    ~~~~~~~~~~~~^^
  File "C:\Users\DELL\OneDrive\Desktop\crypto_ml_pr\myvenv\Lib\site-packages\urllib3\connection.py", line 363, in connect
    self.sock = conn = self._new_conn()
                       ~~~~~~~~~~~~~~^^
  File "C:\Users\DELL\OneDrive\Desktop\crypto_ml_pr\myvenv\Lib\site-packages\urllib3\connection.py", line 186, in _new_conn
    raise NewConnectionError(
        self, "Failed to establish a new connection: %s" % e
    )
urllib3.exceptions.NewConnectionError: <botocore.awsrequest.AWSHTTPSConnection object at 0x00000267026C5E50>: Failed to establish a new connection: [Errno 11001] getaddrinfo failed

During handling of the above exception, another exception occurred:

Traceback (most recent call last):
  File "C:\Users\DELL\OneDrive\Desktop\crypto_ml_pr\myvenv\Lib\site-packages\botocore\retryhandler.py", line 307, in _should_retry
    return self._checker(
           ~~~~~~~~~~~~~^
        attempt_number, response, caught_exception
        ^^^^^^^^^^^^^^^^^^^^^^^^^^^^^^^^^^^^^^^^^^
    )
    ^
  File "C:\Users\DELL\OneDrive\Desktop\crypto_ml_pr\myvenv\Lib\site-packages\botocore\retryhandler.py", line 363, in __call__
    checker_response = checker(
        attempt_number, response, caught_exception
    )
  File "C:\Users\DELL\OneDrive\Desktop\crypto_ml_pr\myvenv\Lib\site-packages\botocore\retryhandler.py", line 247, in __call__
    return self._check_caught_exception(
           ~~~~~~~~~~~~~~~~~~~~~~~~~~~~^
        attempt_number, caught_exception
        ^^^^^^^^^^^^^^^^^^^^^^^^^^^^^^^^
    )
    ^
  File "C:\Users\DELL\OneDrive\Desktop\crypto_ml_pr\myvenv\Lib\site-packages\botocore\retryhandler.py", line 416, in _check_caught_exception
    raise caught_exception
  File "C:\Users\DELL\OneDrive\Desktop\crypto_ml_pr\myvenv\Lib\site-packages\botocore\endpoint.py", line 279, in _do_get_response
    http_response = self._send(request)
  File "C:\Users\DELL\OneDrive\Desktop\crypto_ml_pr\myvenv\Lib\site-packages\botocore\endpoint.py", line 383, in _send
    return self.http_session.send(request)
           ~~~~~~~~~~~~~~~~~~~~~~^^^^^^^^^
  File "C:\Users\DELL\OneDrive\Desktop\crypto_ml_pr\myvenv\Lib\site-packages\botocore\httpsession.py", line 506, in send
    raise EndpointConnectionError(endpoint_url=request.url, error=e)
botocore.exceptions.EndpointConnectionError: Could not connect to the endpoint URL: "https://tushar-crypto-ml-project-2026.s3.eu-north-1.amazonaws.com/model-registry%5Cmodel.pkl"
[ 2026-05-25 21:25:26,892 ] botocore.retryhandler - DEBUG - Retry needed, action of: 1.3465045754007114
[ 2026-05-25 21:25:26,892 ] botocore.hooks - DEBUG - Event needs-retry.s3.PutObject: calling handler <bound method S3RegionRedirectorv2.redirect_from_error of <botocore.utils.S3RegionRedirectorv2 object at 0x000002670247F620>>
[ 2026-05-25 21:25:26,892 ] botocore.endpoint - DEBUG - Response received to retry, sleeping for 1.3465045754007114 seconds
[ 2026-05-25 21:25:28,239 ] botocore.awsrequest - DEBUG - Rewinding stream: <botocore.httpchecksum.AwsChunkedWrapper object at 0x0000026702666510>
[ 2026-05-25 21:25:28,239 ] botocore.hooks - DEBUG - Event request-created.s3.PutObject: calling handler <function signal_not_transferring at 0x00000267017A8040>
[ 2026-05-25 21:25:28,239 ] botocore.hooks - DEBUG - Event request-created.s3.PutObject: calling handler <bound method RequestSigner.handler of <botocore.signers.RequestSigner object at 0x000002670247D2B0>>
[ 2026-05-25 21:25:28,239 ] botocore.hooks - DEBUG - Event choose-signer.s3.PutObject: calling handler <function set_operation_specific_signer at 0x00000267019DDBC0>
[ 2026-05-25 21:25:28,239 ] botocore.hooks - DEBUG - Event before-sign.s3.PutObject: calling handler <function remove_arn_from_signing_path at 0x00000267019F4680>
[ 2026-05-25 21:25:28,239 ] botocore.hooks - DEBUG - Event before-sign.s3.PutObject: calling handler <function _set_extra_headers_for_unsigned_request at 0x00000267019F4D60>
[ 2026-05-25 21:25:28,239 ] botocore.hooks - DEBUG - Event before-sign.s3.PutObject: calling handler <bound method S3ExpressIdentityResolver.resolve_s3express_identity of <botocore.utils.S3ExpressIdentityResolver object at 0x000002670247F770>>
[ 2026-05-25 21:25:28,240 ] botocore.auth - DEBUG - Calculating signature using v4 auth.
[ 2026-05-25 21:25:28,240 ] botocore.auth - DEBUG - CanonicalRequest:
PUT
/model-registry%5Cmodel.pkl

content-encoding:aws-chunked
host:tushar-crypto-ml-project-2026.s3.eu-north-1.amazonaws.com
x-amz-content-sha256:STREAMING-UNSIGNED-PAYLOAD-TRAILER
x-amz-date:20260525T155528Z
x-amz-decoded-content-length:2294
x-amz-sdk-checksum-algorithm:CRC32
x-amz-trailer:x-amz-checksum-crc32

content-encoding;host;x-amz-content-sha256;x-amz-date;x-amz-decoded-content-length;x-amz-sdk-checksum-algorithm;x-amz-trailer
STREAMING-UNSIGNED-PAYLOAD-TRAILER
[ 2026-05-25 21:25:28,240 ] botocore.auth - DEBUG - StringToSign:
AWS4-HMAC-SHA256
20260525T155528Z
20260525/eu-north-1/s3/aws4_request
8b0480f8312bec7dd0d90f942e8de6595a96b1907b606f9b63a30aab837967e5
[ 2026-05-25 21:25:28,240 ] botocore.auth - DEBUG - Signature:
b98b98421249ed49714a98d1c453447d1abadf54300cdef8c38fa6744f54b68d
[ 2026-05-25 21:25:28,240 ] botocore.hooks - DEBUG - Event request-created.s3.PutObject: calling handler <bound method UserAgentString.rebuild_and_replace_user_agent_handler of <botocore.useragent.UserAgentString object at 0x0000026702644550>>
[ 2026-05-25 21:25:28,240 ] botocore.hooks - DEBUG - Event request-created.s3.PutObject: calling handler <function signal_transferring at 0x00000267017A80E0>
[ 2026-05-25 21:25:28,240 ] botocore.hooks - DEBUG - Event request-created.s3.PutObject: calling handler <function add_retry_headers at 0x00000267019F44A0>
[ 2026-05-25 21:25:28,241 ] botocore.endpoint - DEBUG - Sending http request: <AWSPreparedRequest stream_output=False, method=PUT, url=https://tushar-crypto-ml-project-2026.s3.eu-north-1.amazonaws.com/model-registry%5Cmodel.pkl, headers={'x-amz-sdk-checksum-algorithm': b'CRC32', 'User-Agent': b'Boto3/1.43.14 md/Botocore#1.43.14 ua/2.1 os/windows#10 md/arch#amd64 lang/python#3.13.9 md/pyimpl#CPython m/b,Z,D,U,G,e cfg/retry-mode#legacy Botocore/1.43.14 Resource', 'Expect': b'100-continue', 'Transfer-Encoding': b'chunked', 'Content-Encoding': b'aws-chunked', 'X-Amz-Trailer': b'x-amz-checksum-crc32', 'X-Amz-Decoded-Content-Length': b'2294', 'X-Amz-Date': b'20260525T155528Z', 'X-Amz-Content-SHA256': b'STREAMING-UNSIGNED-PAYLOAD-TRAILER', 'Authorization': b'AWS4-HMAC-SHA256 Credential=PASTE_YOUR_REAL_ACCESS_KEY/20260525/eu-north-1/s3/aws4_request, SignedHeaders=content-encoding;host;x-amz-content-sha256;x-amz-date;x-amz-decoded-content-length;x-amz-sdk-checksum-algorithm;x-amz-trailer, Signature=b98b98421249ed49714a98d1c453447d1abadf54300cdef8c38fa6744f54b68d', 'amz-sdk-invocation-id': b'a712c91f-0606-42e4-91ba-367260a3d6f7', 'amz-sdk-request': b'attempt=3; max=5'}>
[ 2026-05-25 21:25:28,241 ] botocore.httpsession - DEBUG - Certificate path: C:\Users\DELL\OneDrive\Desktop\crypto_ml_pr\myvenv\Lib\site-packages\certifi\cacert.pem
[ 2026-05-25 21:25:28,241 ] urllib3.connectionpool - DEBUG - Starting new HTTPS connection (3): tushar-crypto-ml-project-2026.s3.eu-north-1.amazonaws.com:443
[ 2026-05-25 21:25:28,241 ] botocore.endpoint - DEBUG - Exception received when sending HTTP request.
Traceback (most recent call last):
  File "C:\Users\DELL\OneDrive\Desktop\crypto_ml_pr\myvenv\Lib\site-packages\urllib3\connection.py", line 174, in _new_conn
    conn = connection.create_connection(
        (self._dns_host, self.port), self.timeout, **extra_kw
    )
  File "C:\Users\DELL\OneDrive\Desktop\crypto_ml_pr\myvenv\Lib\site-packages\urllib3\util\connection.py", line 72, in create_connection
    for res in socket.getaddrinfo(host, port, family, socket.SOCK_STREAM):
               ~~~~~~~~~~~~~~~~~~^^^^^^^^^^^^^^^^^^^^^^^^^^^^^^^^^^^^^^^^
  File "C:\ProgramData\anaconda3\Lib\socket.py", line 977, in getaddrinfo
    for res in _socket.getaddrinfo(host, port, family, type, proto, flags):
               ~~~~~~~~~~~~~~~~~~~^^^^^^^^^^^^^^^^^^^^^^^^^^^^^^^^^^^^^^^^
socket.gaierror: [Errno 11001] getaddrinfo failed

During handling of the above exception, another exception occurred:

Traceback (most recent call last):
  File "C:\Users\DELL\OneDrive\Desktop\crypto_ml_pr\myvenv\Lib\site-packages\botocore\httpsession.py", line 477, in send
    urllib_response = conn.urlopen(
        method=request.method,
    ...<7 lines>...
        chunked=self._chunked(request.headers),
    )
  File "C:\Users\DELL\OneDrive\Desktop\crypto_ml_pr\myvenv\Lib\site-packages\urllib3\connectionpool.py", line 802, in urlopen
    retries = retries.increment(
        method, url, error=e, _pool=self, _stacktrace=sys.exc_info()[2]
    )
  File "C:\Users\DELL\OneDrive\Desktop\crypto_ml_pr\myvenv\Lib\site-packages\urllib3\util\retry.py", line 527, in increment
    raise six.reraise(type(error), error, _stacktrace)
          ~~~~~~~~~~~^^^^^^^^^^^^^^^^^^^^^^^^^^^^^^^^^
  File "C:\Users\DELL\OneDrive\Desktop\crypto_ml_pr\myvenv\Lib\site-packages\urllib3\packages\six.py", line 770, in reraise
    raise value
  File "C:\Users\DELL\OneDrive\Desktop\crypto_ml_pr\myvenv\Lib\site-packages\urllib3\connectionpool.py", line 716, in urlopen
    httplib_response = self._make_request(
        conn,
    ...<5 lines>...
        chunked=chunked,
    )
  File "C:\Users\DELL\OneDrive\Desktop\crypto_ml_pr\myvenv\Lib\site-packages\urllib3\connectionpool.py", line 404, in _make_request
    self._validate_conn(conn)
    ~~~~~~~~~~~~~~~~~~~^^^^^^
  File "C:\Users\DELL\OneDrive\Desktop\crypto_ml_pr\myvenv\Lib\site-packages\urllib3\connectionpool.py", line 1061, in _validate_conn
    conn.connect()
    ~~~~~~~~~~~~^^
  File "C:\Users\DELL\OneDrive\Desktop\crypto_ml_pr\myvenv\Lib\site-packages\urllib3\connection.py", line 363, in connect
    self.sock = conn = self._new_conn()
                       ~~~~~~~~~~~~~~^^
  File "C:\Users\DELL\OneDrive\Desktop\crypto_ml_pr\myvenv\Lib\site-packages\urllib3\connection.py", line 186, in _new_conn
    raise NewConnectionError(
        self, "Failed to establish a new connection: %s" % e
    )
urllib3.exceptions.NewConnectionError: <botocore.awsrequest.AWSHTTPSConnection object at 0x00000267026C6210>: Failed to establish a new connection: [Errno 11001] getaddrinfo failed

During handling of the above exception, another exception occurred:

Traceback (most recent call last):
  File "C:\Users\DELL\OneDrive\Desktop\crypto_ml_pr\myvenv\Lib\site-packages\botocore\endpoint.py", line 279, in _do_get_response
    http_response = self._send(request)
  File "C:\Users\DELL\OneDrive\Desktop\crypto_ml_pr\myvenv\Lib\site-packages\botocore\endpoint.py", line 383, in _send
    return self.http_session.send(request)
           ~~~~~~~~~~~~~~~~~~~~~~^^^^^^^^^
  File "C:\Users\DELL\OneDrive\Desktop\crypto_ml_pr\myvenv\Lib\site-packages\botocore\httpsession.py", line 506, in send
    raise EndpointConnectionError(endpoint_url=request.url, error=e)
botocore.exceptions.EndpointConnectionError: Could not connect to the endpoint URL: "https://tushar-crypto-ml-project-2026.s3.eu-north-1.amazonaws.com/model-registry%5Cmodel.pkl"
[ 2026-05-25 21:25:28,245 ] botocore.hooks - DEBUG - Event needs-retry.s3.PutObject: calling handler <function _update_status_code at 0x00000267019F4C20>
[ 2026-05-25 21:25:28,246 ] botocore.hooks - DEBUG - Event needs-retry.s3.PutObject: calling handler <botocore.retryhandler.RetryHandler object at 0x000002670247F4D0>
[ 2026-05-25 21:25:28,246 ] botocore.retryhandler - DEBUG - retry needed, retryable exception caught: Could not connect to the endpoint URL: "https://tushar-crypto-ml-project-2026.s3.eu-north-1.amazonaws.com/model-registry%5Cmodel.pkl"
Traceback (most recent call last):
  File "C:\Users\DELL\OneDrive\Desktop\crypto_ml_pr\myvenv\Lib\site-packages\urllib3\connection.py", line 174, in _new_conn
    conn = connection.create_connection(
        (self._dns_host, self.port), self.timeout, **extra_kw
    )
  File "C:\Users\DELL\OneDrive\Desktop\crypto_ml_pr\myvenv\Lib\site-packages\urllib3\util\connection.py", line 72, in create_connection
    for res in socket.getaddrinfo(host, port, family, socket.SOCK_STREAM):
               ~~~~~~~~~~~~~~~~~~^^^^^^^^^^^^^^^^^^^^^^^^^^^^^^^^^^^^^^^^
  File "C:\ProgramData\anaconda3\Lib\socket.py", line 977, in getaddrinfo
    for res in _socket.getaddrinfo(host, port, family, type, proto, flags):
               ~~~~~~~~~~~~~~~~~~~^^^^^^^^^^^^^^^^^^^^^^^^^^^^^^^^^^^^^^^^
socket.gaierror: [Errno 11001] getaddrinfo failed

During handling of the above exception, another exception occurred:

Traceback (most recent call last):
  File "C:\Users\DELL\OneDrive\Desktop\crypto_ml_pr\myvenv\Lib\site-packages\botocore\httpsession.py", line 477, in send
    urllib_response = conn.urlopen(
        method=request.method,
    ...<7 lines>...
        chunked=self._chunked(request.headers),
    )
  File "C:\Users\DELL\OneDrive\Desktop\crypto_ml_pr\myvenv\Lib\site-packages\urllib3\connectionpool.py", line 802, in urlopen
    retries = retries.increment(
        method, url, error=e, _pool=self, _stacktrace=sys.exc_info()[2]
    )
  File "C:\Users\DELL\OneDrive\Desktop\crypto_ml_pr\myvenv\Lib\site-packages\urllib3\util\retry.py", line 527, in increment
    raise six.reraise(type(error), error, _stacktrace)
          ~~~~~~~~~~~^^^^^^^^^^^^^^^^^^^^^^^^^^^^^^^^^
  File "C:\Users\DELL\OneDrive\Desktop\crypto_ml_pr\myvenv\Lib\site-packages\urllib3\packages\six.py", line 770, in reraise
    raise value
  File "C:\Users\DELL\OneDrive\Desktop\crypto_ml_pr\myvenv\Lib\site-packages\urllib3\connectionpool.py", line 716, in urlopen
    httplib_response = self._make_request(
        conn,
    ...<5 lines>...
        chunked=chunked,
    )
  File "C:\Users\DELL\OneDrive\Desktop\crypto_ml_pr\myvenv\Lib\site-packages\urllib3\connectionpool.py", line 404, in _make_request
    self._validate_conn(conn)
    ~~~~~~~~~~~~~~~~~~~^^^^^^
  File "C:\Users\DELL\OneDrive\Desktop\crypto_ml_pr\myvenv\Lib\site-packages\urllib3\connectionpool.py", line 1061, in _validate_conn
    conn.connect()
    ~~~~~~~~~~~~^^
  File "C:\Users\DELL\OneDrive\Desktop\crypto_ml_pr\myvenv\Lib\site-packages\urllib3\connection.py", line 363, in connect
    self.sock = conn = self._new_conn()
                       ~~~~~~~~~~~~~~^^
  File "C:\Users\DELL\OneDrive\Desktop\crypto_ml_pr\myvenv\Lib\site-packages\urllib3\connection.py", line 186, in _new_conn
    raise NewConnectionError(
        self, "Failed to establish a new connection: %s" % e
    )
urllib3.exceptions.NewConnectionError: <botocore.awsrequest.AWSHTTPSConnection object at 0x00000267026C6210>: Failed to establish a new connection: [Errno 11001] getaddrinfo failed

During handling of the above exception, another exception occurred:

Traceback (most recent call last):
  File "C:\Users\DELL\OneDrive\Desktop\crypto_ml_pr\myvenv\Lib\site-packages\botocore\retryhandler.py", line 307, in _should_retry
    return self._checker(
           ~~~~~~~~~~~~~^
        attempt_number, response, caught_exception
        ^^^^^^^^^^^^^^^^^^^^^^^^^^^^^^^^^^^^^^^^^^
    )
    ^
  File "C:\Users\DELL\OneDrive\Desktop\crypto_ml_pr\myvenv\Lib\site-packages\botocore\retryhandler.py", line 363, in __call__
    checker_response = checker(
        attempt_number, response, caught_exception
    )
  File "C:\Users\DELL\OneDrive\Desktop\crypto_ml_pr\myvenv\Lib\site-packages\botocore\retryhandler.py", line 247, in __call__
    return self._check_caught_exception(
           ~~~~~~~~~~~~~~~~~~~~~~~~~~~~^
        attempt_number, caught_exception
        ^^^^^^^^^^^^^^^^^^^^^^^^^^^^^^^^
    )
    ^
  File "C:\Users\DELL\OneDrive\Desktop\crypto_ml_pr\myvenv\Lib\site-packages\botocore\retryhandler.py", line 416, in _check_caught_exception
    raise caught_exception
  File "C:\Users\DELL\OneDrive\Desktop\crypto_ml_pr\myvenv\Lib\site-packages\botocore\endpoint.py", line 279, in _do_get_response
    http_response = self._send(request)
  File "C:\Users\DELL\OneDrive\Desktop\crypto_ml_pr\myvenv\Lib\site-packages\botocore\endpoint.py", line 383, in _send
    return self.http_session.send(request)
           ~~~~~~~~~~~~~~~~~~~~~~^^^^^^^^^
  File "C:\Users\DELL\OneDrive\Desktop\crypto_ml_pr\myvenv\Lib\site-packages\botocore\httpsession.py", line 506, in send
    raise EndpointConnectionError(endpoint_url=request.url, error=e)
botocore.exceptions.EndpointConnectionError: Could not connect to the endpoint URL: "https://tushar-crypto-ml-project-2026.s3.eu-north-1.amazonaws.com/model-registry%5Cmodel.pkl"
[ 2026-05-25 21:25:28,250 ] botocore.retryhandler - DEBUG - Retry needed, action of: 2.0863981751042995
[ 2026-05-25 21:25:28,250 ] botocore.hooks - DEBUG - Event needs-retry.s3.PutObject: calling handler <bound method S3RegionRedirectorv2.redirect_from_error of <botocore.utils.S3RegionRedirectorv2 object at 0x000002670247F620>>
[ 2026-05-25 21:25:28,250 ] botocore.endpoint - DEBUG - Response received to retry, sleeping for 2.0863981751042995 seconds
[ 2026-05-25 21:25:30,338 ] botocore.awsrequest - DEBUG - Rewinding stream: <botocore.httpchecksum.AwsChunkedWrapper object at 0x0000026702666510>
[ 2026-05-25 21:25:30,339 ] botocore.hooks - DEBUG - Event request-created.s3.PutObject: calling handler <function signal_not_transferring at 0x00000267017A8040>
[ 2026-05-25 21:25:30,339 ] botocore.hooks - DEBUG - Event request-created.s3.PutObject: calling handler <bound method RequestSigner.handler of <botocore.signers.RequestSigner object at 0x000002670247D2B0>>
[ 2026-05-25 21:25:30,339 ] botocore.hooks - DEBUG - Event choose-signer.s3.PutObject: calling handler <function set_operation_specific_signer at 0x00000267019DDBC0>
[ 2026-05-25 21:25:30,339 ] botocore.hooks - DEBUG - Event before-sign.s3.PutObject: calling handler <function remove_arn_from_signing_path at 0x00000267019F4680>
[ 2026-05-25 21:25:30,339 ] botocore.hooks - DEBUG - Event before-sign.s3.PutObject: calling handler <function _set_extra_headers_for_unsigned_request at 0x00000267019F4D60>
[ 2026-05-25 21:25:30,339 ] botocore.hooks - DEBUG - Event before-sign.s3.PutObject: calling handler <bound method S3ExpressIdentityResolver.resolve_s3express_identity of <botocore.utils.S3ExpressIdentityResolver object at 0x000002670247F770>>
[ 2026-05-25 21:25:30,340 ] botocore.auth - DEBUG - Calculating signature using v4 auth.
[ 2026-05-25 21:25:30,340 ] botocore.auth - DEBUG - CanonicalRequest:
PUT
/model-registry%5Cmodel.pkl

content-encoding:aws-chunked
host:tushar-crypto-ml-project-2026.s3.eu-north-1.amazonaws.com
x-amz-content-sha256:STREAMING-UNSIGNED-PAYLOAD-TRAILER
x-amz-date:20260525T155530Z
x-amz-decoded-content-length:2294
x-amz-sdk-checksum-algorithm:CRC32
x-amz-trailer:x-amz-checksum-crc32

content-encoding;host;x-amz-content-sha256;x-amz-date;x-amz-decoded-content-length;x-amz-sdk-checksum-algorithm;x-amz-trailer
STREAMING-UNSIGNED-PAYLOAD-TRAILER
[ 2026-05-25 21:25:30,340 ] botocore.auth - DEBUG - StringToSign:
AWS4-HMAC-SHA256
20260525T155530Z
20260525/eu-north-1/s3/aws4_request
09f9aca33285d6a1b711f4a492ae95f3cbf24f257fc37e0af31fd905ae404c72
[ 2026-05-25 21:25:30,340 ] botocore.auth - DEBUG - Signature:
18bf5b1acc1b333c7c9cf6484d4367095b16ebae8337f3568c4041b17d0a8848
[ 2026-05-25 21:25:30,341 ] botocore.hooks - DEBUG - Event request-created.s3.PutObject: calling handler <bound method UserAgentString.rebuild_and_replace_user_agent_handler of <botocore.useragent.UserAgentString object at 0x0000026702644550>>
[ 2026-05-25 21:25:30,341 ] botocore.hooks - DEBUG - Event request-created.s3.PutObject: calling handler <function signal_transferring at 0x00000267017A80E0>
[ 2026-05-25 21:25:30,341 ] botocore.hooks - DEBUG - Event request-created.s3.PutObject: calling handler <function add_retry_headers at 0x00000267019F44A0>
[ 2026-05-25 21:25:30,342 ] botocore.endpoint - DEBUG - Sending http request: <AWSPreparedRequest stream_output=False, method=PUT, url=https://tushar-crypto-ml-project-2026.s3.eu-north-1.amazonaws.com/model-registry%5Cmodel.pkl, headers={'x-amz-sdk-checksum-algorithm': b'CRC32', 'User-Agent': b'Boto3/1.43.14 md/Botocore#1.43.14 ua/2.1 os/windows#10 md/arch#amd64 lang/python#3.13.9 md/pyimpl#CPython m/b,Z,D,U,G,e cfg/retry-mode#legacy Botocore/1.43.14 Resource', 'Expect': b'100-continue', 'Transfer-Encoding': b'chunked', 'Content-Encoding': b'aws-chunked', 'X-Amz-Trailer': b'x-amz-checksum-crc32', 'X-Amz-Decoded-Content-Length': b'2294', 'X-Amz-Date': b'20260525T155530Z', 'X-Amz-Content-SHA256': b'STREAMING-UNSIGNED-PAYLOAD-TRAILER', 'Authorization': b'AWS4-HMAC-SHA256 Credential=PASTE_YOUR_REAL_ACCESS_KEY/20260525/eu-north-1/s3/aws4_request, SignedHeaders=content-encoding;host;x-amz-content-sha256;x-amz-date;x-amz-decoded-content-length;x-amz-sdk-checksum-algorithm;x-amz-trailer, Signature=18bf5b1acc1b333c7c9cf6484d4367095b16ebae8337f3568c4041b17d0a8848', 'amz-sdk-invocation-id': b'a712c91f-0606-42e4-91ba-367260a3d6f7', 'amz-sdk-request': b'attempt=4; max=5'}>
[ 2026-05-25 21:25:30,342 ] botocore.httpsession - DEBUG - Certificate path: C:\Users\DELL\OneDrive\Desktop\crypto_ml_pr\myvenv\Lib\site-packages\certifi\cacert.pem
[ 2026-05-25 21:25:30,343 ] urllib3.connectionpool - DEBUG - Starting new HTTPS connection (4): tushar-crypto-ml-project-2026.s3.eu-north-1.amazonaws.com:443
[ 2026-05-25 21:25:30,344 ] botocore.endpoint - DEBUG - Exception received when sending HTTP request.
Traceback (most recent call last):
  File "C:\Users\DELL\OneDrive\Desktop\crypto_ml_pr\myvenv\Lib\site-packages\urllib3\connection.py", line 174, in _new_conn
    conn = connection.create_connection(
        (self._dns_host, self.port), self.timeout, **extra_kw
    )
  File "C:\Users\DELL\OneDrive\Desktop\crypto_ml_pr\myvenv\Lib\site-packages\urllib3\util\connection.py", line 72, in create_connection
    for res in socket.getaddrinfo(host, port, family, socket.SOCK_STREAM):
               ~~~~~~~~~~~~~~~~~~^^^^^^^^^^^^^^^^^^^^^^^^^^^^^^^^^^^^^^^^
  File "C:\ProgramData\anaconda3\Lib\socket.py", line 977, in getaddrinfo
    for res in _socket.getaddrinfo(host, port, family, type, proto, flags):
               ~~~~~~~~~~~~~~~~~~~^^^^^^^^^^^^^^^^^^^^^^^^^^^^^^^^^^^^^^^^
socket.gaierror: [Errno 11001] getaddrinfo failed

During handling of the above exception, another exception occurred:

Traceback (most recent call last):
  File "C:\Users\DELL\OneDrive\Desktop\crypto_ml_pr\myvenv\Lib\site-packages\botocore\httpsession.py", line 477, in send
    urllib_response = conn.urlopen(
        method=request.method,
    ...<7 lines>...
        chunked=self._chunked(request.headers),
    )
  File "C:\Users\DELL\OneDrive\Desktop\crypto_ml_pr\myvenv\Lib\site-packages\urllib3\connectionpool.py", line 802, in urlopen
    retries = retries.increment(
        method, url, error=e, _pool=self, _stacktrace=sys.exc_info()[2]
    )
  File "C:\Users\DELL\OneDrive\Desktop\crypto_ml_pr\myvenv\Lib\site-packages\urllib3\util\retry.py", line 527, in increment
    raise six.reraise(type(error), error, _stacktrace)
          ~~~~~~~~~~~^^^^^^^^^^^^^^^^^^^^^^^^^^^^^^^^^
  File "C:\Users\DELL\OneDrive\Desktop\crypto_ml_pr\myvenv\Lib\site-packages\urllib3\packages\six.py", line 770, in reraise
    raise value
  File "C:\Users\DELL\OneDrive\Desktop\crypto_ml_pr\myvenv\Lib\site-packages\urllib3\connectionpool.py", line 716, in urlopen
    httplib_response = self._make_request(
        conn,
    ...<5 lines>...
        chunked=chunked,
    )
  File "C:\Users\DELL\OneDrive\Desktop\crypto_ml_pr\myvenv\Lib\site-packages\urllib3\connectionpool.py", line 404, in _make_request
    self._validate_conn(conn)
    ~~~~~~~~~~~~~~~~~~~^^^^^^
  File "C:\Users\DELL\OneDrive\Desktop\crypto_ml_pr\myvenv\Lib\site-packages\urllib3\connectionpool.py", line 1061, in _validate_conn
    conn.connect()
    ~~~~~~~~~~~~^^
  File "C:\Users\DELL\OneDrive\Desktop\crypto_ml_pr\myvenv\Lib\site-packages\urllib3\connection.py", line 363, in connect
    self.sock = conn = self._new_conn()
                       ~~~~~~~~~~~~~~^^
  File "C:\Users\DELL\OneDrive\Desktop\crypto_ml_pr\myvenv\Lib\site-packages\urllib3\connection.py", line 186, in _new_conn
    raise NewConnectionError(
        self, "Failed to establish a new connection: %s" % e
    )
urllib3.exceptions.NewConnectionError: <botocore.awsrequest.AWSHTTPSConnection object at 0x00000267026C5BD0>: Failed to establish a new connection: [Errno 11001] getaddrinfo failed

During handling of the above exception, another exception occurred:

Traceback (most recent call last):
  File "C:\Users\DELL\OneDrive\Desktop\crypto_ml_pr\myvenv\Lib\site-packages\botocore\endpoint.py", line 279, in _do_get_response
    http_response = self._send(request)
  File "C:\Users\DELL\OneDrive\Desktop\crypto_ml_pr\myvenv\Lib\site-packages\botocore\endpoint.py", line 383, in _send
    return self.http_session.send(request)
           ~~~~~~~~~~~~~~~~~~~~~~^^^^^^^^^
  File "C:\Users\DELL\OneDrive\Desktop\crypto_ml_pr\myvenv\Lib\site-packages\botocore\httpsession.py", line 506, in send
    raise EndpointConnectionError(endpoint_url=request.url, error=e)
botocore.exceptions.EndpointConnectionError: Could not connect to the endpoint URL: "https://tushar-crypto-ml-project-2026.s3.eu-north-1.amazonaws.com/model-registry%5Cmodel.pkl"
[ 2026-05-25 21:25:30,348 ] botocore.hooks - DEBUG - Event needs-retry.s3.PutObject: calling handler <function _update_status_code at 0x00000267019F4C20>
[ 2026-05-25 21:25:30,348 ] botocore.hooks - DEBUG - Event needs-retry.s3.PutObject: calling handler <botocore.retryhandler.RetryHandler object at 0x000002670247F4D0>
[ 2026-05-25 21:25:30,348 ] botocore.retryhandler - DEBUG - retry needed, retryable exception caught: Could not connect to the endpoint URL: "https://tushar-crypto-ml-project-2026.s3.eu-north-1.amazonaws.com/model-registry%5Cmodel.pkl"
Traceback (most recent call last):
  File "C:\Users\DELL\OneDrive\Desktop\crypto_ml_pr\myvenv\Lib\site-packages\urllib3\connection.py", line 174, in _new_conn
    conn = connection.create_connection(
        (self._dns_host, self.port), self.timeout, **extra_kw
    )
  File "C:\Users\DELL\OneDrive\Desktop\crypto_ml_pr\myvenv\Lib\site-packages\urllib3\util\connection.py", line 72, in create_connection
    for res in socket.getaddrinfo(host, port, family, socket.SOCK_STREAM):
               ~~~~~~~~~~~~~~~~~~^^^^^^^^^^^^^^^^^^^^^^^^^^^^^^^^^^^^^^^^
  File "C:\ProgramData\anaconda3\Lib\socket.py", line 977, in getaddrinfo
    for res in _socket.getaddrinfo(host, port, family, type, proto, flags):
               ~~~~~~~~~~~~~~~~~~~^^^^^^^^^^^^^^^^^^^^^^^^^^^^^^^^^^^^^^^^
socket.gaierror: [Errno 11001] getaddrinfo failed

During handling of the above exception, another exception occurred:

Traceback (most recent call last):
  File "C:\Users\DELL\OneDrive\Desktop\crypto_ml_pr\myvenv\Lib\site-packages\botocore\httpsession.py", line 477, in send
    urllib_response = conn.urlopen(
        method=request.method,
    ...<7 lines>...
        chunked=self._chunked(request.headers),
    )
  File "C:\Users\DELL\OneDrive\Desktop\crypto_ml_pr\myvenv\Lib\site-packages\urllib3\connectionpool.py", line 802, in urlopen
    retries = retries.increment(
        method, url, error=e, _pool=self, _stacktrace=sys.exc_info()[2]
    )
  File "C:\Users\DELL\OneDrive\Desktop\crypto_ml_pr\myvenv\Lib\site-packages\urllib3\util\retry.py", line 527, in increment
    raise six.reraise(type(error), error, _stacktrace)
          ~~~~~~~~~~~^^^^^^^^^^^^^^^^^^^^^^^^^^^^^^^^^
  File "C:\Users\DELL\OneDrive\Desktop\crypto_ml_pr\myvenv\Lib\site-packages\urllib3\packages\six.py", line 770, in reraise
    raise value
  File "C:\Users\DELL\OneDrive\Desktop\crypto_ml_pr\myvenv\Lib\site-packages\urllib3\connectionpool.py", line 716, in urlopen
    httplib_response = self._make_request(
        conn,
    ...<5 lines>...
        chunked=chunked,
    )
  File "C:\Users\DELL\OneDrive\Desktop\crypto_ml_pr\myvenv\Lib\site-packages\urllib3\connectionpool.py", line 404, in _make_request
    self._validate_conn(conn)
    ~~~~~~~~~~~~~~~~~~~^^^^^^
  File "C:\Users\DELL\OneDrive\Desktop\crypto_ml_pr\myvenv\Lib\site-packages\urllib3\connectionpool.py", line 1061, in _validate_conn
    conn.connect()
    ~~~~~~~~~~~~^^
  File "C:\Users\DELL\OneDrive\Desktop\crypto_ml_pr\myvenv\Lib\site-packages\urllib3\connection.py", line 363, in connect
    self.sock = conn = self._new_conn()
                       ~~~~~~~~~~~~~~^^
  File "C:\Users\DELL\OneDrive\Desktop\crypto_ml_pr\myvenv\Lib\site-packages\urllib3\connection.py", line 186, in _new_conn
    raise NewConnectionError(
        self, "Failed to establish a new connection: %s" % e
    )
urllib3.exceptions.NewConnectionError: <botocore.awsrequest.AWSHTTPSConnection object at 0x00000267026C5BD0>: Failed to establish a new connection: [Errno 11001] getaddrinfo failed

During handling of the above exception, another exception occurred:

Traceback (most recent call last):
  File "C:\Users\DELL\OneDrive\Desktop\crypto_ml_pr\myvenv\Lib\site-packages\botocore\retryhandler.py", line 307, in _should_retry
    return self._checker(
           ~~~~~~~~~~~~~^
        attempt_number, response, caught_exception
        ^^^^^^^^^^^^^^^^^^^^^^^^^^^^^^^^^^^^^^^^^^
    )
    ^
  File "C:\Users\DELL\OneDrive\Desktop\crypto_ml_pr\myvenv\Lib\site-packages\botocore\retryhandler.py", line 363, in __call__
    checker_response = checker(
        attempt_number, response, caught_exception
    )
  File "C:\Users\DELL\OneDrive\Desktop\crypto_ml_pr\myvenv\Lib\site-packages\botocore\retryhandler.py", line 247, in __call__
    return self._check_caught_exception(
           ~~~~~~~~~~~~~~~~~~~~~~~~~~~~^
        attempt_number, caught_exception
        ^^^^^^^^^^^^^^^^^^^^^^^^^^^^^^^^
    )
    ^
  File "C:\Users\DELL\OneDrive\Desktop\crypto_ml_pr\myvenv\Lib\site-packages\botocore\retryhandler.py", line 416, in _check_caught_exception
    raise caught_exception
  File "C:\Users\DELL\OneDrive\Desktop\crypto_ml_pr\myvenv\Lib\site-packages\botocore\endpoint.py", line 279, in _do_get_response
    http_response = self._send(request)
  File "C:\Users\DELL\OneDrive\Desktop\crypto_ml_pr\myvenv\Lib\site-packages\botocore\endpoint.py", line 383, in _send
    return self.http_session.send(request)
           ~~~~~~~~~~~~~~~~~~~~~~^^^^^^^^^
  File "C:\Users\DELL\OneDrive\Desktop\crypto_ml_pr\myvenv\Lib\site-packages\botocore\httpsession.py", line 506, in send
    raise EndpointConnectionError(endpoint_url=request.url, error=e)
botocore.exceptions.EndpointConnectionError: Could not connect to the endpoint URL: "https://tushar-crypto-ml-project-2026.s3.eu-north-1.amazonaws.com/model-registry%5Cmodel.pkl"
[ 2026-05-25 21:25:30,352 ] botocore.retryhandler - DEBUG - Retry needed, action of: 7.925393099834618
[ 2026-05-25 21:25:30,352 ] botocore.hooks - DEBUG - Event needs-retry.s3.PutObject: calling handler <bound method S3RegionRedirectorv2.redirect_from_error of <botocore.utils.S3RegionRedirectorv2 object at 0x000002670247F620>>
[ 2026-05-25 21:25:30,353 ] botocore.endpoint - DEBUG - Response received to retry, sleeping for 7.925393099834618 seconds
[ 2026-05-25 21:25:38,278 ] botocore.awsrequest - DEBUG - Rewinding stream: <botocore.httpchecksum.AwsChunkedWrapper object at 0x0000026702666510>
[ 2026-05-25 21:25:38,278 ] botocore.hooks - DEBUG - Event request-created.s3.PutObject: calling handler <function signal_not_transferring at 0x00000267017A8040>
[ 2026-05-25 21:25:38,279 ] botocore.hooks - DEBUG - Event request-created.s3.PutObject: calling handler <bound method RequestSigner.handler of <botocore.signers.RequestSigner object at 0x000002670247D2B0>>
[ 2026-05-25 21:25:38,279 ] botocore.hooks - DEBUG - Event choose-signer.s3.PutObject: calling handler <function set_operation_specific_signer at 0x00000267019DDBC0>
[ 2026-05-25 21:25:38,279 ] botocore.hooks - DEBUG - Event before-sign.s3.PutObject: calling handler <function remove_arn_from_signing_path at 0x00000267019F4680>
[ 2026-05-25 21:25:38,279 ] botocore.hooks - DEBUG - Event before-sign.s3.PutObject: calling handler <function _set_extra_headers_for_unsigned_request at 0x00000267019F4D60>
[ 2026-05-25 21:25:38,279 ] botocore.hooks - DEBUG - Event before-sign.s3.PutObject: calling handler <bound method S3ExpressIdentityResolver.resolve_s3express_identity of <botocore.utils.S3ExpressIdentityResolver object at 0x000002670247F770>>
[ 2026-05-25 21:25:38,280 ] botocore.auth - DEBUG - Calculating signature using v4 auth.
[ 2026-05-25 21:25:38,280 ] botocore.auth - DEBUG - CanonicalRequest:
PUT
/model-registry%5Cmodel.pkl

content-encoding:aws-chunked
host:tushar-crypto-ml-project-2026.s3.eu-north-1.amazonaws.com
x-amz-content-sha256:STREAMING-UNSIGNED-PAYLOAD-TRAILER
x-amz-date:20260525T155538Z
x-amz-decoded-content-length:2294
x-amz-sdk-checksum-algorithm:CRC32
x-amz-trailer:x-amz-checksum-crc32

content-encoding;host;x-amz-content-sha256;x-amz-date;x-amz-decoded-content-length;x-amz-sdk-checksum-algorithm;x-amz-trailer
STREAMING-UNSIGNED-PAYLOAD-TRAILER
[ 2026-05-25 21:25:38,280 ] botocore.auth - DEBUG - StringToSign:
AWS4-HMAC-SHA256
20260525T155538Z
20260525/eu-north-1/s3/aws4_request
7d48bb7e75b96cf9a9d6df001fce36ec229554489d40e7968b4d07ffbf45c430
[ 2026-05-25 21:25:38,280 ] botocore.auth - DEBUG - Signature:
445508c4f6446f7cf5b53d33cb07f4d0f92765c7bd8174a8d6def536dd23dbd3
[ 2026-05-25 21:25:38,280 ] botocore.hooks - DEBUG - Event request-created.s3.PutObject: calling handler <bound method UserAgentString.rebuild_and_replace_user_agent_handler of <botocore.useragent.UserAgentString object at 0x0000026702644550>>
[ 2026-05-25 21:25:38,281 ] botocore.hooks - DEBUG - Event request-created.s3.PutObject: calling handler <function signal_transferring at 0x00000267017A80E0>
[ 2026-05-25 21:25:38,281 ] botocore.hooks - DEBUG - Event request-created.s3.PutObject: calling handler <function add_retry_headers at 0x00000267019F44A0>
[ 2026-05-25 21:25:38,281 ] botocore.endpoint - DEBUG - Sending http request: <AWSPreparedRequest stream_output=False, method=PUT, url=https://tushar-crypto-ml-project-2026.s3.eu-north-1.amazonaws.com/model-registry%5Cmodel.pkl, headers={'x-amz-sdk-checksum-algorithm': b'CRC32', 'User-Agent': b'Boto3/1.43.14 md/Botocore#1.43.14 ua/2.1 os/windows#10 md/arch#amd64 lang/python#3.13.9 md/pyimpl#CPython m/b,Z,D,U,G,e cfg/retry-mode#legacy Botocore/1.43.14 Resource', 'Expect': b'100-continue', 'Transfer-Encoding': b'chunked', 'Content-Encoding': b'aws-chunked', 'X-Amz-Trailer': b'x-amz-checksum-crc32', 'X-Amz-Decoded-Content-Length': b'2294', 'X-Amz-Date': b'20260525T155538Z', 'X-Amz-Content-SHA256': b'STREAMING-UNSIGNED-PAYLOAD-TRAILER', 'Authorization': b'AWS4-HMAC-SHA256 Credential=PASTE_YOUR_REAL_ACCESS_KEY/20260525/eu-north-1/s3/aws4_request, SignedHeaders=content-encoding;host;x-amz-content-sha256;x-amz-date;x-amz-decoded-content-length;x-amz-sdk-checksum-algorithm;x-amz-trailer, Signature=445508c4f6446f7cf5b53d33cb07f4d0f92765c7bd8174a8d6def536dd23dbd3', 'amz-sdk-invocation-id': b'a712c91f-0606-42e4-91ba-367260a3d6f7', 'amz-sdk-request': b'attempt=5; max=5'}>
[ 2026-05-25 21:25:38,282 ] botocore.httpsession - DEBUG - Certificate path: C:\Users\DELL\OneDrive\Desktop\crypto_ml_pr\myvenv\Lib\site-packages\certifi\cacert.pem
[ 2026-05-25 21:25:38,282 ] urllib3.connectionpool - DEBUG - Starting new HTTPS connection (5): tushar-crypto-ml-project-2026.s3.eu-north-1.amazonaws.com:443
[ 2026-05-25 21:25:38,283 ] botocore.endpoint - DEBUG - Exception received when sending HTTP request.
Traceback (most recent call last):
  File "C:\Users\DELL\OneDrive\Desktop\crypto_ml_pr\myvenv\Lib\site-packages\urllib3\connection.py", line 174, in _new_conn
    conn = connection.create_connection(
        (self._dns_host, self.port), self.timeout, **extra_kw
    )
  File "C:\Users\DELL\OneDrive\Desktop\crypto_ml_pr\myvenv\Lib\site-packages\urllib3\util\connection.py", line 72, in create_connection
    for res in socket.getaddrinfo(host, port, family, socket.SOCK_STREAM):
               ~~~~~~~~~~~~~~~~~~^^^^^^^^^^^^^^^^^^^^^^^^^^^^^^^^^^^^^^^^
  File "C:\ProgramData\anaconda3\Lib\socket.py", line 977, in getaddrinfo
    for res in _socket.getaddrinfo(host, port, family, type, proto, flags):
               ~~~~~~~~~~~~~~~~~~~^^^^^^^^^^^^^^^^^^^^^^^^^^^^^^^^^^^^^^^^
socket.gaierror: [Errno 11001] getaddrinfo failed

During handling of the above exception, another exception occurred:

Traceback (most recent call last):
  File "C:\Users\DELL\OneDrive\Desktop\crypto_ml_pr\myvenv\Lib\site-packages\botocore\httpsession.py", line 477, in send
    urllib_response = conn.urlopen(
        method=request.method,
    ...<7 lines>...
        chunked=self._chunked(request.headers),
    )
  File "C:\Users\DELL\OneDrive\Desktop\crypto_ml_pr\myvenv\Lib\site-packages\urllib3\connectionpool.py", line 802, in urlopen
    retries = retries.increment(
        method, url, error=e, _pool=self, _stacktrace=sys.exc_info()[2]
    )
  File "C:\Users\DELL\OneDrive\Desktop\crypto_ml_pr\myvenv\Lib\site-packages\urllib3\util\retry.py", line 527, in increment
    raise six.reraise(type(error), error, _stacktrace)
          ~~~~~~~~~~~^^^^^^^^^^^^^^^^^^^^^^^^^^^^^^^^^
  File "C:\Users\DELL\OneDrive\Desktop\crypto_ml_pr\myvenv\Lib\site-packages\urllib3\packages\six.py", line 770, in reraise
    raise value
  File "C:\Users\DELL\OneDrive\Desktop\crypto_ml_pr\myvenv\Lib\site-packages\urllib3\connectionpool.py", line 716, in urlopen
    httplib_response = self._make_request(
        conn,
    ...<5 lines>...
        chunked=chunked,
    )
  File "C:\Users\DELL\OneDrive\Desktop\crypto_ml_pr\myvenv\Lib\site-packages\urllib3\connectionpool.py", line 404, in _make_request
    self._validate_conn(conn)
    ~~~~~~~~~~~~~~~~~~~^^^^^^
  File "C:\Users\DELL\OneDrive\Desktop\crypto_ml_pr\myvenv\Lib\site-packages\urllib3\connectionpool.py", line 1061, in _validate_conn
    conn.connect()
    ~~~~~~~~~~~~^^
  File "C:\Users\DELL\OneDrive\Desktop\crypto_ml_pr\myvenv\Lib\site-packages\urllib3\connection.py", line 363, in connect
    self.sock = conn = self._new_conn()
                       ~~~~~~~~~~~~~~^^
  File "C:\Users\DELL\OneDrive\Desktop\crypto_ml_pr\myvenv\Lib\site-packages\urllib3\connection.py", line 186, in _new_conn
    raise NewConnectionError(
        self, "Failed to establish a new connection: %s" % e
    )
urllib3.exceptions.NewConnectionError: <botocore.awsrequest.AWSHTTPSConnection object at 0x00000267026C6850>: Failed to establish a new connection: [Errno 11001] getaddrinfo failed

During handling of the above exception, another exception occurred:

Traceback (most recent call last):
  File "C:\Users\DELL\OneDrive\Desktop\crypto_ml_pr\myvenv\Lib\site-packages\botocore\endpoint.py", line 279, in _do_get_response
    http_response = self._send(request)
  File "C:\Users\DELL\OneDrive\Desktop\crypto_ml_pr\myvenv\Lib\site-packages\botocore\endpoint.py", line 383, in _send
    return self.http_session.send(request)
           ~~~~~~~~~~~~~~~~~~~~~~^^^^^^^^^
  File "C:\Users\DELL\OneDrive\Desktop\crypto_ml_pr\myvenv\Lib\site-packages\botocore\httpsession.py", line 506, in send
    raise EndpointConnectionError(endpoint_url=request.url, error=e)
botocore.exceptions.EndpointConnectionError: Could not connect to the endpoint URL: "https://tushar-crypto-ml-project-2026.s3.eu-north-1.amazonaws.com/model-registry%5Cmodel.pkl"
[ 2026-05-25 21:25:38,291 ] botocore.hooks - DEBUG - Event needs-retry.s3.PutObject: calling handler <function _update_status_code at 0x00000267019F4C20>
[ 2026-05-25 21:25:38,292 ] botocore.hooks - DEBUG - Event needs-retry.s3.PutObject: calling handler <botocore.retryhandler.RetryHandler object at 0x000002670247F4D0>
[ 2026-05-25 21:25:38,292 ] s3transfer.tasks - DEBUG - Exception raised.
Traceback (most recent call last):
  File "C:\Users\DELL\OneDrive\Desktop\crypto_ml_pr\myvenv\Lib\site-packages\urllib3\connection.py", line 174, in _new_conn
    conn = connection.create_connection(
        (self._dns_host, self.port), self.timeout, **extra_kw
    )
  File "C:\Users\DELL\OneDrive\Desktop\crypto_ml_pr\myvenv\Lib\site-packages\urllib3\util\connection.py", line 72, in create_connection
    for res in socket.getaddrinfo(host, port, family, socket.SOCK_STREAM):
               ~~~~~~~~~~~~~~~~~~^^^^^^^^^^^^^^^^^^^^^^^^^^^^^^^^^^^^^^^^
  File "C:\ProgramData\anaconda3\Lib\socket.py", line 977, in getaddrinfo
    for res in _socket.getaddrinfo(host, port, family, type, proto, flags):
               ~~~~~~~~~~~~~~~~~~~^^^^^^^^^^^^^^^^^^^^^^^^^^^^^^^^^^^^^^^^
socket.gaierror: [Errno 11001] getaddrinfo failed

During handling of the above exception, another exception occurred:

Traceback (most recent call last):
  File "C:\Users\DELL\OneDrive\Desktop\crypto_ml_pr\myvenv\Lib\site-packages\botocore\httpsession.py", line 477, in send
    urllib_response = conn.urlopen(
        method=request.method,
    ...<7 lines>...
        chunked=self._chunked(request.headers),
    )
  File "C:\Users\DELL\OneDrive\Desktop\crypto_ml_pr\myvenv\Lib\site-packages\urllib3\connectionpool.py", line 802, in urlopen
    retries = retries.increment(
        method, url, error=e, _pool=self, _stacktrace=sys.exc_info()[2]
    )
  File "C:\Users\DELL\OneDrive\Desktop\crypto_ml_pr\myvenv\Lib\site-packages\urllib3\util\retry.py", line 527, in increment
    raise six.reraise(type(error), error, _stacktrace)
          ~~~~~~~~~~~^^^^^^^^^^^^^^^^^^^^^^^^^^^^^^^^^
  File "C:\Users\DELL\OneDrive\Desktop\crypto_ml_pr\myvenv\Lib\site-packages\urllib3\packages\six.py", line 770, in reraise
    raise value
  File "C:\Users\DELL\OneDrive\Desktop\crypto_ml_pr\myvenv\Lib\site-packages\urllib3\connectionpool.py", line 716, in urlopen
    httplib_response = self._make_request(
        conn,
    ...<5 lines>...
        chunked=chunked,
    )
  File "C:\Users\DELL\OneDrive\Desktop\crypto_ml_pr\myvenv\Lib\site-packages\urllib3\connectionpool.py", line 404, in _make_request
    self._validate_conn(conn)
    ~~~~~~~~~~~~~~~~~~~^^^^^^
  File "C:\Users\DELL\OneDrive\Desktop\crypto_ml_pr\myvenv\Lib\site-packages\urllib3\connectionpool.py", line 1061, in _validate_conn
    conn.connect()
    ~~~~~~~~~~~~^^
  File "C:\Users\DELL\OneDrive\Desktop\crypto_ml_pr\myvenv\Lib\site-packages\urllib3\connection.py", line 363, in connect
    self.sock = conn = self._new_conn()
                       ~~~~~~~~~~~~~~^^
  File "C:\Users\DELL\OneDrive\Desktop\crypto_ml_pr\myvenv\Lib\site-packages\urllib3\connection.py", line 186, in _new_conn
    raise NewConnectionError(
        self, "Failed to establish a new connection: %s" % e
    )
urllib3.exceptions.NewConnectionError: <botocore.awsrequest.AWSHTTPSConnection object at 0x00000267026C6850>: Failed to establish a new connection: [Errno 11001] getaddrinfo failed

During handling of the above exception, another exception occurred:

Traceback (most recent call last):
  File "C:\Users\DELL\OneDrive\Desktop\crypto_ml_pr\myvenv\Lib\site-packages\s3transfer\tasks.py", line 142, in __call__
    return self._execute_main(kwargs)
           ~~~~~~~~~~~~~~~~~~^^^^^^^^
  File "C:\Users\DELL\OneDrive\Desktop\crypto_ml_pr\myvenv\Lib\site-packages\s3transfer\tasks.py", line 165, in _execute_main
    return_value = self._main(**kwargs)
  File "C:\Users\DELL\OneDrive\Desktop\crypto_ml_pr\myvenv\Lib\site-packages\s3transfer\upload.py", line 796, in _main
    client.put_object(Bucket=bucket, Key=key, Body=body, **extra_args)
    ~~~~~~~~~~~~~~~~~^^^^^^^^^^^^^^^^^^^^^^^^^^^^^^^^^^^^^^^^^^^^^^^^^
  File "C:\Users\DELL\OneDrive\Desktop\crypto_ml_pr\myvenv\Lib\site-packages\botocore\client.py", line 606, in _api_call
    return self._make_api_call(operation_name, kwargs)
           ~~~~~~~~~~~~~~~~~~~^^^^^^^^^^^^^^^^^^^^^^^^
  File "C:\Users\DELL\OneDrive\Desktop\crypto_ml_pr\myvenv\Lib\site-packages\botocore\context.py", line 123, in wrapper
    return func(*args, **kwargs)
  File "C:\Users\DELL\OneDrive\Desktop\crypto_ml_pr\myvenv\Lib\site-packages\botocore\client.py", line 1076, in _make_api_call
    http, parsed_response = self._make_request(
                            ~~~~~~~~~~~~~~~~~~^
        operation_model, request_dict, request_context
        ^^^^^^^^^^^^^^^^^^^^^^^^^^^^^^^^^^^^^^^^^^^^^^
    )
    ^
  File "C:\Users\DELL\OneDrive\Desktop\crypto_ml_pr\myvenv\Lib\site-packages\botocore\client.py", line 1100, in _make_request
    return self._endpoint.make_request(operation_model, request_dict)
           ~~~~~~~~~~~~~~~~~~~~~~~~~~~^^^^^^^^^^^^^^^^^^^^^^^^^^^^^^^
  File "C:\Users\DELL\OneDrive\Desktop\crypto_ml_pr\myvenv\Lib\site-packages\botocore\endpoint.py", line 119, in make_request
    return self._send_request(request_dict, operation_model)
           ~~~~~~~~~~~~~~~~~~^^^^^^^^^^^^^^^^^^^^^^^^^^^^^^^
  File "C:\Users\DELL\OneDrive\Desktop\crypto_ml_pr\myvenv\Lib\site-packages\botocore\endpoint.py", line 200, in _send_request
    while self._needs_retry(
          ~~~~~~~~~~~~~~~~~^
        attempts,
        ^^^^^^^^^
    ...<3 lines>...
        exception,
        ^^^^^^^^^^
    ):
    ^
  File "C:\Users\DELL\OneDrive\Desktop\crypto_ml_pr\myvenv\Lib\site-packages\botocore\endpoint.py", line 360, in _needs_retry
    responses = self._event_emitter.emit(
        event_name,
    ...<5 lines>...
        request_dict=request_dict,
    )
  File "C:\Users\DELL\OneDrive\Desktop\crypto_ml_pr\myvenv\Lib\site-packages\botocore\hooks.py", line 412, in emit
    return self._emitter.emit(aliased_event_name, **kwargs)
           ~~~~~~~~~~~~~~~~~~^^^^^^^^^^^^^^^^^^^^^^^^^^^^^^
  File "C:\Users\DELL\OneDrive\Desktop\crypto_ml_pr\myvenv\Lib\site-packages\botocore\hooks.py", line 256, in emit
    return self._emit(event_name, kwargs)
           ~~~~~~~~~~^^^^^^^^^^^^^^^^^^^^
  File "C:\Users\DELL\OneDrive\Desktop\crypto_ml_pr\myvenv\Lib\site-packages\botocore\hooks.py", line 239, in _emit
    response = handler(**kwargs)
  File "C:\Users\DELL\OneDrive\Desktop\crypto_ml_pr\myvenv\Lib\site-packages\botocore\retryhandler.py", line 207, in __call__
    if self._checker(**checker_kwargs):
       ~~~~~~~~~~~~~^^^^^^^^^^^^^^^^^^
  File "C:\Users\DELL\OneDrive\Desktop\crypto_ml_pr\myvenv\Lib\site-packages\botocore\retryhandler.py", line 284, in __call__
    should_retry = self._should_retry(
        attempt_number, response, caught_exception
    )
  File "C:\Users\DELL\OneDrive\Desktop\crypto_ml_pr\myvenv\Lib\site-packages\botocore\retryhandler.py", line 320, in _should_retry
    return self._checker(attempt_number, response, caught_exception)
           ~~~~~~~~~~~~~^^^^^^^^^^^^^^^^^^^^^^^^^^^^^^^^^^^^^^^^^^^^
  File "C:\Users\DELL\OneDrive\Desktop\crypto_ml_pr\myvenv\Lib\site-packages\botocore\retryhandler.py", line 363, in __call__
    checker_response = checker(
        attempt_number, response, caught_exception
    )
  File "C:\Users\DELL\OneDrive\Desktop\crypto_ml_pr\myvenv\Lib\site-packages\botocore\retryhandler.py", line 247, in __call__
    return self._check_caught_exception(
           ~~~~~~~~~~~~~~~~~~~~~~~~~~~~^
        attempt_number, caught_exception
        ^^^^^^^^^^^^^^^^^^^^^^^^^^^^^^^^
    )
    ^
  File "C:\Users\DELL\OneDrive\Desktop\crypto_ml_pr\myvenv\Lib\site-packages\botocore\retryhandler.py", line 416, in _check_caught_exception
    raise caught_exception
  File "C:\Users\DELL\OneDrive\Desktop\crypto_ml_pr\myvenv\Lib\site-packages\botocore\endpoint.py", line 279, in _do_get_response
    http_response = self._send(request)
  File "C:\Users\DELL\OneDrive\Desktop\crypto_ml_pr\myvenv\Lib\site-packages\botocore\endpoint.py", line 383, in _send
    return self.http_session.send(request)
           ~~~~~~~~~~~~~~~~~~~~~~^^^^^^^^^
  File "C:\Users\DELL\OneDrive\Desktop\crypto_ml_pr\myvenv\Lib\site-packages\botocore\httpsession.py", line 506, in send
    raise EndpointConnectionError(endpoint_url=request.url, error=e)
botocore.exceptions.EndpointConnectionError: Could not connect to the endpoint URL: "https://tushar-crypto-ml-project-2026.s3.eu-north-1.amazonaws.com/model-registry%5Cmodel.pkl"
[ 2026-05-25 21:25:38,312 ] s3transfer.utils - DEBUG - Releasing acquire 0/None
